03-06 07:27:59.763  1041 11891 W C02699/memmgrservice/MM: PsiHandlerInner level:0, skip.
03-06 07:27:59.763  1041 11891 E C02C02/PARAM: [param_manager.c:770]SystemReadParam failed!name is:resourceschedule.memmgr.low.memory.prepare,errNum is:106
03-06 07:27:59.969  1176  1773 W C02160/hiaiserver/RUNTIME: PrimaryContextRetain:286 Context incRef, count = 0x4
03-06 07:27:59.970  1176  1773 W C02160/hiaiserver/RUNTIME: PrimaryContextRelease:317 Context tryDecRef, count = 0x3, reset:0
03-06 07:28:00.001  1410  1634 I C01C42/time_service/TimeService: TK
03-06 07:28:00.001  1410  1634 W C01C42/time_service/TimeService: id:518829671 we:479981
03-06 07:28:00.001  1410  1634 I C01C42/time_service/TimeService: HandleRunningLock# time:2098540156, timerId:1094309543
03-06 07:28:00.003  1321 11825 I C01202/foundation/Unordered: Pid 1410 publish usual.event.TIME_TICK to -1 end(8,8,0,0)
03-06 07:28:00.004  1457  1637 I C02511/power_host/HDF_LOG_TAG: BL active,T=5
03-06 07:28:00.005  6420  6561 I C03942/com.ohos.formrenderservice/AceTextClock: [text_clock_pattern.cpp(860)-(100003:100003:scope)] Time is changed and clock updates
03-06 07:28:00.005  1805 11841 I C02900/powermgr/PowerLock: P=1410U=3819T=5N=timeServiceRunningLock_59160B=TA=AD
03-06 07:28:00.005  1805 11841 I C02908/powermgr/PowerRunningLock: Timerid=117,Ms=2098
03-06 07:28:00.006  1410  1634 I C01C42/time_service/TimeService: tick id:518829671 time:5527740
03-06 07:28:00.006  6420  6561 I C03942/com.ohos.formrenderservice/AceTextClock: [text_clock_pattern.cpp(424)-(100003:100003:scope)] newTime:07:28 nodeId:76
03-06 07:28:00.007  3809  3809 I A01A01/com.ohos.sceneboard/NC: StatusBarSysEventUtil: onTimeChangeEvent
03-06 07:28:00.007  3809  3809 I A01A00/com.ohos.sceneboard/SYS_UI: SysUI_BaseVM_: onTimeChangeEvent, need to update time, event: usual.event.TIME_TICK
03-06 07:28:00.007  6420  6561 I A03D00/com.ohos.formrenderservice/JSAPP: WeatherCardClockCardTag useOffsetFormat with form=1177970719,offset=999,type=0.
03-06 07:28:00.007  3809  3809 I A01A00/com.ohos.sceneboard/SYS_UI: SysUI_BaseVM_: onTimeChangeEvent, need to update time, event: usual.event.TIME_TICK
03-06 07:28:00.007  6420  6561 I A03D00/com.ohos.formrenderservice/JSAPP: WeatherCardClockCardTag drawStoke no need
03-06 07:28:00.007  6420  6561 W A03D00/com.ohos.formrenderservice/JSAPP: WeatherCardClockCardTag TextBuilder onDateChange with form=1177970719,clockTime=07:28
03-06 07:28:00.007  3809  3809 I A01A00/com.ohos.sceneboard/SYS_UI: SysUI_BaseVM_: onTimeChangeEvent, need to update time, event: usual.event.TIME_TICK
03-06 07:28:00.013  6420  6561 W C03937/com.ohos.formrenderservice/AceResource: [resource_adapter_impl_v2.cpp(716)-(100003:100003:scope)] Get double by name error, resName=sys.float.hms_material_style, errorCode=9001003, bundleName: com.huawei.hmsapp.totemweather, moduleName: product
03-06 07:28:00.013  6420  6561 I C03960/com.ohos.formrenderservice/HDS_EFFECT: [461]MaterialModel::CreateMaterial 100, 113, 10, 1, 0, 1, 1
03-06 07:28:00.014  6420  6561 W C03937/com.ohos.formrenderservice/AceResource: [resource_adapter_impl_v2.cpp(716)-(100003:100003:scope)] Get double by name error, resName=sys.float.hms_material_style, errorCode=9001003, bundleName: com.huawei.hmsapp.totemweather, moduleName: product
03-06 07:28:00.014  6420  6561 I C03960/com.ohos.formrenderservice/HDS_EFFECT: [461]MaterialModel::CreateMaterial 100, 113, 10, 1, 0, 1, 1
03-06 07:28:00.014  6420  6561 W C03937/com.ohos.formrenderservice/AceResource: [resource_adapter_impl_v2.cpp(716)-(100003:100003:scope)] Get double by name error, resName=sys.float.hms_material_style, errorCode=9001003, bundleName: com.huawei.hmsapp.totemweather, moduleName: product
03-06 07:28:00.014  6420  6561 I C03960/com.ohos.formrenderservice/HDS_EFFECT: [461]MaterialModel::CreateMaterial 100, 113, 10, 1, 0, 1, 1
03-06 07:28:00.015  6420  6561 W C03937/com.ohos.formrenderservice/AceResource: [resource_adapter_impl_v2.cpp(716)-(100003:100003:scope)] Get double by name error, resName=sys.float.hms_material_style, errorCode=9001003, bundleName: com.huawei.hmsapp.totemweather, moduleName: product
03-06 07:28:00.015  6420  6561 I C03960/com.ohos.formrenderservice/HDS_EFFECT: [461]MaterialModel::CreateMaterial 100, 113, 10, 1, 0, 1, 1
03-06 07:28:00.017  3809  3809 I A01B05/com.ohos.sceneboard/AOD: AodDateTimeModel: time = 07:28, date = 3月6日星期五, lunar = 正月廿九
03-06 07:28:00.018  3809  3809 I A01A01/com.ohos.sceneboard/NC: NotificationTimeVm: Update time text for __0_1018___1: 6 分钟前
03-06 07:28:00.018  3809  3809 I A01A01/com.ohos.sceneboard/NC: NotificationTimeVm: Update time text for __0_1018___0: 6 分钟前
03-06 07:28:00.018  3809  3809 I A01A01/com.ohos.sceneboard/NC: NotificationTimeVm: Update time text for __100_20020185_com.huawei.hmos.minorsprotection__6001: 34 分钟前
03-06 07:28:00.019  6420  6561 I C03960/com.ohos.formrenderservice/HDS_EFFECT: [1059]MaterialModel::TextMaterialDrawCallBack [0.000000, 0.000000, 0, 275.000000].
03-06 07:28:00.022  6420  6561 I C01406/com.ohos.formrenderservice/skia: Init w 162, h 234, f 7, alpha 2, useDMA 1
03-06 07:28:00.022  6420  6561 I C01400/com.ohos.formrenderservice/DDGR_OH: SetLimitSize bytes:0 Bytes
03-06 07:28:00.022  6420  6561 I C01400/com.ohos.formrenderservice/DDGR_OH: ProcLimitValue, max buffer cache:0 Bytes, max image cache:0 Bytes, max buffer cnt:5000, max image cnt:18446744073709546615
03-06 07:28:00.042  6420  6561 I C03960/com.ohos.formrenderservice/HDS_EFFECT: [1002]MaterialModel::TextMaterialDrawCallBackRstProc, 113, 1, 4, 1.
03-06 07:28:00.499  1457  2211 W C02943/power_host/ThermalHdi: Read node failed, title = bright_in
03-06 07:28:00.499  1457  2211 W C02943/power_host/ThermalHdi: Read node failed, title = bright_out
03-06 07:28:00.637  2509  2702 I C02D13/hdcd/HDC_LOG: [daemon.cpp:1143] FetchCommand channelId:0 command:5000
03-06 07:28:00.637  2509  2702 I C02D13/hdcd/HDC_LOG: [daemon.cpp:1164] recv heartbeat count is 80 for session 139******006(L:10)
03-06 07:28:00.637  2509  2702 I C02D13/hdcd/HDC_LOG: [session.cpp:1538] send heartbeat count is 80 and messages count is 101 for session 139******006(L:10)
03-06 07:28:00.850  8288  8756 W C01719/ard:ScreenLockEditUIExtAbility/ffrt: 90:WorkerStatus:482 2|20|9694,9825,9899,10012,10103,10247,10332,10568,10644,10834,10893,11005,11116,11246,11307,11418,11472,11592,11668,11820 3|13|9724,9896,10016,10181,10485,10627,10837,10919,11126,11295,11347,11518,11702
03-06 07:28:00.850  8288  8756 W C01719/ard:ScreenLockEditUIExtAbility/ffrt: 91:WorkerStatus:485 2|20|9345,9577,9694,9825,9899,10012,10103,10247,10332,10568,10644,10834,10893,11005,11116,11246,11307,11418,11472,11592 3|13|9511,9724,9896,10016,10181,10485,10627,10837,10919,11126,11295,11347,11518
03-06 07:28:00.975  1176  1773 W C02160/hiaiserver/RUNTIME: PrimaryContextRetain:286 Context incRef, count = 0x4
03-06 07:28:00.975  1176  1773 W C02160/hiaiserver/RUNTIME: PrimaryContextRelease:317 Context tryDecRef, count = 0x3, reset:0
03-06 07:28:01.376  6984  8143 I C02E15/device_activate_service/DEVICE_ACTIVATE_SERVICE: [initiate_manager.cpp(165)]WaitOobeReady, retry after 3000 milliseconds
03-06 07:28:01.438  1321  8367 I C05302/foundation/HistogramService: HandleKeepAlive: bundleName=com.ohos.sceneboard
03-06 07:28:01.438  1321  8367 I C05302/foundation/histogramStatisticsRecorder: SetAppAliveStatus: name=com.ohos.sceneboard, alive=1
03-06 07:28:01.438  1321  8367 I C05302/foundation/histogramStatisticsRecorder: UpdateHeartbeatTime: name=com.ohos.sceneboard, time=421420556875
03-06 07:28:01.899  1741 11691 E C02F18/security_guard/SECURITY_AUDIT_Service: Get HasDefaultNet ret:0 Net Status: 0
03-06 07:28:01.980  1176  1773 W C02160/hiaiserver/RUNTIME: PrimaryContextRetain:286 Context incRef, count = 0x4
03-06 07:28:01.980  1176  1773 W C02160/hiaiserver/RUNTIME: PrimaryContextRelease:317 Context tryDecRef, count = 0x3, reset:0
03-06 07:28:02.000  1410  1634 W C01C42/time_service/TimeService: uid:20020028 id:1094309543 wk:1
03-06 07:28:02.000  1410  1634 W C01C42/time_service/TimeService: id:1094309543 we:481981
03-06 07:28:02.000  1410  1634 W C01C42/time_service/TimeService: t2 481981 bt:421982
03-06 07:28:02.000  1410  1634 W C01C42/time_service/TimeService: t3 479981
03-06 07:28:02.001  1321 11404 I C01202/foundation/Unordered: Pid 1410 publish common.event.TIMER_TRIGGER to -1 end(0,0,0,0)
03-06 07:28:02.002  1805 11841 I C02908/powermgr/PowerRunningLock: L N=timeServiceRunningLock_59160
03-06 07:28:02.002  1805 11841 W C02908/powermgr/PowerRunningLock: RLT exist,unregistId=117
03-06 07:28:02.002  1805 11841 I C02908/powermgr/PowerRunningLock: Timerid=118,Ms=1000
03-06 07:28:02.004  3809  3809 I A01B05/com.ohos.sceneboard/AOD: AodTimerUtil: aod timer update now: 5527682004
03-06 07:28:02.005  3809  3809 I A01B05/com.ohos.sceneboard/AOD: AodUpdateClockTask: Update clock is into Aod: false
03-06 07:28:02.005  3809  3809 I A01B05/com.ohos.sceneboard/AOD: AodTaskModule: Current task queue: AodUpdateClockTask
03-06 07:28:02.007  1457  1637 I C02511/power_host/HDF_LOG_TAG: BL active,T=65
03-06 07:28:02.008  1805  1805 I C02900/powermgr/PowerLock: P=3809U=20020028T=65N=aodTask_21033B=com.ohos.sceneboardTA=AD
03-06 07:28:02.008  1805  1805 I C02908/powermgr/PowerRunningLock: Timerid=119,Ms=60000
03-06 07:28:02.009  3809  3809 I A01B05/com.ohos.sceneboard/AOD: AodTaskModule: lockRes = 0, task = AodUpdateClockTask
03-06 07:28:02.009  3809  3809 I A01B05/com.ohos.sceneboard/AOD: AodTaskModule: Run AodUpdateClockTask begin
03-06 07:28:02.009  3809  3809 I A01B05/com.ohos.sceneboard/AOD: AodViewController: Refresh begin
03-06 07:28:02.010  3809  3809 I A01B05/com.ohos.sceneboard/AOD: AodViewController: isVisible is already false
03-06 07:28:02.012  3809  3809 I A01B05/com.ohos.sceneboard/AOD: AodViewController: Show aod view
03-06 07:28:02.013  3809  5015 E C04388/com.ohos.sceneboard/file_api: [prop_n_exporter.cpp:313->operator()] Accesscore finish ret -2
03-06 07:28:02.014  3809  3809 E A01B06/com.ohos.sceneboard/KG: CommonUtil: loadImageFromDisk error
03-06 07:28:02.015  3809  3809 I A01B05/com.ohos.sceneboard/AOD: AodViewController: loadAnimImage enter
03-06 07:28:02.037  3809  4923 E C02B60/com.ohos.sceneboard/VpeUtils: GetColorSpaceInfo GetMetadata failed, return value is 50007000
03-06 07:28:02.037  3809  4923 I C02B61/com.ohos.sceneboard/ImageSource: CreatePixelMap success, id:5527682016130,dSize:(0,0),srcSize: (1075,622),dHdr:1,sHdr:1,memType: 4,cost 20583 us
03-06 07:28:02.039  3809  3809 I A01B06/com.ohos.sceneboard/KG: CommonUtil: loadImageFromDisk success PixelBytes: 2674600
03-06 07:28:02.040  3809  3809 I A01B05/com.ohos.sceneboard/AOD: AodViewController: animImageWidth: 1080, animImageHeight: 624
03-06 07:28:02.043  3809  3809 W A01B01/com.ohos.sceneboard/HOME: ContextModifyUtils: modifyTargetContext from:AodViewController-initPreference oldArea:1 and newArea:0 and needRecovery:true
03-06 07:28:02.043  3809  4923 I C03F05/com.ohos.sceneboard/NAPI: taskpool::Task Allocation: 1456634173, 1, 07:28:02.043
03-06 07:28:02.044  3809  3967 I C03F05/com.ohos.sceneboard/NAPI: taskpool:: max:13, create:1, total:1
03-06 07:28:02.044  3809  3809 W A01B01/com.ohos.sceneboard/HOME: ContextModifyUtils: modifyGlobalContext finsh from:AodViewController-initPreference finsh
03-06 07:28:02.044  3809 11921 I C01653/com.ohos.sceneboard/NativePreferences: XmlReadFile: file:/***/el1/***/AodS***nfig, m:0.
03-06 07:28:02.044  3809  4923 I C03F00/com.ohos.sceneboard/ArkCompiler: [pgo] initializing pgo profiler, pgo is disabled, worker is enabled, profiler: 0
03-06 07:28:02.052  3809  4923 I C03F01/com.ohos.sceneboard/NAPI: [ArkNativeEngine] Created, id 11
03-06 07:28:02.052  3809  4923 I C03301/com.ohos.sceneboard/LIBUV: init:5968
03-06 07:28:02.053  3809  4923 I C03301/com.ohos.sceneboard/LIBUV: init:5968, backend_fd:36
03-06 07:28:02.053  3809  4923 I C03301/com.ohos.sceneboard/LIBUV: open:5968, pipefd[0]:83
03-06 07:28:02.053  3809  4923 E C03F00/com.ohos.sceneboard/ArkEtsVm: [nodict]ani: Cannot attach current thread, reached the limit of EAWorkers
03-06 07:28:02.055  3809  3809 I A01B05/com.ohos.sceneboard/AOD: AodDateTimeModel: time = 07:28, date = 3月6日星期五, lunar = 正月廿九
03-06 07:28:02.056  3809  4923 I C03900/com.ohos.sceneboard/Ace: [jsi_declarative_engine.cpp(683)-(-1:100000:singleton)] preload js enums in PreloadAceModuleWorker
03-06 07:28:02.057  1457  1637 I C02926/power_host/BatteryInfo: GetConfigByPath(/sys/class/hw_power/power_ui/icon_type) exit, value:1
03-06 07:28:02.057  3809  3809 I A01B00/com.ohos.sceneboard/SCB: PerformanceReporter: Enter calledScene:16, currentMemScene:24
03-06 07:28:02.058  3809  3809 I A01B05/com.ohos.sceneboard/AOD: ComponentUtil: Set Component(ComponentId-AodClock) draw observer
03-06 07:28:02.058  3809  3809 I A01B05/com.ohos.sceneboard/AOD: ComponentUtil: Set Component(ComponentId-AodClockNumber) draw observer
03-06 07:28:02.059  3809  3809 I A01B05/com.ohos.sceneboard/AOD: ComponentUtil: Set Component(ComponentId-AodAnimation) draw observer
03-06 07:28:02.059  3809  3809 I A01B05/com.ohos.sceneboard/AOD: AodViewController: Refresh end
03-06 07:28:02.059  3809  3809 I A01B05/com.ohos.sceneboard/AOD: ComponentUtil: Waiting for component(ComponentId-AodClock) drawing to complete.
03-06 07:28:02.062  3809  3809 I A01B05/com.ohos.sceneboard/AOD: AodViewDigitalClock: About to appear
03-06 07:28:02.062  3809  3809 I A01B05/com.ohos.sceneboard/AOD: AodViewDigitalClock: digitalClockParam : {"textColor":"#FFFFFF","fontFamily":"HarmonyOS-Sans","timeWidth":144,"timeHeight":232,"colonImageWidth":72,"timeFontSize":232,"imagePosition":3,"clockArrange":0,"foreGround":1,"dateFontSize":56,"isTimeVisible":true,"isDateVisible":true,"isNotificationVisible":true,"multiLayerOffsets":[0,0],"isHalfFoldStatus":false,"backgroundWidth":0,"backgroundHeight":0,"animationParam":{"isAnimationEnable":true,"animImageWidth":1080,"animImageHeight":624,"animImageSrc":{}},"numberImages":[]}
03-06 07:28:02.063  3809  4923 I C01321/com.ohos.sceneboard/JsRuntime: [JRC80]debug mode is 1, debug app is 0
03-06 07:28:02.063  3809  4923 I C01321/com.ohos.sceneboard/JsRuntime: [JRC83]Create instanceId is 5296
03-06 07:28:02.063  3809  4923 W C01321/com.ohos.sceneboard/JsRuntime: [CSM256]not Connected
03-06 07:28:02.063  3809  4923 W C01321/com.ohos.sceneboard/JsRuntime: [CSM161]not Connected
03-06 07:28:02.063  3809  4923 I C03F00/com.ohos.sceneboard/ArkCompiler: [ecmascript] JSNApi::NotifyDebugMode, tid = 5296, debugApp = 0, isDebugMode = 0, instanceId = 5296
03-06 07:28:02.065  3809  3809 I A01B05/com.ohos.sceneboard/AOD: AodClockNumber: About to appear
03-06 07:28:02.066  3809  3809 I A01B05/com.ohos.sceneboard/AOD: AodClockNumber: About to appear, rotation = 0, isPreviewPage = false
03-06 07:28:02.070  3809  3809 I A01B05/com.ohos.sceneboard/AOD: AodDigitalClockArea: About to appear
03-06 07:28:02.073  3809  3809 I A01B05/com.ohos.sceneboard/AOD: AodBaseImage: About to appear
03-06 07:28:02.077  3809  3809 I A01B05/com.ohos.sceneboard/AOD: AodLocalBackground: About to appear
03-06 07:28:02.077  3809  3809 I A01B05/com.ohos.sceneboard/AOD: AodLocalBackground: width:0 height:0
03-06 07:28:02.079  3809  3809 I A01B05/com.ohos.sceneboard/AOD: AodNotification: About to appear
03-06 07:28:02.079  3809  3809 I A01B05/com.ohos.sceneboard/AOD: AodNotification: Notification count = 0
03-06 07:28:02.087  1457  1637 I C02926/power_host/BatteryInfo: GetConfigByPath(/sys/class/hw_power/power_ui/icon_type) exit, value:1
03-06 07:28:02.087  3809  3809 I A01B05/com.ohos.sceneboard/AOD: AodBatteryIcon --> About to appear, batterySoc: 73, batteryCharging: true, chargerType: 1
03-06 07:28:02.089  3809  3809 I A01B05/com.ohos.sceneboard/AOD: AodNotificationIcon: About to appear
03-06 07:28:02.090  3809  3809 I A01B05/com.ohos.sceneboard/AOD: AodAnimation: About to appear
03-06 07:28:02.094  1141 11682 E C01720/resource_schedule_service/SmartGC: [a92ab7588216f37 0 0][ExitGCPauseSceneInner]ExitGCPauseSceneInner 422054 422076
03-06 07:28:02.099  3809  3809 I A01B00/com.ohos.sceneboard/SCB: TaskpoolUtil: task sequenceExecute
03-06 07:28:02.099  3809  3809 I A01B00/com.ohos.sceneboard/SCB: TaskpoolUtil: task sequenceExecute finally
03-06 07:28:02.100  3809  3809 I A01B05/com.ohos.sceneboard/AOD: ComponentUtil: Component(ComponentId-AodClockNumber) draw complete.
03-06 07:28:02.100  3809  3809 I A01B05/com.ohos.sceneboard/AOD: ComponentUtil: Component(ComponentId-AodClock) draw complete.
03-06 07:28:02.100  3809  3809 I A01B05/com.ohos.sceneboard/AOD: ComponentUtil: Component(ComponentId-AodAnimation) draw complete.
03-06 07:28:02.201  3809  3809 I A01B05/com.ohos.sceneboard/AOD: AodViewController: get snapshot by componentSnapshot: ComponentId-AodClock, false, false
03-06 07:28:02.202  3809  3809 I C03907/com.ohos.sceneboard/AceComponentSnapshot: [component_snapshot.cpp(425)-(100000:100000:scope)] Get ComponentSnapshot options={1.000000, true, {Localized, -1.000000, -1.000000, -1.000000, -1.000000}, {ColorSpace: 4}, {DynamicRangeMode: 2}} Id=4474 Depth=41 Tag=Column imageCount=1 checkImage=1 RsNodeId=16359530432014
03-06 07:28:02.202  3809  3809 W C01406/com.ohos.sceneboard/RSNode: OffScreenIsSync SetTakeSurfaceForUIFlag AddCommand be processed. nodeId: [16359530432014], IsRenderServiceNode: [true]
03-06 07:28:02.202  3809  3809 W C01406/com.ohos.sceneboard/OHOS::RS: OffScreenIsSync RSTransactionData::Marshalling, nodeId:[16359530432014] start
03-06 07:28:02.202  3809  3809 W C01406/com.ohos.sceneboard/OHOS::RS: OffScreenIsSync RSTransactionData::Marshalling, nodeId:[16359530432014] success
03-06 07:28:02.202  1892  2355 W C01406/render_service/OHOS::RS: OffScreenIsSync RSTransactionData::UnmarshallingCmd finished, cmdSize: [1], nodeId:[16359530432014]
03-06 07:28:02.204  1892  1892 I C01406/render_service/RSRenderPipelineAgent: TakeSurfaceCaptureForUiParallel nodeId:[16359530432014], issync:true
03-06 07:28:02.213  1892  2398 I C01406/render_service/skia: RSUiCaptureTaskParallel::Capture nodeId:[16359530432014]
03-06 07:28:02.213  1892  2398 I C01406/render_service/RSMainThread: GetMaxGpuBufferSize: start query GPU buffer size limits
03-06 07:28:02.213  1892  2398 I C01406/render_service/skia: QueryMaxGpuBufferSize: RenderContextVK::QueryMaxGpuBufferSize: using Vulkan backend
03-06 07:28:02.213  1892  2398 I C01406/render_service/skia: QueryMaxGpuBufferSize: RenderContextVK::QueryMaxGpuBufferSize: Vulkan max image dimension = <private>
03-06 07:28:02.217  1892  2398 I C01406/render_service/skia: RSUiCaptureTaskParallel::Run: NodeId: [16359530432014], the number of total processedNodes: [17]; ExistCapturePixelMapOP: false; colorspace[4, 0], dynamicRange[2, 0], finalIsHdr[0]
03-06 07:28:02.243  1892  2954 W C01406/render_service/skia: RSUiCaptureTaskParallel::CreateSurfaceSyncCopyTask pixelmap is transparent. nodeId:[16359530432014]
03-06 07:28:02.243  1892  2954 I C01406/render_service/skia: RSUiCaptureTaskParallel::Capture capture success nodeId:[16359530432014], pixelMap width: 1064, height: 496, colorspace:4, format:3
03-06 07:28:02.244  3809  5578 I C03907/com.ohos.sceneboard/AceComponentSnapshot: [component_snapshot.cpp(122)-(-1:100000:singleton)] ComponentSnapshot successful! pixelMap.width=1064 pixelMap.height=496
03-06 07:28:02.244  3809  3809 I A01B05/com.ohos.sceneboard/AOD: AodViewController: get snapshot: ComponentId-AodClock end
03-06 07:28:02.275  3809  3809 I C04700/com.ohos.sceneboard/AodNapi: JSUpdateAod# JSUpdateAod: enter
03-06 07:28:02.275  3809  3809 I C04700/com.ohos.sceneboard/AodNapi: SetAsyncCallback# JSUpdateAod: end
03-06 07:28:02.277  8480  8582 I C04700/aod_service/AodUtils: Unmarshalling# image type:0, w:496, h:1064, format:3, allocatorType:2
03-06 07:28:02.277  8480  8582 I C04700/aod_service/AodService: Update# AOD Service Update Begin.
03-06 07:28:02.277  8480  8582 I C04700/aod_service/AodService: Update# update image info type:0, count:1.
03-06 07:28:02.280  8480  8582 I C04700/aod_service/AodALGO: InPremultiply# InPremultiply
03-06 07:28:02.290  2107  2763 I C02930/batterycare_service/BCS/Base/Work: [1566][PostEvent:65]: DCR: 1970-03-06 07:28:02/Inner_UpdateEvent
03-06 07:28:02.290  2107  2763 I C02930/batterycare_service/BCS/Base/Work: [1567][PostEvent:65]: NightChargeAi: 1970-03-06 07:28:02/Inner_UpdateEvent
03-06 07:28:02.290  2107  2762 E C02930/batterycare_service/BCS/Base/File: [1568][IsFileExist:65]:file /data/service/el1/public/batterycare_service/mock/enable is invalid in IsFileExist
03-06 07:28:02.293  1456  1625 I C02925/battery_extra_host/power_hidl: [PowerHidlExeGetState]: ExeGetState type=vbat, index=22, value=4190100
03-06 07:28:02.293  1456  1625 I C02925/battery_extra_host/power_hidl: , ret=0
03-06 07:28:02.293  2107  2762 E C02930/batterycare_service/BCS/Base/File: [1569][IsFileExist:65]:file /data/service/el1/public/batterycare_service/mock/enable is invalid in IsFileExist
03-06 07:28:02.300  8480  8582 I C04700/aod_service/AodALGO: DimmingAlgo# Dim image param, ks:0.588235, max:1.000000
03-06 07:28:02.314  8480  8582 I C04700/aod_service/AodALGO: DimImage# dstMat is CV_8UC4, using directly
03-06 07:28:02.320  8480  8582 I C04700/aod_service/AodALGO: CreateDimPixelMap# dimPixelMap pixelFormat:3, alphaType:2, width:496, height:1064
03-06 07:28:02.320  8480  8582 I C04700/aod_service/AodService: SavePixelMapInfo# PixelMap: isDarken:1, w: 496, h: 1064, length: 2110976
03-06 07:28:02.320  8480  8582 I C04700/aod_service/AodService: UpdateTimeInfo# time: AodTimeInfo{timeZone: 480, currentTime: 0, secondTimeZone: 480, isDualClock: 0, timeFormat: 1}
03-06 07:28:02.320  8480  8582 I C04700/aod_service/AodDevice: DoIoctlAodBeginUpdate# DoIoctlAodBeginUpdate mFileDescriptor is 8
03-06 07:28:02.321  8480  8582 I C04700/aod_service/AodDevice: DoIoctlSetTimeRect# DoIoctlSetTimeRect fd is 8 mDualClock:0 dual_clocks:0 display_space_count:10
03-06 07:28:02.321  8480  8582 I C04700/aod_service/AodDevice: DoIoctlSetTimeInfo# DoIoctlSetTimeInfo fd is 8 curr_time:0 time_zone:480 sec_time_zone:480 time_format:1 color_style:0
03-06 07:28:02.322  8480  8582 I C04700/aod_service/AodService: DoIoctlAodUpdateNotificationBuffer# DoIoctlAodUpdateNotificationBuffer Begin.
03-06 07:28:02.322  8480  8582 I C04700/aod_service/AodDma: Write# Write fd: 60
03-06 07:28:02.326  8480  8582 I C04700/aod_service/AodDma: Write# 0x5b89c87000:  00000000 00000000 00000000 00000000 00000000 00000000 00000000 00000000
03-06 07:28:02.326  8480  8582 I C04700/aod_service/AodDevice: DoIoctlAodUpdateTimeRect# DoIoctlAodUpdateTimeRect ACTION_CLOCK_REFRESH begin.
03-06 07:28:02.326  8480  8582 I C04700/aod_service/AodDevice: DoIoctlAodUpdateTimeRect# DoIoctlAodUpdateTimeRect timeFreshRangeOffset=300.
03-06 07:28:02.326  8480  8582 I C04700/aod_service/AodDevice: DoIoctlAodUpdateTimeRect# DoIoctlAodUpdateTimeRect x_start:264, y_start:207, x_size:232, y_size:144.
03-06 07:28:02.326  8480  8582 I C04700/aod_service/AodDevice: DoIoctlAodUpdateTimeRect# DoIoctlAodUpdateTimeRect x_start:264, y_start:351, x_size:232, y_size:144.
03-06 07:28:02.326  8480  8582 I C04700/aod_service/AodDevice: DoIoctlAodUpdateTimeRect# DoIoctlAodUpdateTimeRect x_start:264, y_start:567, x_size:232, y_size:144.
03-06 07:28:02.326  8480  8582 I C04700/aod_service/AodDevice: DoIoctlAodUpdateTimeRect# DoIoctlAodUpdateTimeRect x_start:264, y_start:711, x_size:232, y_size:144.
03-06 07:28:02.326  8480  8582 I C04700/aod_service/AodDevice: DoIoctlAodEndUpdate# DoIoctlAodEndUpdate mFileDescriptor is <private>, aod_type is <private>, time:5527682
03-06 07:28:02.327  3809  4923 I C04700/com.ohos.sceneboard/AodNapi: operator()# SetPromise exec callback ret: 0
03-06 07:28:02.328  3809  3809 I A01B05/com.ohos.sceneboard/AOD: AodLayerProvider: Release image 0, length: 1
03-06 07:28:02.328  3809  3809 I A01B05/com.ohos.sceneboard/AOD: AodViewController: Hide aod view
03-06 07:28:02.328  3809  3809 I A01B00/com.ohos.sceneboard/SCB: PerformanceReporter: exitScene:16, currentMemScene:8
03-06 07:28:02.329  3809  3809 I A01B05/com.ohos.sceneboard/AOD: AodTaskModule: Run AodUpdateClockTask end
03-06 07:28:02.329  3809  3809 I A01B05/com.ohos.sceneboard/AOD: AodTaskModule: Current task queue: 
03-06 07:28:02.329  1805 11841 I C02908/powermgr/PowerRunningLock: timer exist,unregistId=119
03-06 07:28:02.329  1457  1637 I C02511/power_host/HDF_LOG_TAG: BL inactive,T=65
03-06 07:28:02.330  1805 11841 I C02900/powermgr/PowerLock: P=3809U=20020028T=65N=aodTask_21033B=com.ohos.sceneboardTA=RE
03-06 07:28:02.330  3809  3809 I A01B05/com.ohos.sceneboard/AOD: AodTaskModule: unlockRes = 0, task = undefined
03-06 07:28:02.331  3809  3809 I A01B05/com.ohos.sceneboard/AOD: AodNotification: Notification bottom offset = 
03-06 07:28:02.346  3809  3809 I A01B05/com.ohos.sceneboard/AOD: AodViewDigitalClock: About to disappear
03-06 07:28:02.350  3809  3809 I A01B05/com.ohos.sceneboard/AOD: AodDigitalClockArea: About to disappear
03-06 07:28:02.350  3809  3809 I A01B05/com.ohos.sceneboard/AOD: AodBaseImage: About to disappear
03-06 07:28:02.353  3809  3809 I A01B05/com.ohos.sceneboard/AOD: AodBatteryIcon --> About to disappear
03-06 07:28:02.354  3809  3809 I A01B05/com.ohos.sceneboard/AOD: AodNotification: About to disappear
03-06 07:28:02.354  3809  3809 I A01B05/com.ohos.sceneboard/AOD: AodLocalBackground: About to disappear
03-06 07:28:02.355  3809  3809 I A01B05/com.ohos.sceneboard/AOD: AodAnimation: About to disappear
03-06 07:28:02.355  3809  3809 I A01B05/com.ohos.sceneboard/AOD: AodNotificationIcon: About to disappear
03-06 07:28:02.372  5794  5824 I C02925/bms_behavior/bms_behavior: [WaitConditionStatus]: runState = 1, cvStatus = 1 
03-06 07:28:02.378  5794  5829 I C02925/bms_behavior/bms_behavior: [WaitConditionStatus]: runState = 1, cvStatus = 1 
03-06 07:28:02.391  5794  5824 E C02925/bms_behavior/bms_file: [BmsFileReadBuffer]: file /sys/class/hw_power/coul/coul_data/rbatt is invalid
03-06 07:28:02.392  5794  5824 E C02925/bms_behavior/bms_file: [BmsFileReadBuffer]: file /sys/class/hw_power/bat_heating/heat_up is invalid
03-06 07:28:02.395  5794  5829 E C02925/bms_behavior/bms_file: [BmsFileReadBuffer]: file /sys/class/hw_power/coul/coul_data/rbatt is invalid
03-06 07:28:02.395  5794  5829 E C02925/bms_behavior/bms_file: [BmsFileReadBuffer]: file /sys/class/hw_power/bat_heating/heat_up is invalid
03-06 07:28:02.398  5794  5833 I C02925/bms_behavior/bms_behavior: [WaitConditionStatus]: runState = 1, cvStatus = 1 
03-06 07:28:02.404  5794  5824 I C02925/bms_behavior/bms_behavior: [Monitor]: monitor interval count 79, name: battery_gauge
03-06 07:28:02.407  5794  5829 I C02925/bms_behavior/bms_behavior: [Monitor]: monitor interval count 79, name: battery_gauge_aux
03-06 07:28:02.415  5794  5833 E C02925/bms_behavior/bms_file: [BmsFileReadBuffer]: file /sys/class/hw_power/coul/coul_data/rbatt is invalid
03-06 07:28:02.416  5794  5833 E C02925/bms_behavior/bms_file: [BmsFileReadBuffer]: file /sys/class/hw_power/bat_heating/heat_up is invalid
03-06 07:28:02.426  5794  5833 I C02925/bms_behavior/bms_behavior: [Monitor]: monitor interval count 79, name: Battery
03-06 07:28:02.494  8984  9014 W C01719/com.ohos.contactsdataability/ffrt: 7:WorkerStatus:482 3|13|9816,9915,10054,10272,10575,10678,10891,11026,11250,11341,11483,11636,11901
03-06 07:28:02.495  8984  9014 W C01719/com.ohos.contactsdataability/ffrt: 8:WorkerStatus:485 3|13|9282,9605,9816,9915,10054,10272,10575,10678,10891,11026,11250,11341,11483
03-06 07:28:02.630  1321 11747 I C01120/foundation/BMS: execute begin app_provision_info
03-06 07:28:02.655   733 11606 I C02D15/hiview/XPower: [task_138]#ThermalDaemon:switch model0
03-06 07:28:02.656   733 11606 I C02D15/hiview/XPower: [task_138]#HighTempMonitor: Record Start
03-06 07:28:02.657   733 11606 W C02D15/hiview/XPower: [task_138]#ThermalDaemon:can't find type [Battery], return INVALID_TEMP
03-06 07:28:02.671   733 11606 E C01651/hiview/datashare_result_set: GoToRow: pos oor 271, 271
03-06 07:28:02.674   733 11606 W C02D15/hiview/XPower: [task_138]#ThermalHandler gnssWorkType 0 is invalid, state is 3!
03-06 07:28:02.677   733 11606 E C02D15/hiview/XPower: [task_138]#HighTempMonitor: no camera data found
03-06 07:28:02.678   733 11606 I C01650/hiview/Config: Log:Error(284) aut***tic index on lat***(for***und) 
03-06 07:28:02.678   733 11258 E C02D15/hiview/XPower: [task_138]#HighTempMonitor: no Window data found
03-06 07:28:02.867  1321  1371 I C05302/foundation/HistogramService: HandleKeepAlive: bundleName=com.ohos.contactsdataability
03-06 07:28:02.867  1321  1371 I C05302/foundation/histogramStatisticsRecorder: SetAppAliveStatus: name=com.ohos.contactsdataability, alive=1
03-06 07:28:02.867  1321  1371 I C05302/foundation/histogramStatisticsRecorder: UpdateHeartbeatTime: name=com.ohos.contactsdataability, time=422849369688
03-06 07:28:02.910   733  6071 I C02D10/hiview/HiView-EventLoop: RemoveEvent: remove task seq=412891318750
03-06 07:28:02.988  1176  1773 W C02160/hiaiserver/RUNTIME: PrimaryContextRetain:286 Context incRef, count = 0x4
03-06 07:28:02.988  1176  1773 W C02160/hiaiserver/RUNTIME: PrimaryContextRelease:317 Context tryDecRef, count = 0x3, reset:0
03-06 07:28:03.002  1805  2664 I C02908/powermgr/PowerRunningLock: timer exist,unregistId=118
03-06 07:28:03.002  1805  2664 I C02900/powermgr/PowerLock: P=1410U=3819T=5N=timeServiceRunningLock_59160B=TA=UP
03-06 07:28:03.003  1457  1637 I C02511/power_host/HDF_LOG_TAG: BL inactive,T=5
03-06 07:28:03.003  1805  2664 I C02900/powermgr/PowerLock: P=1410U=3819T=5N=timeServiceRunningLock_59160B=TA=RE
03-06 07:28:03.654   733 11258 W C02D15/hiview/XPower: [task_138]#record top temp [wifiSignalLevel] failed, wifiSignalLevel is [-1]
03-06 07:28:03.710  2509 11648 W C02D13/hdcd/HDC_LOG: [file_descriptor.cpp:121] FileIOOnThread select rc = 0, timeout.
03-06 07:28:03.990  1176  1773 W C02160/hiaiserver/RUNTIME: PrimaryContextRetain:286 Context incRef, count = 0x4
03-06 07:28:03.990  1176  1773 W C02160/hiaiserver/RUNTIME: PrimaryContextRelease:317 Context tryDecRef, count = 0x3, reset:0
03-06 07:28:04.183  4061  4061 I C00501/com.huawei.hms.pafservice/Settings: n_g_v_sync
03-06 07:28:04.183  4061  4061 I C00501/com.huawei.hms.pafservice/Settings: str : global
03-06 07:28:04.184  4061  4061 I C00501/com.huawei.hms.pafservice/Settings: Get key: device_provisioned
03-06 07:28:04.185  4061  4061 I C00501/com.huawei.hms.pafservice/Settings: u_c
03-06 07:28:04.193  4061  4061 I C00501/com.huawei.hms.pafservice/Settings: numRows 1, error code 0
03-06 07:28:04.193  4061  4061 I C00501/com.huawei.hms.pafservice/Settings: n_g_v_e 0******
03-06 07:28:04.194  4061  4061 I C00501/com.huawei.hms.pafservice/Settings: n_g_v_sync
03-06 07:28:04.194  4061  4061 I C00501/com.huawei.hms.pafservice/Settings: str : secure
03-06 07:28:04.194  4061  4061 I C00501/com.huawei.hms.pafservice/Settings: Get key: user_setup_complete
03-06 07:28:04.195  4061  4061 I C00501/com.huawei.hms.pafservice/Settings: u_c
03-06 07:28:04.200  4061  4061 I C00501/com.huawei.hms.pafservice/Settings: numRows 1, error code 0
03-06 07:28:04.201  4061  4061 I C00501/com.huawei.hms.pafservice/Settings: n_g_v_e 0******
03-06 07:28:04.201  4061  4061 I C00501/com.huawei.hms.pafservice/Settings: n_g_v_sync
03-06 07:28:04.201  4061  4061 I C00501/com.huawei.hms.pafservice/Settings: str : secure
03-06 07:28:04.202  4061  4061 I C00501/com.huawei.hms.pafservice/Settings: Get key: is_ota_finished
03-06 07:28:04.202  4061  4061 I C00501/com.huawei.hms.pafservice/Settings: u_c
03-06 07:28:04.206  4061  4061 I C00501/com.huawei.hms.pafservice/Settings: numRows 0, error code 0
03-06 07:28:04.210  4061  4061 I A06666/com.huawei.hms.pafservice/PAFHSP: OOBEStatusManager device 0, user 0, ota 1
03-06 07:28:04.210  4061  4061 I A06666/com.huawei.hms.pafservice/PAFHSP: OOBEStatusManager OOBE isOOBEFinished function = false
03-06 07:28:04.386  6984  8143 I C02E15/device_activate_service/DEVICE_ACTIVATE_SERVICE: [initiate_manager.cpp(165)]WaitOobeReady, retry after 3000 milliseconds
03-06 07:28:04.994  1176  1773 W C02160/hiaiserver/RUNTIME: PrimaryContextRetain:286 Context incRef, count = 0x4
03-06 07:28:04.995  1176  1773 W C02160/hiaiserver/RUNTIME: PrimaryContextRelease:317 Context tryDecRef, count = 0x3, reset:0
03-06 07:28:05.368  1682  1682 I C05B01/tlogcat/teeos: index: 6367: cpu0/01622:   03/06 07:28:04.354 [apm_service] [INFO] 427:>>>apm_measure: begin, uuid=3ec8f65f-830c-4ad9-98dc-604e3b7156c3, mspc_level=0x0
03-06 07:28:05.368  1682  1682 I C05BFE/tlogcat/teeos-platdrv_64: index: 6368: cpu0/01622:   03/06 07:28:04.354 [platdrv_64-12] [INFO] 257:crypto_core_power_on: in, vote_id: 0xd
03-06 07:28:05.368  1682  1682 I C05BFE/tlogcat/teeos-platdrv_64: index: 6369: cpu0/01622:   03/06 07:28:04.355 [platdrv_64-12] [INFO] 283:crypto_core_power_on: out, vote_id: 0xd
03-06 07:28:05.368  1682  1682 I C05B01/tlogcat/teeos: index: 6370: cpu0/01622:   03/06 07:28:04.356 [apm_service] [INFO] 119:coresight trace
03-06 07:28:05.368  1682  1682 I C05BFE/tlogcat/teeos-platdrv_64: index: 6371: cpu0/01622:   03/06 07:28:04.358 [platdrv_64-12] [INFO] 444:crypto_core_power_off_timeout: in, vote_id: 0xd
03-06 07:28:05.368  1682  1682 I C05BFE/tlogcat/teeos-platdrv_64: index: 6372: cpu0/01622:   03/06 07:28:04.358 [platdrv_64-12] [INFO] 341:crypto_core_power_off_ctrl: in
03-06 07:28:05.368  1682  1682 I C05BFE/tlogcat/teeos-platdrv_64: index: 6373: cpu0/01622:   03/06 07:28:04.358 [platdrv_64-12] [INFO] 375:crypto_core_power_off_ctrl: out, start timer: 437 689523740
03-06 07:28:05.369  1682  1682 I C05BFE/tlogcat/teeos-platdrv_64: index: 6374: cpu0/01622:   03/06 07:28:04.358 [platdrv_64-12] [INFO] 483:crypto_core_power_off_timeout: out, vote_id: 0xd
03-06 07:28:05.369  1682  1682 I C05B01/tlogcat/teeos: index: 6375: cpu0/01622:   03/06 07:28:04.358 [apm_service] [INFO] 450:>>>apm_measure: end, uuid=3ec8f65f-830c-4ad9-98dc-604e3b7156c3, mspc_level=0x0
03-06 07:28:05.369  1682  1682 I C05BFE/tlogcat/teeos-platdrv_64: index: 6376: cpu0/00121:   03/06 07:28:04.368 [platdrv_64-63] [INFO] 293:crypto_core_timer_handler: in
03-06 07:28:05.369  1682  1682 I C05BFE/tlogcat/teeos-platdrv_64: index: 6377: cpu0/00121:   03/06 07:28:04.369 [platdrv_64-63] [INFO] 307:crypto_core_timer_handler: out
03-06 07:28:05.578  1457  2211 W C02943/power_host/ThermalHdi: Read node failed, title = bright_in
03-06 07:28:05.579  1457  2211 W C02943/power_host/ThermalHdi: Read node failed, title = bright_out
03-06 07:28:05.637  2509  2702 I C02D13/hdcd/HDC_LOG: [daemon.cpp:1143] FetchCommand channelId:0 command:5000
03-06 07:28:05.637  2509  2702 I C02D13/hdcd/HDC_LOG: [daemon.cpp:1164] recv heartbeat count is 81 for session 139******006(L:10)
03-06 07:28:05.637  2509  2702 I C02D13/hdcd/HDC_LOG: [session.cpp:1538] send heartbeat count is 81 and messages count is 102 for session 139******006(L:10)
03-06 07:28:06.000  1176  1773 W C02160/hiaiserver/RUNTIME: PrimaryContextRetain:286 Context incRef, count = 0x4
03-06 07:28:06.000  1176  1773 W C02160/hiaiserver/RUNTIME: PrimaryContextRelease:317 Context tryDecRef, count = 0x3, reset:0
03-06 07:28:06.442   733  1438 E C02DA0/hiview/CauseResolverManager: OnFileDescriptorEvent: File is not /data/hisi_logs/hisi_diaginfo.log
03-06 07:28:06.446 11651 11651 W C02160/model_run_tool_internal/RUNTIME: ModelCmdExec:266 notify recv thread, modelId 0, taskId 32678
03-06 07:28:06.446 11651 11651 E C02160/model_run_tool_internal/RUNTIME: ModelExecute:127 DirectEngine Model Execute failed: modelId = 0 payload:streamId=65535 taskId=65535 errCode=0x30
03-06 07:28:06.446 11651 11651 E C02160/model_run_tool_internal/RUNTIME: rtClientExecuteModel:51 modelId = 0 execute error, errno = 0x56080030
03-06 07:28:06.446 11651 11651 E A0FFFF/model_run_tool_internal/AI_NPUCL: npu_graph_executor_client.cc Execute(451)::"rtModelExecute failed: rtRet=0x0x56080030"
03-06 07:28:06.446 11651 11651 W A0FFFF/model_run_tool_internal/AI_NPUCL: npu_graph_executor_client.cc SerializeMemRegion(265)::"npu_graph_exec: input len=1204256, addr: 0x4ee0bc000"
03-06 07:28:06.446 11651 11651 W A0FFFF/model_run_tool_internal/AI_NPUCL: npu_graph_executor_client.cc SerializeMemRegion(279)::"npu_graph_exec: output len=524320, addr: 0x4ee1e2200"
03-06 07:28:06.450  1176  1176 W C02151/hiaiserver/LOGLIMIT: 2443 line(s) dropped in a second! from time: 1970-03-06 07:27:37.004 to time: 1970-03-06 07:27:38.004
03-06 07:28:06.450  1176  1176 W C02151/hiaiserver/AI_NPUCL: npu_graph_executor_service_report_bbox.cc UnSerializeExecErrorInfo(64)::"modelExecErrorInfo_ modelid 0, modelExecErrorInfo.modelName split_internvit_v6_exclude_conv_int8_8, modelExecErrorInfo.processName ./model_run_tool_internal"
03-06 07:28:06.451  1176  1176 W C02160/hiaiserver/RUNTIME: TaskDumpReport:155 modelId=0, strmId=65535, taskId=65535, err=0x56080030
03-06 07:28:06.451  1176  1176 E C02160/hiaiserver/RUNTIME: TaskDumpReport:159 it is global excp, not need to dump report
03-06 07:28:06.451  1176  1176 W C02151/hiaiserver/AI_NPUCL: npu_graph_executor_om.cc ExecuteInfoDump(1980)::"modelName=split_internvit_v6_exclude_conv_int8_8, modelId = 0,flowtable size: 5157088, flowtable client addr:: 0x504415000, flowtable server addr: 0x5b43d0b000,args size: 100048, args client addr:: 0x50493c600, args server addr: 0x5b44232600,kernelBin size: 214272, kernelBin client addr:: 0x504908100, kernelBin server addr: 0x5b441fe100"
03-06 07:28:06.451  1176  1176 W C02151/hiaiserver/AI_NPUCL: graph_executor_mem_area.cc Dump(79)::"npu_graph_exec feature map: type=2 isAllocated=0 size=40979968 client addr 0x4ee263000 server addr 0x4ee263000"
03-06 07:28:06.451  1176  1176 W C02151/hiaiserver/AI_NPUCL: graph_executor_mem_area.cc Dump(79)::"npu_graph_exec weights : type=2 isAllocated=0 size=319479808 client addr 0x4f0a63000 server addr 0x4f0a63000"
03-06 07:28:06.451  1176  1176 W C02151/hiaiserver/AI_NPUCL: npu_graph_executor_kernelbin_mgmt.cc dump(272)::"kernelBin: [stubName=executor_four2five_nchw2nc1hwc0_fp162fp16 kernelSize=9728 magic =0xABCEED50, kernelbin execute addr is 0x504908100]"
03-06 07:28:06.451  1176  1176 W C02151/hiaiserver/AI_NPUCL: npu_graph_executor_kernelbin_mgmt.cc dump(272)::"kernelBin: [stubName=executor_conv_fp16_tiling4_cutHCi_fp16out kernelSize=7168 magic =0xABCEED50, kernelbin execute addr is 0x50490a700]"
03-06 07:28:06.452  1176  1176 W C02151/hiaiserver/AI_NPUCL: npu_graph_executor_kernelbin_mgmt.cc dump(272)::"kernelBin: [stubName=executor_five2four_nc1hwc02nchw_small_hw_fp162fp16 kernelSize=2560 magic =0xABCEED50, kernelbin execute addr is 0x50490c300]"
03-06 07:28:06.452  1176  1176 W C02151/hiaiserver/AI_NPUCL: npu_graph_executor_kernelbin_mgmt.cc dump(272)::"kernelBin: [stubName=executor_permute_multiple_row_loop_twobyte kernelSize=5120 magic =0xABCEED50, kernelbin execute addr is 0x50490cd00]"
03-06 07:28:06.452  1176  1176 W C02151/hiaiserver/AI_NPUCL: npu_graph_executor_kernelbin_mgmt.cc dump(272)::"kernelBin: [stubName=executor_concat_nd kernelSize=768 magic =0xABCEED50, kernelbin execute addr is 0x50490e100]"
03-06 07:28:06.452  1176  1176 W C02151/hiaiserver/AI_NPUCL: npu_graph_executor_kernelbin_mgmt.cc dump(272)::"kernelBin: [stubName=executor_add_eltwise_half_nd kernelSize=6656 magic =0xABCEED50, kernelbin execute addr is 0x50490e400]"
03-06 07:28:06.452  1176  1176 W C02151/hiaiserver/AI_NPUCL: npu_graph_executor_kernelbin_mgmt.cc dump(272)::"kernelBin: [stubName=executor_layernorm_last_dim_nd kernelSize=1280 magic =0xABCEED50, kernelbin execute addr is 0x50490fe00]"
03-06 07:28:06.452  1176  1176 W C02151/hiaiserver/AI_NPUCL: npu_graph_executor_kernelbin_mgmt.cc dump(272)::"kernelBin: [stubName=te_staticquant_gen_05c20ed30f48b50099e7627f47351dd0d648648b754fd048703a9142008630ba_1__kernel0 kernelSize=8960 magic =0x43554245, kernelbin execute addr is 0x504910300]"
03-06 07:28:06.452  1176  1176 W C02151/hiaiserver/AI_NPUCL: npu_graph_executor_kernelbin_mgmt.cc dump(272)::"kernelBin: [stubName=te_quantbatchmatmulv3_eff_4afdfda20e6eda6431b1ad3e541e7ba2a18839f3e3363d68b0821526164e26f0_1__kernel0 kernelSize=9728 magic =0x43554245, kernelbin execute addr is 0x504912600]"
03-06 07:28:06.452  1176  1176 W C02151/hiaiserver/AI_NPUCL: npu_graph_executor_kernelbin_mgmt.cc dump(272)::"kernelBin: [stubName=executor_add_ch_broadcast_half_nd kernelSize=20992 magic =0xABCEED50, kernelbin execute addr is 0x504914c00]"
03-06 07:28:06.452  1176  1176 W C02151/hiaiserver/AI_NPUCL: npu_graph_executor_kernelbin_mgmt.cc dump(272)::"kernelBin: [stubName=executor_gather_any_axis kernelSize=1280 magic =0xABCEED50, kernelbin execute addr is 0x504919e00]"
03-06 07:28:06.452  1176  1176 W C02151/hiaiserver/AI_NPUCL: npu_graph_executor_kernelbin_mgmt.cc dump(272)::"kernelBin: [stubName=executor_strided_slice_2byte kernelSize=7936 magic =0xABCEED50, kernelbin execute addr is 0x50491a300]"
03-06 07:28:06.452  1176  1176 W C02151/hiaiserver/AI_NPUCL: npu_graph_executor_kernelbin_mgmt.cc dump(272)::"kernelBin: [stubName=executor_mul_scalar_half_nd kernelSize=2816 magic =0xABCEED50, kernelbin execute addr is 0x50491c200]"
03-06 07:28:06.452  1176  1176 W C02151/hiaiserver/AI_NPUCL: npu_graph_executor_kernelbin_mgmt.cc dump(272)::"kernelBin: [stubName=te_matmulv2_gen_1d904565fdde3db2a5027c89d3782fb2d1e8d1f5633d7d7f7ae75c10aed45050_1__kernel0 kernelSize=6400 magic =0x43554245, kernelbin execute addr is 0x50491cd00]"
03-06 07:28:06.452  1176  1176 W C02151/hiaiserver/AI_NPUCL: npu_graph_executor_kernelbin_mgmt.cc dump(272)::"kernelBin: [stubName=executor_softmax_nd_h_tiling0_last_reduce_fp16 kernelSize=6656 magic =0xABCEED50, kernelbin execute addr is 0x50491e600]"
03-06 07:28:06.452  1176  1176 W C02151/hiaiserver/AI_NPUCL: npu_graph_executor_kernelbin_mgmt.cc dump(272)::"kernelBin: [stubName=te_matmulv2_gen_9c449a4952bd674b6428e54ef7bc8559622f8bda806f72c5b099cbb7ca0b38ab_1__kernel0 kernelSize=6656 magic =0x43554245, kernelbin execute addr is 0x504920000]"
03-06 07:28:06.452  1176  1176 W C02151/hiaiserver/AI_NPUCL: npu_graph_executor_kernelbin_mgmt.cc dump(272)::"kernelBin: [stubName=executor_reshape_nd kernelSize=512 magic =0xABCEED50, kernelbin execute addr is 0x504921a00]"
03-06 07:28:06.452  1176  1176 W C02151/hiaiserver/AI_NPUCL: npu_graph_executor_kernelbin_mgmt.cc dump(272)::"kernelBin: [stubName=executor_mul_ch_broadcast_half_nd kernelSize=20992 magic =0xABCEED50, kernelbin execute addr is 0x504921c00]"
03-06 07:28:06.452  1176  1176 W C02151/hiaiserver/AI_NPUCL: npu_graph_executor_kernelbin_mgmt.cc dump(272)::"kernelBin: [stubName=te_quantbatchmatmulv3_eff_9e7ff2d21a120c167929c2cd54a9a1211e2094978f08cf4cfb49838318a2898a_1__kernel0 kernelSize=9216 magic =0x43554245, kernelbin execute addr is 0x504926e00]"
03-06 07:28:06.452  1176  1176 W C02151/hiaiserver/AI_NPUCL: npu_graph_executor_kernelbin_mgmt.cc dump(272)::"kernelBin: [stubName=executor_gelu_half_nd kernelSize=1024 magic =0xABCEED50, kernelbin execute addr is 0x504929200]"
03-06 07:28:06.452  1176  1176 W C02151/hiaiserver/AI_NPUCL: npu_graph_executor_kernelbin_mgmt.cc dump(272)::"kernelBin: [stubName=te_staticquant_gen_8ef82b3cd9b471691fc63680838166170969ed5e10c748a02ea2aec059d485da_1__kernel0 kernelSize=6912 magic =0x43554245, kernelbin execute addr is 0x504929600]"
03-06 07:28:06.452  1176  1176 W C02151/hiaiserver/AI_NPUCL: npu_graph_executor_kernelbin_mgmt.cc dump(272)::"kernelBin: [stubName=te_quantbatchmatmulv3_eff_045d75d7e34ffb069f2afcf2e0af05be9a193c2e3c89d3f180f17982e384ee1b_1__kernel0 kernelSize=11776 magic =0x43554245, kernelbin execute addr is 0x50492b100]"
03-06 07:28:06.452  1176  1176 W C02151/hiaiserver/AI_NPUCL: npu_graph_executor_kernelbin_mgmt.cc dump(272)::"kernelBin: [stubName=te_quantbatchmatmulv3_eff_6aa2182c3b41258c115369e8f1267697fe2a300d8710c9266bb8e1e71b54d5d6_1__kernel0 kernelSize=8448 magic =0x43554245, kernelbin execute addr is 0x50492df00]"
03-06 07:28:06.452  1176  1176 W C02151/hiaiserver/AI_NPUCL: npu_graph_executor_kernelbin_mgmt.cc dump(272)::"kernelBin: [stubName=executor_permute_0213_single_col_loop_twobyte kernelSize=6400 magic =0xABCEED50, kernelbin execute addr is 0x504930000]"
03-06 07:28:06.452  1176  1176 W C02151/hiaiserver/AI_NPUCL: npu_graph_executor_kernelbin_mgmt.cc dump(272)::"kernelBin: [stubName=te_layernormv4_gen_3735f6a370ea7f84e9f8476d374dfee3cd251abb971e892d0995723ea596b4b0_1__kernel0 kernelSize=7424 magic =0x43554245, kernelbin execute addr is 0x504931900]"
03-06 07:28:06.452  1176  1176 W C02151/hiaiserver/AI_NPUCL: npu_graph_executor_kernelbin_mgmt.cc dump(272)::"kernelBin: [stubName=te_staticquant_gen_3dbf221f72773c9c4e9b7bcd4af45cb936db50ec6e69acf41ab482d7c52c4f05_1__kernel0 kernelSize=8960 magic =0x43554245, kernelbin execute addr is 0x504933600]"
03-06 07:28:06.452  1176  1176 W C02151/hiaiserver/AI_NPUCL: npu_graph_executor_kernelbin_mgmt.cc dump(272)::"kernelBin: [stubName=te_quantbatchmatmulv3_eff_d5a97e43ef7bf2019a3eadddf4b2d7ef53b51383f64b4c352cd6a052f73a0b4a_1__kernel0 kernelSize=10752 magic =0x43554245, kernelbin execute addr is 0x504935900]"
03-06 07:28:06.452  1176  1176 W C02151/hiaiserver/AI_NPUCL: npu_graph_executor_kernelbin_mgmt.cc dump(272)::"kernelBin: [stubName=te_staticquant_gen_f2913bf2276be27d80167dfed15635e143042a73aaef063b6a178d666ca1fe08_1__kernel0 kernelSize=8960 magic =0x43554245, kernelbin execute addr is 0x504938300]"
03-06 07:28:06.452  1176  1176 W C02151/hiaiserver/AI_NPUCL: npu_graph_executor_kernelbin_mgmt.cc dump(272)::"kernelBin: [stubName=te_quantbatchmatmulv3_eff_9782daee9361d28fb4685738af4a2228afc9e2b96b5bac655625a4cb2dd35440_1__kernel0 kernelSize=8192 magic =0x43554245, kernelbin execute addr is 0x50493a600]"
03-06 07:28:06.452  1176  1176 W C02151/hiaiserver/AI_NPUCL: npu_graph_executor_om.cc ExecuteInfoDump(1989)::"npu_graph_exec runtimeParam: " "memory_size=42709504" input_output_size=1729536" weight_size=319479808"
03-06 07:28:06.452  1176  1176 W C02151/hiaiserver/AI_NPUCL: npu_dump_manager.cc DumpGraphExecutorBinary(1088)::"DumpGraphExecutorBinary pathPrefix /data/vendor/hiai/dump/execute/"
03-06 07:28:06.452  1176  1176 W C02151/hiaiserver/AI_NPUCL: npucl_dump_binary.h DumpBinaryFile(19)::"dump /data/vendor/hiai/dump/execute/weight begin, addr 0x4f0a63000, size 319479808"
03-06 07:28:06.459  1176  1176 E C02151/hiaiserver/AI_NPUCL: npucl_dump_binary.h DumpBinaryFile(23)::"write op output file failed"
03-06 07:28:06.459  1176  1176 W C02151/hiaiserver/AI_NPUCL: npucl_dump_binary.h DumpBinaryFile(19)::"dump /data/vendor/hiai/dump/execute/flowtable begin, addr 0x5b43d0b000, size 5157088"
03-06 07:28:06.474   733  6071 I C02D10/hiview/CpuCollector: CalculateProcessCpuStatInfos: startTime=5527676355, endTime=5527686474, startBootTime=416337, endBootTime=426456, period=10119, isNeedUpdate=1
03-06 07:28:06.474  1176  1176 W C02151/hiaiserver/AI_NPUCL: npucl_dump_binary.h DumpBinaryFile(19)::"dump /data/vendor/hiai/dump/execute/args begin, addr 0x5b44232600, size 100048"
03-06 07:28:06.476  1176  1176 W C02151/hiaiserver/AI_NPUCL: npu_dump_manager.cc DumpGraphExecutorBinary(1100)::" kernel stubName [executor_four2five_nchw2nc1hwc0_fp162fp16], kernelbin addr is [0x5b441fe100]"
03-06 07:28:06.476  1176  1176 W C02151/hiaiserver/AI_NPUCL: npucl_dump_binary.h DumpBinaryFile(19)::"dump /data/vendor/hiai/dump/execute/executor_four2five_nchw2nc1hwc0_fp162fp16 begin, addr 0x5b441fe100, size 9728"
03-06 07:28:06.476  1176  1176 W C02151/hiaiserver/AI_NPUCL: npu_dump_manager.cc DumpGraphExecutorBinary(1100)::" kernel stubName [executor_conv_fp16_tiling4_cutHCi_fp16out], kernelbin addr is [0x5b44200700]"
03-06 07:28:06.476  1176  1176 W C02151/hiaiserver/AI_NPUCL: npucl_dump_binary.h DumpBinaryFile(19)::"dump /data/vendor/hiai/dump/execute/executor_conv_fp16_tiling4_cutHCi_fp16out begin, addr 0x5b44200700, size 7168"
03-06 07:28:06.476  1176  1176 W C02151/hiaiserver/AI_NPUCL: npu_dump_manager.cc DumpGraphExecutorBinary(1100)::" kernel stubName [executor_five2four_nc1hwc02nchw_small_hw_fp162fp16], kernelbin addr is [0x5b44202300]"
03-06 07:28:06.476  1176  1176 W C02151/hiaiserver/AI_NPUCL: npucl_dump_binary.h DumpBinaryFile(19)::"dump /data/vendor/hiai/dump/execute/executor_five2four_nc1hwc02nchw_small_hw_fp162fp16 begin, addr 0x5b44202300, size 2560"
03-06 07:28:06.476  1176  1176 W C02151/hiaiserver/AI_NPUCL: npu_dump_manager.cc DumpGraphExecutorBinary(1100)::" kernel stubName [executor_permute_multiple_row_loop_twobyte], kernelbin addr is [0x5b44202d00]"
03-06 07:28:06.476  1176  1176 W C02151/hiaiserver/AI_NPUCL: npucl_dump_binary.h DumpBinaryFile(19)::"dump /data/vendor/hiai/dump/execute/executor_permute_multiple_row_loop_twobyte begin, addr 0x5b44202d00, size 5120"
03-06 07:28:06.476  1176  1176 W C02151/hiaiserver/AI_NPUCL: npu_dump_manager.cc DumpGraphExecutorBinary(1100)::" kernel stubName [executor_concat_nd], kernelbin addr is [0x5b44204100]"
03-06 07:28:06.476  1176  1176 W C02151/hiaiserver/AI_NPUCL: npucl_dump_binary.h DumpBinaryFile(19)::"dump /data/vendor/hiai/dump/execute/executor_concat_nd begin, addr 0x5b44204100, size 768"
03-06 07:28:06.476  1176  1176 W C02151/hiaiserver/AI_NPUCL: npu_dump_manager.cc DumpGraphExecutorBinary(1100)::" kernel stubName [executor_add_eltwise_half_nd], kernelbin addr is [0x5b44204400]"
03-06 07:28:06.476  1176  1176 W C02151/hiaiserver/AI_NPUCL: npucl_dump_binary.h DumpBinaryFile(19)::"dump /data/vendor/hiai/dump/execute/executor_add_eltwise_half_nd begin, addr 0x5b44204400, size 6656"
03-06 07:28:06.477  1176  1176 W C02151/hiaiserver/AI_NPUCL: npu_dump_manager.cc DumpGraphExecutorBinary(1100)::" kernel stubName [executor_layernorm_last_dim_nd], kernelbin addr is [0x5b44205e00]"
03-06 07:28:06.477  1176  1176 W C02151/hiaiserver/AI_NPUCL: npucl_dump_binary.h DumpBinaryFile(19)::"dump /data/vendor/hiai/dump/execute/executor_layernorm_last_dim_nd begin, addr 0x5b44205e00, size 1280"
