03-06 07:21:06.425     0     0 I I00000/HiLog: ========Zeroth log of type: init
03-06 07:21:06.421   696   696 I I02C01/hmos_cust_carrier_mount/CustCarrierMount: MountCarrierToShared start
03-06 07:21:06.421   696   696 I I02C01/hmos_cust_carrier_mount/CustCarrierMount: success to mount carrier to shared
03-06 07:21:06.421   696   696 I I02C01/hmos_cust_carrier_mount/CustCarrierMount: MountCarrierToShared start
03-06 07:21:06.421   696   696 I I02C01/hmos_cust_carrier_mount/CustCarrierMount: success to mount ANCO_APP_DATA to shared
03-06 07:21:08.342  1179  1179 I I04301/light_sensor/LIGHT_SENSOR: AlsGetDetailInfo readBytes = 14, readBuff = A040C04020A89
03-06 07:21:08.739  1361  1361 I I02C01/hmos_cust_carrier_mount/CustCarrierMount: UpdateCotaOpkeyLink start
03-06 07:21:08.739  1361  1361 W I02C01/hmos_cust_carrier_mount/CustCarrierMount: not exsit CUST_GLOBAL_CARRIER_DIR or COTA_PARAM_CARRIER_DIR
03-06 07:21:08.846  1179  1179 I I04301/light_sensor/LIGHT_SENSOR: AlsGetDetailInfo readBytes = 14, readBuff = A040C04020A89
03-06 07:21:09.351  1179  1179 I I04301/light_sensor/LIGHT_SENSOR: AlsGetDetailInfo readBytes = 14, readBuff = A040C04020A89
03-06 07:21:09.406  1361  1361 I I02C01/hmos_cust_carrier_mount/CustCarrierMount: success to update cota carrier
03-06 07:21:09.854  1179  1179 I I04301/light_sensor/LIGHT_SENSOR: AlsGetDetailInfo readBytes = 14, readBuff = A040C04020A89
03-06 07:21:10.358  1179  1179 I I04301/light_sensor/LIGHT_SENSOR: AlsGetDetailInfo readBytes = 17, readBuff = 800A040C04020A89
03-06 07:21:10.358  1179  1179 I I04301/light_sensor/LIGHT_SENSOR: AlsJudgeUnderTpCaliInit: als under tp cali para init succ
03-06 07:21:10.358  1179  1179 I I04301/light_sensor/LIGHT_SENSOR: AlsGetSpecifyXmlFileName phone_type = 137
03-06 07:21:10.359  1179  1179 I I04301/light_sensor/LIGHT_SENSOR: readBuff is huawei,als_s006001
03-06 07:21:10.359  1179  1179 I I04301/light_sensor/LIGHT_SENSOR: , strlen(readBuff) 19
03-06 07:21:10.362  1179  1179 E I04301/light_sensor/LIGHT_SENSOR: AlsSensorParaParse Get als_para xml fail
03-06 07:21:10.362  1179  1179 I I04301/light_sensor/LIGHT_SENSOR: AlsGetDetailInfo readBytes = 17, readBuff = 800F250C04020A89
03-06 07:21:10.362  1179  1179 I I04301/light_sensor/LIGHT_SENSOR: AlsJudgeUnderTpCaliInit: als under tp cali para init succ
03-06 07:21:10.362  1179  1179 I I04301/light_sensor/LIGHT_SENSOR: AlsGetSpecifyXmlFileName phone_type = 137
03-06 07:21:10.362  1179  1179 I I04301/light_sensor/LIGHT_SENSOR: readBuff is huawei,als1_s001007
03-06 07:21:10.362  1179  1179 I I04301/light_sensor/LIGHT_SENSOR: , strlen(readBuff) 20
03-06 07:21:10.363  1179  1179 E I04301/light_sensor/LIGHT_SENSOR: AlsSensorParaParse Get als_para xml fail
03-06 07:27:33.672 11651 11651 I A0FFFF/model_run_tool_internal/HIAI_DDK_MSG: hiai_foundation_dl_helper.c HIAI_Foundation_Init(53)::"init hiai foundation success."
03-06 07:27:33.680 11651 11651 I A0FFFF/model_run_tool_internal/interface_test:: hiai|framework|HIAI_GetVersion|63
03-06 07:27:33.680 11651 11651 I A0FFFF/model_run_tool_internal/HIAI_DDK_MSG: hiai_plugin_version.c HIAI_MR_GetVersion(104)::"version is 109.633.120.010"
03-06 07:27:33.680 11651 11651 I A0FFFF/model_run_tool_internal/PROFILING_TOOL: command_param_proc.cpp ValidateInputFiles(142)::"input file: /data/local/tmp/internvl_om_compare/inputs/000000018463_pixel_values_fp32.bin"
03-06 07:27:33.682 11651 11651 I A0FFFF/model_run_tool_internal/PROFILING_TOOL: hiai_maint_wrapper.cpp HiAiMaintWrapper(51)::"Create Maint client success."
03-06 07:27:33.688 11651 11651 I A0FFFF/model_run_tool_internal/AI_FMK: rpc_request_client.cpp Init(146)::"init success"
03-06 07:27:33.690 11651 11651 I A0FFFF/model_run_tool_internal/PROFILING_TOOL: hiai_maint_wrapper.cpp EnableProcessing(163)::"Dump mode configStr: client_tid=11651:model_names=split_internvit_v6_exclude_conv_int8_8:open_pmu=0."
03-06 07:27:33.690 11651 11651 I A0FFFF/model_run_tool_internal/AI_INFRA: om.cpp HandlePendingEvents(249)::"events: 1, listeners: 0, 0"
03-06 07:27:34.103  4061  4061 I A06666/com.huawei.hms.pafservice/PAFHSP: OOBEStatusManager device 0, user 0, ota 1
03-06 07:27:34.103  4061  4061 I A06666/com.huawei.hms.pafservice/PAFHSP: OOBEStatusManager OOBE isOOBEFinished function = false
03-06 07:27:34.130 11651 11651 I A0FFFF/model_run_tool_internal/HIAI_DDK_MSG: MembufferUtil.cpp InputMemBufferCreate(123)::"new InputMemBufferCreate from file success"
03-06 07:27:34.130 11651 11651 I A0FFFF/model_run_tool_internal/PROFILING_TOOL: model_run_tool.cpp LoadModelLegacy(323)::"InputMemBufferCreate success."
03-06 07:27:34.130 11651 11651 I A0FFFF/model_run_tool_internal/HIAI_DDK_MSG: model_manager_impl.cpp CreateModelManager(525)::"DDK pipe is HCL."
03-06 07:27:34.130 11651 11651 I A0FFFF/model_run_tool_internal/HIAI_DDK_MSG: hiai_model_runtime_repo.c ModelRuntimeRepo_TryRestore(161)::"DDK version is beta."
03-06 07:27:34.137 11651 11651 I A0FFFF/model_run_tool_internal/AI_INFRA: om.cpp HandlePendingEvents(249)::"events: 1, listeners: 1, 0"
03-06 07:27:34.137 11651 11651 I A0FFFF/model_run_tool_internal/AI_FMK: npu_om_comm.cpp HandleConfigs(42)::"handle name: client, value: true"
03-06 07:27:34.137 11651 11651 I A0FFFF/model_run_tool_internal/AI_FMK: npu_om_comm.cpp HandleConfigs(42)::"handle name: client_tid, value: 11651"
03-06 07:27:34.137 11651 11651 I A0FFFF/model_run_tool_internal/AI_FMK: npu_om_comm.cpp HandleConfigs(42)::"handle name: model_names, value: split_internvit_v6_exclude_conv_int8_8"
03-06 07:27:34.137 11651 11651 I A0FFFF/model_run_tool_internal/AI_FMK: npu_om_comm.cpp HandleConfigs(42)::"handle name: open_pmu, value: 0"
03-06 07:27:34.137 11651 11651 I A0FFFF/model_run_tool_internal/AI_FMK: npu_om_comm.cpp HandleOmEvent(56)::"handle pid: 11651, type: 2, configs: 4."
03-06 07:27:34.137 11651 11651 I A0FFFF/model_run_tool_internal/AI_FMK: dump_handler.cpp Handle(29)::"DumpHandler event type: 2"
03-06 07:27:34.156 11651 11651 I A0FFFF/model_run_tool_internal/AI_NPUCL: npucl_om.cc NpuclEventListener(44)::"NpuclEventListener register."
03-06 07:27:34.156 11651 11651 I A0FFFF/model_run_tool_internal/AI_INFRA: om.cpp HandlePendingEvents(249)::"events: 1, listeners: 2, 0"
03-06 07:27:34.156 11651 11651 I A0FFFF/model_run_tool_internal/AI_NPUCL: npucl_om.cc HandleEvent(23)::"OM HandleEvent In handle."
03-06 07:27:34.156 11651 11651 W A0FFFF/model_run_tool_internal/AI_NPUCL: npucl_om.cc HandleEvent(38)::"npucl log level after handle: 0."
03-06 07:27:34.169 11651 11651 I A0FFFF/model_run_tool_internal/AI_NPUCL: npu_graph_executor_client_context.cc SetInitializeFlag(90)::"NN direct initialized"
03-06 07:27:34.169 11651 11651 I A0FFFF/model_run_tool_internal/AI_NPUCL: npu_compiled_target.cc IsNewVersion(419)::"IsNewVersion: result [TRUE]."
03-06 07:27:34.169 11651 11651 I A0FFFF/model_run_tool_internal/AI_NPUCL: npu_compiled_target.cc IsVaild(302)::"NPUCompiledTarget is vaild Check Start."
03-06 07:27:34.169 11651 11651 I A0FFFF/model_run_tool_internal/AI_NPUCL: npu_compiled_target.cc IsVaild(323)::"No Encyption buffer."
03-06 07:27:34.189 11651 11651 I A0FFFF/model_run_tool_internal/AI_NPUCL: npu_compiled_target.cc UnSerializeModelTask(207)::"TASK_INFO op_size:2, stream_num:1"
03-06 07:27:34.189 11651 11651 I A0FFFF/model_run_tool_internal/AI_NPUCL: npu_compiled_target.cc GetNpuEncrypt(451)::"Get NPU Encrypt handler SUCCESS."
03-06 07:27:34.189 11651 11651 I A0FFFF/model_run_tool_internal/AI_FMK: general_compiled_model.cpp ParseWeightsInfo(293)::"Do not have WEIGHT_INFO partition"
03-06 07:27:34.189 11651 11651 I A0FFFF/model_run_tool_internal/AI_FMK: general_compiled_model.cpp operator()(726)::"isContainKernelBin is true."
03-06 07:27:34.189 11651 11651 I A0FFFF/model_run_tool_internal/AI_NPUCL: npu_compatible_helper_util.cc CheckCompatibilityUtil(139)::"CheckCompatibility: compiledTarget contains bin section, do not check kernel CompatibleInfo"
03-06 07:27:34.189 11651 11651 I A0FFFF/model_run_tool_internal/AI_FMK: hcl_built_model_impl.cpp GetUpdataStatus(409)::"Check model update flag:1."
03-06 07:27:34.190 11651 11651 I A0FFFF/model_run_tool_internal/AI_FMK: hcl_model_executor_impl.cpp ConstructHook(289)::"GeneralModelExecutor::InitHook success"
03-06 07:27:34.190 11651 11651 I A0FFFF/model_run_tool_internal/AI_FMK: compiled_model_utils.cpp operator()(568)::"graph op name: SubGraph_0, weight size: 319479808, variable offset: 0."
03-06 07:27:34.194 11651 11651 I A0FFFF/model_run_tool_internal/AI_FMK: compiled_model_utils.cpp operator()(593)::"subgraph:SubGraph_0 weight hash:0x1085f2e654098352."
03-06 07:27:34.199 11651 11651 I A0FFFF/model_run_tool_internal/AI_INFRA: dma_memory_allocator.cpp Serialize(247)::"Serialize, inputSize:40 size:40979968 heapMask:1 flag:4 scInfoSize:1"
03-06 07:27:34.210 11651 11651 I A0FFFF/model_run_tool_internal/AI_INFRA: dma_memory_allocator.cpp AllocateSC(376)::"save originFd:34, clientFd:27"
03-06 07:27:34.267 11651 11666 I A0FFFF/model_run_tool_internal/AI_NPUCL: npu_device_handler_client.cc RpcVotepByProcess(84)::"Vote suc"
03-06 07:27:34.280 11651 11651 I A0FFFF/model_run_tool_internal/AI_FMK: general_model_executor.cpp Init(234)::"PipeCnt:1. PID:0, ModelID:1, FM+Weights+OutMemSize: 362188352, PerfMode 3"
03-06 07:27:34.280 11651 11651 I A0FFFF/model_run_tool_internal/AI_NPUCL: npu_graph_executor_client_context.cc IsInitialized(106)::"it is initialized"
03-06 07:27:34.280 11651 11651 I A0FFFF/model_run_tool_internal/AI_NPUCL: npu_graph_executor_client_context.cc SetInitializeFlag(90)::"NN direct initialized"
03-06 07:27:34.280 11651 11651 W A0FFFF/model_run_tool_internal/AI_NPUCL: npu_graph_executor_client.cc Init(333)::"load model begin client id:65536"
03-06 07:27:34.280 11651 11651 W A0FFFF/model_run_tool_internal/AI_NPUCL: npu_graph_executor_client.cc Init(347)::"client executor id = 65536"
03-06 07:27:34.289 11651 11651 I A0FFFF/model_run_tool_internal/AI_NPUCL: npu_compiled_target.cc SerializeModelTask(153)::"modelTask is empty"
03-06 07:27:34.289 11651 11651 I A0FFFF/model_run_tool_internal/AI_NPUCL: npu_compiled_target.cc SerializeModelTask(153)::"modelTask is empty"
03-06 07:27:34.602  3853  3853 I A02112/com.ohos.FusionSearch/[FusionSearch]100_3.6.4.300.024: TimeWheelManager, start process taskId:81 taskName:releaseSearch
03-06 07:27:34.602  3853  3853 I A02112/com.ohos.FusionSearch/[FusionSearch]100_3.6.4.300.024: [SearchCaller], pollingReleaseSearch invoke
03-06 07:27:34.603  3853  3853 I A02112/com.ohos.FusionSearch/[FusionSearch]100_3.6.4.300.024: IpcRequestCounter, data will remove 552759 windowId.
03-06 07:27:34.603  3853  3853 I A02112/com.ohos.FusionSearch/[FusionSearch]100_3.6.4.300.024: IpcRequestCounter, searchCaller will remove 552759 windowId.
03-06 07:27:34.603  3853  3853 I A02112/com.ohos.FusionSearch/[FusionSearch]100_3.6.4.300.024: TimeWheelManager, cancel taskId:90 success.
03-06 07:27:34.603  3853  3853 I A02112/com.ohos.FusionSearch/[FusionSearch]100_3.6.4.300.024: TimeWheelManager, success add taskId:91 to wheelType:MINUTE window:6.total taskCount:2
03-06 07:27:34.603  3853  3853 I A02112/com.ohos.FusionSearch/[FusionSearch]100_3.6.4.300.024: TimeWheelManager, register taskName:EfficiencyResourcesUtil_resetEfficiencyResourceLatter success taskId:91!
03-06 07:27:34.603  3853  3853 W A02112/com.ohos.FusionSearch/[FusionSearch]100_3.6.4.300.024: [SystemLoadManagerCore], current LoadLevel is 0,not start level is 2 ReleaseSearch not need pause.
03-06 07:27:34.608  3853 11673 I A02112/com.ohos.FusionSearch/FusionSearchCore: DataProcessor::GetAiDataRemaining start 
03-06 07:27:34.608  3853 11673 I A02112/com.ohos.FusionSearch/FusionSearchCore: DataProcessor::GetAiDataRemaining end,count  0
03-06 07:27:34.621  3853  3853 I A02112/com.ohos.FusionSearch/[FusionSearch]100_3.6.4.300.024: [SearchCaller], doFlush start
03-06 07:27:34.621  3853  3853 I A02112/com.ohos.FusionSearch/[FusionSearch]100_3.6.4.300.024: TimeWheelManager, cancel taskId:91 success.
03-06 07:27:34.621  3853  3853 I A02112/com.ohos.FusionSearch/[FusionSearch]100_3.6.4.300.024: TimeWheelManager, cancel taskId:81 success.
03-06 07:27:34.621  3853  3853 I A02112/com.ohos.FusionSearch/[FusionSearch]100_3.6.4.300.024: TimeWheelManager, success add taskId:92 to wheelType:SECOND window:28.total taskCount:3
03-06 07:27:34.621  3853  3853 I A02112/com.ohos.FusionSearch/[FusionSearch]100_3.6.4.300.024: TimeWheelManager, register taskName:releaseSearch success taskId:92!
03-06 07:27:34.621  3853  3853 I A02112/com.ohos.FusionSearch/[FusionSearch]100_3.6.4.300.024: TimeWheelManager, cancel taskId:82 success.
03-06 07:27:34.622  3853  3853 I A02112/com.ohos.FusionSearch/[FusionSearch]100_3.6.4.300.024: TimeWheelManager, success add taskId:93 to wheelType:SECOND window:41.total taskCount:3
03-06 07:27:34.622  3853  3853 I A02112/com.ohos.FusionSearch/[FusionSearch]100_3.6.4.300.024: TimeWheelManager, register taskName:releaseMemory success taskId:93!
03-06 07:27:34.622  3853  3853 I A02112/com.ohos.FusionSearch/[FusionSearch]100_3.6.4.300.024: HealthExamineUtil, healthExamine start.
03-06 07:27:34.622  3853  3853 I A02112/com.ohos.FusionSearch/[FusionSearch]100_3.6.4.300.024: HealthExamineUtil, healthExamine end.
03-06 07:27:34.622  3853  3853 I A02112/com.ohos.FusionSearch/[FusionSearch]100_3.6.4.300.024: IpcRequestCounter, searchCaller will add 552765 windowId.
03-06 07:27:34.622  3853  3853 I A02112/com.ohos.FusionSearch/[FusionSearch]100_3.6.4.300.024: HealthExamineUtil, healthExamine start.
03-06 07:27:34.623  3853  3853 I A02112/com.ohos.FusionSearch/[FusionSearch]100_3.6.4.300.024: HealthExamineUtil, healthExamine end.
03-06 07:27:34.627  9383 11646 I A02113/com.ohos.FusionSearch:search/FusionSearchService: DoFlushNapi
03-06 07:27:34.629  3853  3853 I A02112/com.ohos.FusionSearch/[FusionSearch]100_3.6.4.300.024: [SearchCaller], doFlush success
03-06 07:27:34.629  3853  3853 I A02112/com.ohos.FusionSearch/[FusionSearch]100_3.6.4.300.024: [SearchCaller], getInvertedIoWrite start
03-06 07:27:34.630  3853  3853 I A02112/com.ohos.FusionSearch/[FusionSearch]100_3.6.4.300.024: HealthExamineUtil, healthExamine start.
03-06 07:27:34.630  3853  3853 I A02112/com.ohos.FusionSearch/[FusionSearch]100_3.6.4.300.024: HealthExamineUtil, healthExamine end.
03-06 07:27:34.630  3853  3853 I A02112/com.ohos.FusionSearch/[FusionSearch]100_3.6.4.300.024: HealthExamineUtil, healthExamine start.
03-06 07:27:34.630  3853  3853 I A02112/com.ohos.FusionSearch/[FusionSearch]100_3.6.4.300.024: HealthExamineUtil, healthExamine end.
03-06 07:27:34.634  9383 11646 I A02113/com.ohos.FusionSearch:search/FusionSearchService: GetPoissonIoWriteNapi
03-06 07:27:34.635  9383 11646 W A00007/com.ohos.FusionSearch:search/PoissonEngine: WARNING|{[wave_metric.cpp:54] 【0】write total: 0, write flush: 0, write merge: 0, write toHDisk: 0}
03-06 07:27:34.636  3853  3853 I A02112/com.ohos.FusionSearch/[FusionSearch]100_3.6.4.300.024: [SearchCaller], getInvertedIoWrite success
03-06 07:27:34.640  3853  3853 I A02112/com.ohos.FusionSearch/[FusionSearch]100_3.6.4.300.024: IoWriteReport, save config success
03-06 07:27:34.640  3853  3853 I A02112/com.ohos.FusionSearch/[FusionSearch]100_3.6.4.300.024: [SearchCaller], recordIoInvertedIoWrite success
03-06 07:27:34.640  3853  3853 I A02112/com.ohos.FusionSearch/[FusionSearch]100_3.6.4.300.024: [SearchCaller], need to release connectIds:[3]
03-06 07:27:34.643  3853  3853 W A02114/com.ohos.FusionSearch/[FusionSearch]: [SearchCaller], [releaseAbility] request success connectionId: 3.
03-06 07:27:34.645  9383  9383 W A02113/com.ohos.FusionSearch:search/[FusionSearch]100_3.6.4.300.024: [Search:SearchAbility], ServiceExtensionAbility onDisconnect
03-06 07:27:34.659  9383  9383 W A02113/com.ohos.FusionSearch:search/[FusionSearch]100_3.6.4.300.024: [Search:SearchAbility], ServiceExtensionAbility onDestroy start
03-06 07:27:34.659  9383  9383 I A02113/com.ohos.FusionSearch:search/FusionSearchService: FusionSearchService Destroy
03-06 07:27:34.659  9383  9383 W A02113/com.ohos.FusionSearch:search/FusionSearchService: Entering OnDestroy lifecycle, kill self
03-06 07:27:34.660  3853  3853 W A02112/com.ohos.FusionSearch/[FusionSearch]100_3.6.4.300.024: [SearchCaller], [connect] onDisconnect, will clear connectionId=3
03-06 07:27:34.660  3853  3853 I A02112/com.ohos.FusionSearch/[FusionSearch]100_3.6.4.300.024: [SearchCaller], has remove connectId:3
03-06 07:27:34.661  3853  3853 I A02112/com.ohos.FusionSearch/[FusionSearch]100_3.6.4.300.024: [SearchCaller], releaseRace done 3
03-06 07:27:34.661  3853  3853 W A02112/com.ohos.FusionSearch/[FusionSearch]100_3.6.4.300.024: [SearchCaller], Invalid state transition: Idle -> Idle
03-06 07:27:34.661  3853  3853 I A02112/com.ohos.FusionSearch/[FusionSearch]100_3.6.4.300.024: TimeWheelManager, success add taskId:94 to wheelType:MINUTE window:6.total taskCount:2
03-06 07:27:34.661  3853  3853 I A02112/com.ohos.FusionSearch/[FusionSearch]100_3.6.4.300.024: TimeWheelManager, register taskName:EfficiencyResourcesUtil_resetEfficiencyResourceLatter success taskId:94!
03-06 07:27:34.661  3853  3853 I A02112/com.ohos.FusionSearch/[FusionSearch]100_3.6.4.300.024: TimeWheelManager, cancel taskId:92 success.
03-06 07:27:34.661  3853  3853 I A02112/com.ohos.FusionSearch/[FusionSearch]100_3.6.4.300.024: [SearchCaller], pollingReleaseSearch end
03-06 07:27:34.661  3853  3853 I A02112/com.ohos.FusionSearch/[FusionSearch]100_3.6.4.300.024: TimeWheelManager, end process taskId:81 taskName:releaseSearch 
03-06 07:27:34.711  3968  3968 I A00F00/com.huawei.hmos.aidataservice/170004412: AppUsageAbility: process died, bundleName: com.ohos.FusionSearch
03-06 07:27:34.711  3809  3809 W A01A00/com.ohos.sceneboard/SYS_UI: AppLifeCycleManager: onProcessDied, uid: 20020015, bundleName: com.ohos.FusionSearch, pid: 9383
03-06 07:27:34.714 11651 11672 I A0FFFF/model_run_tool_internal/AI_NPUCL: npu_device_handler_client.cc RpcVotepByProcess(84)::"Vote suc"
03-06 07:27:37.026  1176  1176 W C02160/hiaiserver/RUNTIME: RecordTaskInfo:163 funName = executor_strided_slice_2byte, taskType = 0, task id = 434, stream id = 384, block dim = 1, model id = 0
03-06 07:27:37.026  1176  1176 W C02160/hiaiserver/RUNTIME: RecordTaskInfo:163 funName = executor_datadump, taskType = 0, task id = 435, stream id = 384, block dim = 1, model id = 0
03-06 07:27:37.026  1176  1176 W C02160/hiaiserver/RUNTIME: RecordTaskInfo:163 funName = executor_permute_multiple_row_loop_twobyte, taskType = 0, task id = 436, stream id = 384, block dim = 1, model id = 0
03-06 07:27:37.026  1176  1176 W C02160/hiaiserver/RUNTIME: RecordTaskInfo:163 funName = executor_datadump, taskType = 0, task id = 437, stream id = 384, block dim = 1, model id = 0
03-06 07:27:37.026  1176  1176 W C02160/hiaiserver/RUNTIME: RecordTaskInfo:163 funName = executor_strided_slice_2byte, taskType = 0, task id = 438, stream id = 384, block dim = 1, model id = 0
03-06 07:27:37.026  1176  1176 W C02160/hiaiserver/RUNTIME: RecordTaskInfo:163 funName = executor_datadump, taskType = 0, task id = 439, stream id = 384, block dim = 1, model id = 0
03-06 07:27:37.026  1176  1176 W C02160/hiaiserver/RUNTIME: RecordTaskInfo:163 funName = executor_permute_multiple_row_loop_twobyte, taskType = 0, task id = 440, stream id = 384, block dim = 1, model id = 0
03-06 07:27:37.026  1176  1176 W C02160/hiaiserver/RUNTIME: RecordTaskInfo:163 funName = executor_datadump, taskType = 0, task id = 441, stream id = 384, block dim = 1, model id = 0
03-06 07:27:37.026  1176  1176 W C02160/hiaiserver/RUNTIME: RecordTaskInfo:163 funName = executor_strided_slice_2byte, taskType = 0, task id = 442, stream id = 384, block dim = 1, model id = 0
03-06 07:27:37.026  1176  1176 W C02160/hiaiserver/RUNTIME: RecordTaskInfo:163 funName = executor_datadump, taskType = 0, task id = 443, stream id = 384, block dim = 1, model id = 0
03-06 07:27:37.026  1176  1176 W C02160/hiaiserver/RUNTIME: RecordTaskInfo:163 funName = executor_permute_multiple_row_loop_twobyte, taskType = 0, task id = 444, stream id = 384, block dim = 1, model id = 0
03-06 07:27:37.026  1176  1176 W C02160/hiaiserver/RUNTIME: RecordTaskInfo:163 funName = executor_datadump, taskType = 0, task id = 445, stream id = 384, block dim = 1, model id = 0
03-06 07:27:37.026  1176  1176 W C02160/hiaiserver/RUNTIME: RecordTaskInfo:163 funName = executor_strided_slice_2byte, taskType = 0, task id = 446, stream id = 384, block dim = 1, model id = 0
03-06 07:27:37.027  1176  1176 W C02160/hiaiserver/RUNTIME: RecordTaskInfo:163 funName = executor_datadump, taskType = 0, task id = 447, stream id = 384, block dim = 1, model id = 0
03-06 07:27:37.027  1176  1176 W C02160/hiaiserver/RUNTIME: RecordTaskInfo:163 funName = executor_permute_multiple_row_loop_twobyte, taskType = 0, task id = 448, stream id = 384, block dim = 1, model id = 0
03-06 07:27:37.027  1176  1176 W C02160/hiaiserver/RUNTIME: RecordTaskInfo:163 funName = executor_datadump, taskType = 0, task id = 449, stream id = 384, block dim = 1, model id = 0
03-06 07:27:37.027  1176  1176 W C02160/hiaiserver/RUNTIME: RecordTaskInfo:163 funName = executor_strided_slice_2byte, taskType = 0, task id = 450, stream id = 384, block dim = 1, model id = 0
03-06 07:27:37.027  1176  1176 W C02160/hiaiserver/RUNTIME: RecordTaskInfo:163 funName = executor_datadump, taskType = 0, task id = 451, stream id = 384, block dim = 1, model id = 0
03-06 07:27:37.027  1176  1176 W C02160/hiaiserver/RUNTIME: RecordTaskInfo:163 funName = executor_permute_multiple_row_loop_twobyte, taskType = 0, task id = 452, stream id = 384, block dim = 1, model id = 0
03-06 07:27:37.027  1176  1176 W C02160/hiaiserver/RUNTIME: RecordTaskInfo:163 funName = executor_datadump, taskType = 0, task id = 453, stream id = 384, block dim = 1, model id = 0
03-06 07:27:37.027  1176  1176 W C02160/hiaiserver/RUNTIME: RecordTaskInfo:163 funName = executor_strided_slice_2byte, taskType = 0, task id = 454, stream id = 384, block dim = 1, model id = 0
03-06 07:27:37.027  1176  1176 W C02160/hiaiserver/RUNTIME: RecordTaskInfo:163 funName = executor_datadump, taskType = 0, task id = 455, stream id = 384, block dim = 1, model id = 0
03-06 07:27:37.027  1176  1176 W C02160/hiaiserver/RUNTIME: RecordTaskInfo:163 funName = executor_permute_multiple_row_loop_twobyte, taskType = 0, task id = 456, stream id = 384, block dim = 1, model id = 0
03-06 07:27:37.027  1176  1176 W C02160/hiaiserver/RUNTIME: RecordTaskInfo:163 funName = executor_datadump, taskType = 0, task id = 457, stream id = 384, block dim = 1, model id = 0
03-06 07:27:37.027  1176  1176 W C02160/hiaiserver/RUNTIME: RecordTaskInfo:163 funName = executor_add_ch_broadcast_half_nd, taskType = 0, task id = 458, stream id = 384, block dim = 1, model id = 0
03-06 07:27:37.027  1176  1176 W C02160/hiaiserver/RUNTIME: RecordTaskInfo:163 funName = executor_datadump, taskType = 0, task id = 459, stream id = 384, block dim = 1, model id = 0
03-06 07:27:37.027  1176  1176 W C02160/hiaiserver/RUNTIME: RecordTaskInfo:163 funName = executor_gather_any_axis, taskType = 0, task id = 460, stream id = 384, block dim = 1, model id = 0
03-06 07:27:37.027  1176  1176 W C02160/hiaiserver/RUNTIME: RecordTaskInfo:163 funName = executor_datadump, taskType = 0, task id = 461, stream id = 384, block dim = 1, model id = 0
03-06 07:27:37.027  1176  1176 W C02160/hiaiserver/RUNTIME: RecordTaskInfo:163 funName = executor_strided_slice_2byte, taskType = 0, task id = 462, stream id = 384, block dim = 1, model id = 0
03-06 07:27:37.027  1176  1176 W C02160/hiaiserver/RUNTIME: RecordTaskInfo:163 funName = executor_datadump, taskType = 0, task id = 463, stream id = 384, block dim = 1, model id = 0
03-06 07:27:37.027  1176  1176 W C02160/hiaiserver/RUNTIME: RecordTaskInfo:163 funName = executor_mul_scalar_half_nd, taskType = 0, task id = 464, stream id = 384, block dim = 1, model id = 0
03-06 07:27:37.027  1176  1176 W C02160/hiaiserver/RUNTIME: RecordTaskInfo:163 funName = executor_datadump, taskType = 0, task id = 465, stream id = 384, block dim = 1, model id = 0
03-06 07:27:37.027  1176  1176 W C02160/hiaiserver/RUNTIME: RecordTaskInfo:163 funName = te_matmulv2_gen_1d904565fdde3db2a5027c89d3782fb2d1e8d1f5633d7d7f7ae75c10aed45050_1__kernel0, taskType = 0, task id = 466, stream id = 384, block dim = 1, model id = 0
03-06 07:27:37.027  1176  1176 W C02160/hiaiserver/RUNTIME: RecordTaskInfo:163 funName = executor_datadump, taskType = 0, task id = 467, stream id = 384, block dim = 1, model id = 0
03-06 07:27:37.027  1176  1176 W C02160/hiaiserver/RUNTIME: RecordTaskInfo:163 funName = executor_softmax_nd_h_tiling0_last_reduce_fp16, taskType = 0, task id = 468, stream id = 384, block dim = 1, model id = 0
03-06 07:27:37.027  1176  1176 W C02160/hiaiserver/RUNTIME: RecordTaskInfo:163 funName = executor_datadump, taskType = 0, task id = 469, stream id = 384, block dim = 1, model id = 0
03-06 07:27:37.027  1176  1176 W C02160/hiaiserver/RUNTIME: RecordTaskInfo:163 funName = executor_strided_slice_2byte, taskType = 0, task id = 470, stream id = 384, block dim = 1, model id = 0
03-06 07:27:37.027  1176  1176 W C02160/hiaiserver/RUNTIME: RecordTaskInfo:163 funName = executor_datadump, taskType = 0, task id = 471, stream id = 384, block dim = 1, model id = 0
03-06 07:27:37.027  1176  1176 W C02160/hiaiserver/RUNTIME: RecordTaskInfo:163 funName = executor_mul_scalar_half_nd, taskType = 0, task id = 472, stream id = 384, block dim = 1, model id = 0
03-06 07:27:37.027  1176  1176 W C02160/hiaiserver/RUNTIME: RecordTaskInfo:163 funName = executor_datadump, taskType = 0, task id = 473, stream id = 384, block dim = 1, model id = 0
03-06 07:27:37.027  1176  1176 W C02160/hiaiserver/RUNTIME: RecordTaskInfo:163 funName = te_matmulv2_gen_1d904565fdde3db2a5027c89d3782fb2d1e8d1f5633d7d7f7ae75c10aed45050_1__kernel0, taskType = 0, task id = 474, stream id = 384, block dim = 1, model id = 0
03-06 07:27:37.027  1176  1176 W C02160/hiaiserver/RUNTIME: RecordTaskInfo:163 funName = executor_datadump, taskType = 0, task id = 475, stream id = 384, block dim = 1, model id = 0
03-06 07:27:37.027  1176  1176 W C02160/hiaiserver/RUNTIME: RecordTaskInfo:163 funName = executor_softmax_nd_h_tiling0_last_reduce_fp16, taskType = 0, task id = 476, stream id = 384, block dim = 1, model id = 0
03-06 07:27:37.027  1176  1176 W C02160/hiaiserver/RUNTIME: RecordTaskInfo:163 funName = executor_datadump, taskType = 0, task id = 477, stream id = 384, block dim = 1, model id = 0
03-06 07:27:37.027  1176  1176 W C02160/hiaiserver/RUNTIME: RecordTaskInfo:163 funName = executor_strided_slice_2byte, taskType = 0, task id = 478, stream id = 384, block dim = 1, model id = 0
03-06 07:27:37.027  1176  1176 W C02160/hiaiserver/RUNTIME: RecordTaskInfo:163 funName = executor_datadump, taskType = 0, task id = 479, stream id = 384, block dim = 1, model id = 0
03-06 07:27:37.027  1176  1176 W C02160/hiaiserver/RUNTIME: RecordTaskInfo:163 funName = executor_mul_scalar_half_nd, taskType = 0, task id = 480, stream id = 384, block dim = 1, model id = 0
03-06 07:27:37.027  1176  1176 W C02160/hiaiserver/RUNTIME: RecordTaskInfo:163 funName = executor_datadump, taskType = 0, task id = 481, stream id = 384, block dim = 1, model id = 0
03-06 07:27:37.027  1176  1176 W C02160/hiaiserver/RUNTIME: RecordTaskInfo:163 funName = te_matmulv2_gen_1d904565fdde3db2a5027c89d3782fb2d1e8d1f5633d7d7f7ae75c10aed45050_1__kernel0, taskType = 0, task id = 482, stream id = 384, block dim = 1, model id = 0
03-06 07:27:37.027  1176  1176 W C02160/hiaiserver/RUNTIME: RecordTaskInfo:163 funName = executor_datadump, taskType = 0, task id = 483, stream id = 384, block dim = 1, model id = 0
03-06 07:27:37.027  1176  1176 W C02160/hiaiserver/RUNTIME: RecordTaskInfo:163 funName = executor_softmax_nd_h_tiling0_last_reduce_fp16, taskType = 0, task id = 484, stream id = 384, block dim = 1, model id = 0
03-06 07:27:37.027  1176  1176 W C02160/hiaiserver/RUNTIME: RecordTaskInfo:163 funName = executor_datadump, taskType = 0, task id = 485, stream id = 384, block dim = 1, model id = 0
03-06 07:27:37.027  1176  1176 W C02160/hiaiserver/RUNTIME: RecordTaskInfo:163 funName = executor_strided_slice_2byte, taskType = 0, task id = 486, stream id = 384, block dim = 1, model id = 0
03-06 07:27:37.027  1176  1176 W C02160/hiaiserver/RUNTIME: RecordTaskInfo:163 funName = executor_datadump, taskType = 0, task id = 487, stream id = 384, block dim = 1, model id = 0
03-06 07:27:37.027  1176  1176 W C02160/hiaiserver/RUNTIME: RecordTaskInfo:163 funName = executor_mul_scalar_half_nd, taskType = 0, task id = 488, stream id = 384, block dim = 1, model id = 0
03-06 07:27:37.027  1176  1176 W C02160/hiaiserver/RUNTIME: RecordTaskInfo:163 funName = executor_datadump, taskType = 0, task id = 489, stream id = 384, block dim = 1, model id = 0
03-06 07:27:37.027  1176  1176 W C02160/hiaiserver/RUNTIME: RecordTaskInfo:163 funName = te_matmulv2_gen_1d904565fdde3db2a5027c89d3782fb2d1e8d1f5633d7d7f7ae75c10aed45050_1__kernel0, taskType = 0, task id = 490, stream id = 384, block dim = 1, model id = 0
03-06 07:27:37.027  1176  1176 W C02160/hiaiserver/RUNTIME: RecordTaskInfo:163 funName = executor_datadump, taskType = 0, task id = 491, stream id = 384, block dim = 1, model id = 0
03-06 07:27:37.027  1176  1176 W C02160/hiaiserver/RUNTIME: RecordTaskInfo:163 funName = executor_softmax_nd_h_tiling0_last_reduce_fp16, taskType = 0, task id = 492, stream id = 384, block dim = 1, model id = 0
03-06 07:27:37.027  1176  1176 W C02160/hiaiserver/RUNTIME: RecordTaskInfo:163 funName = executor_datadump, taskType = 0, task id = 493, stream id = 384, block dim = 1, model id = 0
03-06 07:27:37.027  1176  1176 W C02160/hiaiserver/RUNTIME: RecordTaskInfo:163 funName = executor_strided_slice_2byte, taskType = 0, task id = 494, stream id = 384, block dim = 1, model id = 0
03-06 07:27:37.027  1176  1176 W C02160/hiaiserver/RUNTIME: RecordTaskInfo:163 funName = executor_datadump, taskType = 0, task id = 495, stream id = 384, block dim = 1, model id = 0
03-06 07:27:37.027  1176  1176 W C02160/hiaiserver/RUNTIME: RecordTaskInfo:163 funName = executor_mul_scalar_half_nd, taskType = 0, task id = 496, stream id = 384, block dim = 1, model id = 0
03-06 07:27:37.027  1176  1176 W C02160/hiaiserver/RUNTIME: RecordTaskInfo:163 funName = executor_datadump, taskType = 0, task id = 497, stream id = 384, block dim = 1, model id = 0
03-06 07:27:37.027  1176  1176 W C02160/hiaiserver/RUNTIME: RecordTaskInfo:163 funName = te_matmulv2_gen_1d904565fdde3db2a5027c89d3782fb2d1e8d1f5633d7d7f7ae75c10aed45050_1__kernel0, taskType = 0, task id = 498, stream id = 384, block dim = 1, model id = 0
03-06 07:27:37.027  1176  1176 W C02160/hiaiserver/RUNTIME: RecordTaskInfo:163 funName = executor_datadump, taskType = 0, task id = 499, stream id = 384, block dim = 1, model id = 0
03-06 07:27:37.027  1176  1176 W C02160/hiaiserver/RUNTIME: RecordTaskInfo:163 funName = executor_softmax_nd_h_tiling0_last_reduce_fp16, taskType = 0, task id = 500, stream id = 384, block dim = 1, model id = 0
03-06 07:27:37.027  1176  1176 W C02160/hiaiserver/RUNTIME: RecordTaskInfo:163 funName = executor_datadump, taskType = 0, task id = 501, stream id = 384, block dim = 1, model id = 0
03-06 07:27:37.027  1176  1176 W C02160/hiaiserver/RUNTIME: RecordTaskInfo:163 funName = executor_strided_slice_2byte, taskType = 0, task id = 502, stream id = 384, block dim = 1, model id = 0
03-06 07:27:37.027  1176  1176 W C02160/hiaiserver/RUNTIME: RecordTaskInfo:163 funName = executor_datadump, taskType = 0, task id = 503, stream id = 384, block dim = 1, model id = 0
03-06 07:27:37.027  1176  1176 W C02160/hiaiserver/RUNTIME: RecordTaskInfo:163 funName = executor_mul_scalar_half_nd, taskType = 0, task id = 504, stream id = 384, block dim = 1, model id = 0
03-06 07:27:37.027  1176  1176 W C02160/hiaiserver/RUNTIME: RecordTaskInfo:163 funName = executor_datadump, taskType = 0, task id = 505, stream id = 384, block dim = 1, model id = 0
03-06 07:27:37.027  1176  1176 W C02160/hiaiserver/RUNTIME: RecordTaskInfo:163 funName = te_matmulv2_gen_1d904565fdde3db2a5027c89d3782fb2d1e8d1f5633d7d7f7ae75c10aed45050_1__kernel0, taskType = 0, task id = 506, stream id = 384, block dim = 1, model id = 0
03-06 07:27:37.027  1176  1176 W C02160/hiaiserver/RUNTIME: RecordTaskInfo:163 funName = executor_datadump, taskType = 0, task id = 507, stream id = 384, block dim = 1, model id = 0
03-06 07:27:37.027  1176  1176 W C02160/hiaiserver/RUNTIME: RecordTaskInfo:163 funName = executor_softmax_nd_h_tiling0_last_reduce_fp16, taskType = 0, task id = 508, stream id = 384, block dim = 1, model id = 0
03-06 07:27:37.027  1176  1176 W C02160/hiaiserver/RUNTIME: RecordTaskInfo:163 funName = executor_datadump, taskType = 0, task id = 509, stream id = 384, block dim = 1, model id = 0
03-06 07:27:37.027  1176  1176 W C02160/hiaiserver/RUNTIME: RecordTaskInfo:163 funName = executor_strided_slice_2byte, taskType = 0, task id = 510, stream id = 384, block dim = 1, model id = 0
03-06 07:27:37.027  1176  1176 W C02160/hiaiserver/RUNTIME: RecordTaskInfo:163 funName = executor_datadump, taskType = 0, task id = 511, stream id = 384, block dim = 1, model id = 0
03-06 07:27:37.027  1176  1176 W C02160/hiaiserver/RUNTIME: RecordTaskInfo:163 funName = executor_mul_scalar_half_nd, taskType = 0, task id = 512, stream id = 384, block dim = 1, model id = 0
03-06 07:27:37.027  1176  1176 W C02160/hiaiserver/RUNTIME: RecordTaskInfo:163 funName = executor_datadump, taskType = 0, task id = 513, stream id = 384, block dim = 1, model id = 0
03-06 07:27:37.027  1176  1176 W C02160/hiaiserver/RUNTIME: RecordTaskInfo:163 funName = te_matmulv2_gen_1d904565fdde3db2a5027c89d3782fb2d1e8d1f5633d7d7f7ae75c10aed45050_1__kernel0, taskType = 0, task id = 514, stream id = 384, block dim = 1, model id = 0
03-06 07:27:37.027  1176  1176 W C02160/hiaiserver/RUNTIME: RecordTaskInfo:163 funName = executor_datadump, taskType = 0, task id = 515, stream id = 384, block dim = 1, model id = 0
03-06 07:27:37.027  1176  1176 W C02160/hiaiserver/RUNTIME: RecordTaskInfo:163 funName = executor_softmax_nd_h_tiling0_last_reduce_fp16, taskType = 0, task id = 516, stream id = 384, block dim = 1, model id = 0
03-06 07:27:37.027  1176  1176 W C02160/hiaiserver/RUNTIME: RecordTaskInfo:163 funName = executor_datadump, taskType = 0, task id = 517, stream id = 384, block dim = 1, model id = 0
03-06 07:27:37.027  1176  1176 W C02160/hiaiserver/RUNTIME: RecordTaskInfo:163 funName = executor_strided_slice_2byte, taskType = 0, task id = 518, stream id = 384, block dim = 1, model id = 0
03-06 07:27:37.027  1176  1176 W C02160/hiaiserver/RUNTIME: RecordTaskInfo:163 funName = executor_datadump, taskType = 0, task id = 519, stream id = 384, block dim = 1, model id = 0
03-06 07:27:37.027  1176  1176 W C02160/hiaiserver/RUNTIME: RecordTaskInfo:163 funName = executor_mul_scalar_half_nd, taskType = 0, task id = 520, stream id = 384, block dim = 1, model id = 0
03-06 07:27:37.027  1176  1176 W C02160/hiaiserver/RUNTIME: RecordTaskInfo:163 funName = executor_datadump, taskType = 0, task id = 521, stream id = 384, block dim = 1, model id = 0
03-06 07:27:37.027  1176  1176 W C02160/hiaiserver/RUNTIME: RecordTaskInfo:163 funName = te_matmulv2_gen_1d904565fdde3db2a5027c89d3782fb2d1e8d1f5633d7d7f7ae75c10aed45050_1__kernel0, taskType = 0, task id = 522, stream id = 384, block dim = 1, model id = 0
03-06 07:27:37.027  1176  1176 W C02160/hiaiserver/RUNTIME: RecordTaskInfo:163 funName = executor_datadump, taskType = 0, task id = 523, stream id = 384, block dim = 1, model id = 0
03-06 07:27:37.027  1176  1176 W C02160/hiaiserver/RUNTIME: RecordTaskInfo:163 funName = executor_softmax_nd_h_tiling0_last_reduce_fp16, taskType = 0, task id = 524, stream id = 384, block dim = 1, model id = 0
03-06 07:27:37.027  1176  1176 W C02160/hiaiserver/RUNTIME: RecordTaskInfo:163 funName = executor_datadump, taskType = 0, task id = 525, stream id = 384, block dim = 1, model id = 0
03-06 07:27:37.027  1176  1176 W C02160/hiaiserver/RUNTIME: RecordTaskInfo:163 funName = executor_strided_slice_2byte, taskType = 0, task id = 526, stream id = 384, block dim = 1, model id = 0
03-06 07:27:37.027  1176  1176 W C02160/hiaiserver/RUNTIME: RecordTaskInfo:163 funName = executor_datadump, taskType = 0, task id = 527, stream id = 384, block dim = 1, model id = 0
03-06 07:27:37.027  1176  1176 W C02160/hiaiserver/RUNTIME: RecordTaskInfo:163 funName = executor_mul_scalar_half_nd, taskType = 0, task id = 528, stream id = 384, block dim = 1, model id = 0
03-06 07:27:37.027  1176  1176 W C02160/hiaiserver/RUNTIME: RecordTaskInfo:163 funName = executor_datadump, taskType = 0, task id = 529, stream id = 384, block dim = 1, model id = 0
03-06 07:27:37.027  1176  1176 W C02160/hiaiserver/RUNTIME: RecordTaskInfo:163 funName = te_matmulv2_gen_1d904565fdde3db2a5027c89d3782fb2d1e8d1f5633d7d7f7ae75c10aed45050_1__kernel0, taskType = 0, task id = 530, stream id = 384, block dim = 1, model id = 0
03-06 07:27:37.027  1176  1176 W C02160/hiaiserver/RUNTIME: RecordTaskInfo:163 funName = executor_datadump, taskType = 0, task id = 531, stream id = 384, block dim = 1, model id = 0
03-06 07:27:37.027  1176  1176 W C02160/hiaiserver/RUNTIME: RecordTaskInfo:163 funName = executor_softmax_nd_h_tiling0_last_reduce_fp16, taskType = 0, task id = 532, stream id = 384, block dim = 1, model id = 0
03-06 07:27:37.027  1176  1176 W C02160/hiaiserver/RUNTIME: RecordTaskInfo:163 funName = executor_datadump, taskType = 0, task id = 533, stream id = 384, block dim = 1, model id = 0
03-06 07:27:37.027  1176  1176 W C02160/hiaiserver/RUNTIME: RecordTaskInfo:163 funName = executor_strided_slice_2byte, taskType = 0, task id = 534, stream id = 384, block dim = 1, model id = 0
03-06 07:27:37.027  1176  1176 W C02160/hiaiserver/RUNTIME: RecordTaskInfo:163 funName = executor_datadump, taskType = 0, task id = 535, stream id = 384, block dim = 1, model id = 0
03-06 07:27:37.027  1176  1176 W C02160/hiaiserver/RUNTIME: RecordTaskInfo:163 funName = executor_mul_scalar_half_nd, taskType = 0, task id = 536, stream id = 384, block dim = 1, model id = 0
03-06 07:27:37.027  1176  1176 W C02160/hiaiserver/RUNTIME: RecordTaskInfo:163 funName = executor_datadump, taskType = 0, task id = 537, stream id = 384, block dim = 1, model id = 0
03-06 07:27:37.027  1176  1176 W C02160/hiaiserver/RUNTIME: RecordTaskInfo:163 funName = te_matmulv2_gen_1d904565fdde3db2a5027c89d3782fb2d1e8d1f5633d7d7f7ae75c10aed45050_1__kernel0, taskType = 0, task id = 538, stream id = 384, block dim = 1, model id = 0
03-06 07:27:37.027  1176  1176 W C02160/hiaiserver/RUNTIME: RecordTaskInfo:163 funName = executor_datadump, taskType = 0, task id = 539, stream id = 384, block dim = 1, model id = 0
03-06 07:27:37.027  1176  1176 W C02160/hiaiserver/RUNTIME: RecordTaskInfo:163 funName = executor_softmax_nd_h_tiling0_last_reduce_fp16, taskType = 0, task id = 540, stream id = 384, block dim = 1, model id = 0
03-06 07:27:37.027  1176  1176 W C02160/hiaiserver/RUNTIME: RecordTaskInfo:163 funName = executor_datadump, taskType = 0, task id = 541, stream id = 384, block dim = 1, model id = 0
03-06 07:27:37.027  1176  1176 W C02160/hiaiserver/RUNTIME: RecordTaskInfo:163 funName = executor_strided_slice_2byte, taskType = 0, task id = 542, stream id = 384, block dim = 1, model id = 0
03-06 07:27:37.027  1176  1176 W C02160/hiaiserver/RUNTIME: RecordTaskInfo:163 funName = executor_datadump, taskType = 0, task id = 543, stream id = 384, block dim = 1, model id = 0
03-06 07:27:37.027  1176  1176 W C02160/hiaiserver/RUNTIME: RecordTaskInfo:163 funName = executor_mul_scalar_half_nd, taskType = 0, task id = 544, stream id = 384, block dim = 1, model id = 0
03-06 07:27:37.027  1176  1176 W C02160/hiaiserver/RUNTIME: RecordTaskInfo:163 funName = executor_datadump, taskType = 0, task id = 545, stream id = 384, block dim = 1, model id = 0
03-06 07:27:37.027  1176  1176 W C02160/hiaiserver/RUNTIME: RecordTaskInfo:163 funName = te_matmulv2_gen_1d904565fdde3db2a5027c89d3782fb2d1e8d1f5633d7d7f7ae75c10aed45050_1__kernel0, taskType = 0, task id = 546, stream id = 384, block dim = 1, model id = 0
03-06 07:27:37.027  1176  1176 W C02160/hiaiserver/RUNTIME: RecordTaskInfo:163 funName = executor_datadump, taskType = 0, task id = 547, stream id = 384, block dim = 1, model id = 0
03-06 07:27:37.027  1176  1176 W C02160/hiaiserver/RUNTIME: RecordTaskInfo:163 funName = executor_softmax_nd_h_tiling0_last_reduce_fp16, taskType = 0, task id = 548, stream id = 384, block dim = 1, model id = 0
03-06 07:27:37.027  1176  1176 W C02160/hiaiserver/RUNTIME: RecordTaskInfo:163 funName = executor_datadump, taskType = 0, task id = 549, stream id = 384, block dim = 1, model id = 0
03-06 07:27:37.027  1176  1176 W C02160/hiaiserver/RUNTIME: RecordTaskInfo:163 funName = executor_strided_slice_2byte, taskType = 0, task id = 550, stream id = 384, block dim = 1, model id = 0
03-06 07:27:37.027  1176  1176 W C02160/hiaiserver/RUNTIME: RecordTaskInfo:163 funName = executor_datadump, taskType = 0, task id = 551, stream id = 384, block dim = 1, model id = 0
03-06 07:27:37.027  1176  1176 W C02160/hiaiserver/RUNTIME: RecordTaskInfo:163 funName = executor_mul_scalar_half_nd, taskType = 0, task id = 552, stream id = 384, block dim = 1, model id = 0
03-06 07:27:37.027  1176  1176 W C02160/hiaiserver/RUNTIME: RecordTaskInfo:163 funName = executor_datadump, taskType = 0, task id = 553, stream id = 384, block dim = 1, model id = 0
03-06 07:27:37.027  1176  1176 W C02160/hiaiserver/RUNTIME: RecordTaskInfo:163 funName = te_matmulv2_gen_1d904565fdde3db2a5027c89d3782fb2d1e8d1f5633d7d7f7ae75c10aed45050_1__kernel0, taskType = 0, task id = 554, stream id = 384, block dim = 1, model id = 0
03-06 07:27:37.027  1176  1176 W C02160/hiaiserver/RUNTIME: RecordTaskInfo:163 funName = executor_datadump, taskType = 0, task id = 555, stream id = 384, block dim = 1, model id = 0
03-06 07:27:37.027  1176  1176 W C02160/hiaiserver/RUNTIME: RecordTaskInfo:163 funName = executor_softmax_nd_h_tiling0_last_reduce_fp16, taskType = 0, task id = 556, stream id = 384, block dim = 1, model id = 0
03-06 07:27:37.027  1176  1176 W C02160/hiaiserver/RUNTIME: RecordTaskInfo:163 funName = executor_datadump, taskType = 0, task id = 557, stream id = 384, block dim = 1, model id = 0
03-06 07:27:37.027  1176  1176 W C02160/hiaiserver/RUNTIME: RecordTaskInfo:163 funName = executor_strided_slice_2byte, taskType = 0, task id = 558, stream id = 384, block dim = 1, model id = 0
03-06 07:27:37.027  1176  1176 W C02160/hiaiserver/RUNTIME: RecordTaskInfo:163 funName = executor_datadump, taskType = 0, task id = 559, stream id = 384, block dim = 1, model id = 0
03-06 07:27:37.027  1176  1176 W C02160/hiaiserver/RUNTIME: RecordTaskInfo:163 funName = executor_mul_scalar_half_nd, taskType = 0, task id = 560, stream id = 384, block dim = 1, model id = 0
03-06 07:27:37.027  1176  1176 W C02160/hiaiserver/RUNTIME: RecordTaskInfo:163 funName = executor_datadump, taskType = 0, task id = 561, stream id = 384, block dim = 1, model id = 0
03-06 07:27:37.027  1176  1176 W C02160/hiaiserver/RUNTIME: RecordTaskInfo:163 funName = te_matmulv2_gen_1d904565fdde3db2a5027c89d3782fb2d1e8d1f5633d7d7f7ae75c10aed45050_1__kernel0, taskType = 0, task id = 562, stream id = 384, block dim = 1, model id = 0
03-06 07:27:37.027  1176  1176 W C02160/hiaiserver/RUNTIME: RecordTaskInfo:163 funName = executor_datadump, taskType = 0, task id = 563, stream id = 384, block dim = 1, model id = 0
03-06 07:27:37.027  1176  1176 W C02160/hiaiserver/RUNTIME: RecordTaskInfo:163 funName = executor_softmax_nd_h_tiling0_last_reduce_fp16, taskType = 0, task id = 564, stream id = 384, block dim = 1, model id = 0
03-06 07:27:37.027  1176  1176 W C02160/hiaiserver/RUNTIME: RecordTaskInfo:163 funName = executor_datadump, taskType = 0, task id = 565, stream id = 384, block dim = 1, model id = 0
03-06 07:27:37.027  1176  1176 W C02160/hiaiserver/RUNTIME: RecordTaskInfo:163 funName = executor_strided_slice_2byte, taskType = 0, task id = 566, stream id = 384, block dim = 1, model id = 0
03-06 07:27:37.027  1176  1176 W C02160/hiaiserver/RUNTIME: RecordTaskInfo:163 funName = executor_datadump, taskType = 0, task id = 567, stream id = 384, block dim = 1, model id = 0
03-06 07:27:37.027  1176  1176 W C02160/hiaiserver/RUNTIME: RecordTaskInfo:163 funName = executor_mul_scalar_half_nd, taskType = 0, task id = 568, stream id = 384, block dim = 1, model id = 0
03-06 07:27:37.027  1176  1176 W C02160/hiaiserver/RUNTIME: RecordTaskInfo:163 funName = executor_datadump, taskType = 0, task id = 569, stream id = 384, block dim = 1, model id = 0
03-06 07:27:37.027  1176  1176 W C02160/hiaiserver/RUNTIME: RecordTaskInfo:163 funName = te_matmulv2_gen_1d904565fdde3db2a5027c89d3782fb2d1e8d1f5633d7d7f7ae75c10aed45050_1__kernel0, taskType = 0, task id = 570, stream id = 384, block dim = 1, model id = 0
03-06 07:27:37.027  1176  1176 W C02160/hiaiserver/RUNTIME: RecordTaskInfo:163 funName = executor_datadump, taskType = 0, task id = 571, stream id = 384, block dim = 1, model id = 0
03-06 07:27:37.027  1176  1176 W C02160/hiaiserver/RUNTIME: RecordTaskInfo:163 funName = executor_softmax_nd_h_tiling0_last_reduce_fp16, taskType = 0, task id = 572, stream id = 384, block dim = 1, model id = 0
03-06 07:27:37.027  1176  1176 W C02160/hiaiserver/RUNTIME: RecordTaskInfo:163 funName = executor_datadump, taskType = 0, task id = 573, stream id = 384, block dim = 1, model id = 0
03-06 07:27:37.027  1176  1176 W C02160/hiaiserver/RUNTIME: RecordTaskInfo:163 funName = executor_strided_slice_2byte, taskType = 0, task id = 574, stream id = 384, block dim = 1, model id = 0
03-06 07:27:37.027  1176  1176 W C02160/hiaiserver/RUNTIME: RecordTaskInfo:163 funName = executor_datadump, taskType = 0, task id = 575, stream id = 384, block dim = 1, model id = 0
03-06 07:27:37.027  1176  1176 W C02160/hiaiserver/RUNTIME: RecordTaskInfo:163 funName = executor_mul_scalar_half_nd, taskType = 0, task id = 576, stream id = 384, block dim = 1, model id = 0
03-06 07:27:37.027  1176  1176 W C02160/hiaiserver/RUNTIME: RecordTaskInfo:163 funName = executor_datadump, taskType = 0, task id = 577, stream id = 384, block dim = 1, model id = 0
03-06 07:27:37.027  1176  1176 W C02160/hiaiserver/RUNTIME: RecordTaskInfo:163 funName = te_matmulv2_gen_1d904565fdde3db2a5027c89d3782fb2d1e8d1f5633d7d7f7ae75c10aed45050_1__kernel0, taskType = 0, task id = 578, stream id = 384, block dim = 1, model id = 0
03-06 07:27:37.027  1176  1176 W C02160/hiaiserver/RUNTIME: RecordTaskInfo:163 funName = executor_datadump, taskType = 0, task id = 579, stream id = 384, block dim = 1, model id = 0
03-06 07:27:37.027  1176  1176 W C02160/hiaiserver/RUNTIME: RecordTaskInfo:163 funName = executor_softmax_nd_h_tiling0_last_reduce_fp16, taskType = 0, task id = 580, stream id = 384, block dim = 1, model id = 0
03-06 07:27:37.027  1176  1176 W C02160/hiaiserver/RUNTIME: RecordTaskInfo:163 funName = executor_datadump, taskType = 0, task id = 581, stream id = 384, block dim = 1, model id = 0
03-06 07:27:37.027  1176  1176 W C02160/hiaiserver/RUNTIME: RecordTaskInfo:163 funName = executor_strided_slice_2byte, taskType = 0, task id = 582, stream id = 384, block dim = 1, model id = 0
03-06 07:27:37.027  1176  1176 W C02160/hiaiserver/RUNTIME: RecordTaskInfo:163 funName = executor_datadump, taskType = 0, task id = 583, stream id = 384, block dim = 1, model id = 0
03-06 07:27:37.027  1176  1176 W C02160/hiaiserver/RUNTIME: RecordTaskInfo:163 funName = executor_mul_scalar_half_nd, taskType = 0, task id = 584, stream id = 384, block dim = 1, model id = 0
03-06 07:27:37.027  1176  1176 W C02160/hiaiserver/RUNTIME: RecordTaskInfo:163 funName = executor_datadump, taskType = 0, task id = 585, stream id = 384, block dim = 1, model id = 0
03-06 07:27:37.027  1176  1176 W C02160/hiaiserver/RUNTIME: RecordTaskInfo:163 funName = te_matmulv2_gen_1d904565fdde3db2a5027c89d3782fb2d1e8d1f5633d7d7f7ae75c10aed45050_1__kernel0, taskType = 0, task id = 586, stream id = 384, block dim = 1, model id = 0
03-06 07:27:37.027  1176  1176 W C02160/hiaiserver/RUNTIME: RecordTaskInfo:163 funName = executor_datadump, taskType = 0, task id = 587, stream id = 384, block dim = 1, model id = 0
03-06 07:27:37.027  1176  1176 W C02160/hiaiserver/RUNTIME: RecordTaskInfo:163 funName = executor_softmax_nd_h_tiling0_last_reduce_fp16, taskType = 0, task id = 588, stream id = 384, block dim = 1, model id = 0
03-06 07:27:37.028  1176  1176 W C02160/hiaiserver/RUNTIME: RecordTaskInfo:163 funName = executor_datadump, taskType = 0, task id = 589, stream id = 384, block dim = 1, model id = 0
03-06 07:27:37.028  1176  1176 W C02160/hiaiserver/RUNTIME: RecordTaskInfo:163 funName = executor_add_ch_broadcast_half_nd, taskType = 0, task id = 590, stream id = 384, block dim = 1, model id = 0
03-06 07:27:37.028  1176  1176 W C02160/hiaiserver/RUNTIME: RecordTaskInfo:163 funName = executor_datadump, taskType = 0, task id = 591, stream id = 384, block dim = 1, model id = 0
03-06 07:27:37.028  1176  1176 W C02160/hiaiserver/RUNTIME: RecordTaskInfo:163 funName = executor_gather_any_axis, taskType = 0, task id = 592, stream id = 384, block dim = 1, model id = 0
03-06 07:27:37.028  1176  1176 W C02160/hiaiserver/RUNTIME: RecordTaskInfo:163 funName = executor_datadump, taskType = 0, task id = 593, stream id = 384, block dim = 1, model id = 0
03-06 07:27:37.028  1176  1176 W C02160/hiaiserver/RUNTIME: RecordTaskInfo:163 funName = executor_strided_slice_2byte, taskType = 0, task id = 594, stream id = 384, block dim = 1, model id = 0
03-06 07:27:37.028  1176  1176 W C02160/hiaiserver/RUNTIME: RecordTaskInfo:163 funName = executor_datadump, taskType = 0, task id = 595, stream id = 384, block dim = 1, model id = 0
03-06 07:27:37.028  1176  1176 W C02160/hiaiserver/RUNTIME: RecordTaskInfo:163 funName = te_matmulv2_gen_9c449a4952bd674b6428e54ef7bc8559622f8bda806f72c5b099cbb7ca0b38ab_1__kernel0, taskType = 0, task id = 596, stream id = 384, block dim = 1, model id = 0
