03-06 07:27:49.727  1805  2176 I C02926/powermgr/BatteryInfo: capacity=73, voltage=4193811, temperature=300, healthState=1, pluggedType=2, pluggedMaxCurrent=500000, pluggedMaxVoltage=4550, chargeState=1, chargeCounter=3603740, present=1, technology=Li-poly, currNow=106, totalEnergy=5677, curAverage=0, remainEnergy=4037, chargeType=1, event=SUBSYSTEM=power_supply
03-06 07:27:49.730  1805  2176 I C02922/powermgr/BatterySvc: WirelessPlugRotationHook: config not enabled
03-06 07:27:49.731  1457  1717 I C02924/power_host/BatteryDrv: battery c=73, v=4193811, c=106, t=300, h=1, pt=2, cs=1, pmc=500000, pmv=4550, cc=3603740, p=1, re=4037, te=5677
03-06 07:27:49.731  1321 11685 I C01202/foundation/Unordered: Pid 1805 publish usual.event.BATTERY_CHANGED_INNER to -1 end(1,1,0,0)
03-06 07:27:49.732  1141 11681 E C01703/resource_schedule_service/socperf: [a92ab15875b2c10 0 0][HandleBatteryStatusChange]: SocPerfPlugin: socperf->HandleBatteryStatusChange invalid data
03-06 07:27:49.732  1321 11825 I C01202/foundation/Unordered: Pid 1805 publish usual.event.BATTERY_CHANGED to -1 end(25,25,0,0)
03-06 07:27:49.734  2107 10582 I C02931/batterycare_service/BCS/BatteryCareService: [298][HandleSystemEvent:213]: Event: usual.event.BATTERY_CHANGED
03-06 07:27:49.734  2107 10582 I C02931/batterycare_service/BCS/BatteryCareService: [299][PostUevent:270]: update uevent: SUBSYSTEM=power_supply 
03-06 07:27:49.735  1321 11685 I C01120/foundation/BMS: OnBatteryChanged
03-06 07:27:49.736  1805  2207 I C0290C/powermgr/PowerMode: GetDeviceMode: pid: 3809, uid: 20020028, mode: 600
03-06 07:27:49.737  1805 11840 W C057C1/powermgr/IPCWorkThread: ThreadHandler: proto:0 policy:0 name:OS_IPC_6_11840 invoker:2120251904
03-06 07:27:49.738  1805 11841 W C057C1/powermgr/IPCWorkThread: ThreadHandler: proto:0 policy:0 name:OS_IPC_7_11841 invoker:4236880256
03-06 07:27:49.738  1321 11685 I C01120/foundation/BMS: relabel state: -u 100, 1, 1, 0, 1, 0
03-06 07:27:49.738  1321 11685 I C01120/foundation/BMS: Refresh conditions not met
03-06 07:27:49.739   729 11779 I C01800/samgr/SAMGR: RecvEvent:usual.event.BATTERY_CHANGED,0_42
03-06 07:27:49.739  3809  3809 I A01B05/com.ohos.sceneboard/AOD: AodBatteryIconModel --> battery state changed
03-06 07:27:49.739  3809  3809 I A01A00/com.ohos.sceneboard/SYS_UI: BatteryComponent-batteryModel: initBatteryModel start
03-06 07:27:49.739  3809  3809 I A01A00/com.ohos.sceneboard/SYS_UI: BatteryComponent-batteryModel: common event battery changed uevent: SUBSYSTEM=power_supply, reverse charger type: 0
03-06 07:27:49.740   729 11779 I C01800/samgr/SAMGR: DoEvent:4 K:usual.event.BATTERY_CHANGED V:0
03-06 07:27:49.740   729 11779 I C01800/samgr/SAMGR: Scheduler SA:10120 load start 729,4_0_0
03-06 07:27:49.740  1203 11842 I C015B5/netmanager/NetMgrEnhanced: Common Event CameraStatus Error
03-06 07:27:49.740   729 11779 I C01800/samgr/SAMGR: NF SA:10120,729_29
03-06 07:27:49.740   729 11779 I C01800/samgr/SAMGR: DoLoadSA:10120,1_1,AddDeath fail
03-06 07:27:49.741  1457 11849 W C057C1/power_host/IPCWorkThread: ThreadHandler: proto:0 policy:0 name:OS_IPC_8_11849 invoker:1841346048
03-06 07:27:49.741  1319 11846 I C0430A/file_monitor_service/file_monitor_service: [global_event_subscriber.cpp:28 OnReceiveEvent]OnReceiveEvent:code=0,action=usual.event.BATTERY_CHANGED
03-06 07:27:49.741   727 11848 I C04300/storage_manager/StorageManager: [HandleBatteryChangedEvent:110] Handle battery changed event, level=73
03-06 07:27:49.741   727 11848 I C04300/storage_manager/StorageManager: [CheckAndTriggerStatistic:121] CheckAndTriggerStatistic: deviceState=0x03, battery=73%, isChargingScreenOff=1
03-06 07:27:49.741   727 11848 I C04300/storage_manager/StorageManager: [CheckAndTriggerStatistic:123] Trigger storage scan - device is charging, screen off, and battery > 10%
03-06 07:27:49.741   727 11848 I C04300/storage_manager/StorageManager: [StartScan:157] StorageManagerScan::StartScan called
03-06 07:27:49.741   727 11848 I C04300/storage_manager/StorageManager: [CheckScanPreconditions:215] CheckScanPreconditions: timeDiff=348532ms < 24h, skip scan
03-06 07:27:49.741   727 11848 I C04300/storage_manager/StorageManager: [StartScan:164] StorageManagerScan::StartScan preconditions not met
03-06 07:27:49.741  1319  2251 I C0430A/file_monitor_service/file_monitor_service: [event_bus.cpp:103 ProcessEvent]Scanner didn't subcribe event(32), pass.
03-06 07:27:49.741  1319  2251 I C0430A/file_monitor_service/file_monitor_service: [event_bus.cpp:103 ProcessEvent]FileMonitor didn't subcribe event(32), pass.
03-06 07:27:49.741  1319  2251 I C0430A/file_monitor_service/file_monitor_service: [power_listener.cpp:160 OnEvent]OnEvent PowerListener: 32, data code: 0
03-06 07:27:49.743  1319  2251 I C0430A/file_monitor_service/file_monitor_service: [power_listener.cpp:274 OnBatteryChangeEvent]PowerListener, batteryCap: 73
03-06 07:27:49.743  1319  2251 I C0430A/file_monitor_service/file_monitor_service: [power_listener.cpp:343 SetStatesAndNotify]SetStates:0,1,73,0,1,1,0
03-06 07:27:49.743  3809  3809 I A01A00/com.ohos.sceneboard/SYS_UI: BatteryComponent-batteryModel: checkPhoneLowBatteryNtf: 73, 73, true
03-06 07:27:49.743  1805 11841 I C0290C/powermgr/PowerMode: GetDeviceMode: pid: 3809, uid: 20020028, mode: 600
03-06 07:27:49.743   729 11779 I C02C02/PARAM: SystemWaitParameter startup.service.ctl.media_analysis_service v 5 ret 0
03-06 07:27:49.744  3809  3809 I A01B04/com.ohos.sceneboard/CC: Ctrl.FlashlightController: receive event data:usual.event.BATTERY_CHANGED
03-06 07:27:49.744  3809  3809 I A01B04/com.ohos.sceneboard/CC: Ctrl.FlashlightController: currentBatterySoc: 73, isBatteryLowerThreshold: false
03-06 07:27:49.744  3809  3809 I A01B04/com.ohos.sceneboard/CC: Ctrl.FlashlightController: setFlashlightDataIsUnAvailable visible:false, value:false
03-06 07:27:49.744   943 11834 I C02B87/audio_server/CommonEventSupervisor: [OnReceiveEvent]stateCode = 0, action = usual.event.BATTERY_CHANGED
03-06 07:27:49.744   943 11834 I C02B87/audio_server/CommonEventSupervisor: [AddCoolCaseParam]data.GetWant().GetStringParam = SUBSYSTEM=power_supply
03-06 07:27:49.744   943 11834 I C02B87/audio_server/CommonEventSupervisor: [CommonEventSetExtraParameters]CommonEvent SetExtraParameters Start
03-06 07:27:49.745   943 11834 E C02B87/audio_server/AudioServer: [SetCommonExtraParameters]invalid subkey or value
03-06 07:27:49.746  1456  1625 I C02925/battery_extra_host/power_hidl: [PowerHidlExeGetState]: ExeGetState type=psy Battery status, index=109, value=Charging
03-06 07:27:49.746  1456  1625 I C02925/battery_extra_host/power_hidl: , ret=0
03-06 07:27:49.749  1456  1625 I C02925/battery_extra_host/power_hidl: [PowerHidlExeGetState]: ExeGetState type=max_power, index=53, value=0
03-06 07:27:49.749  1456  1625 I C02925/battery_extra_host/power_hidl: , ret=0
03-06 07:27:49.752  1456  1625 I C02925/battery_extra_host/power_hidl: [PowerHidlExeGetState]: ExeGetState type=icon_type, index=57, value=1
03-06 07:27:49.752  1456  1625 I C02925/battery_extra_host/power_hidl: , ret=0
03-06 07:27:49.756  1456  1625 I C02925/battery_extra_host/power_hidl: [PowerHidlExeGetState]: ExeGetState type=capacity, index=23, value=73
03-06 07:27:49.756  1456  1625 I C02925/battery_extra_host/power_hidl: , ret=0
03-06 07:27:49.759   729 11779 I C02C02/PARAM: SystemSetParameter name ohos.ctl.start id:193 ret:0
03-06 07:27:49.759   729 11779 I C01800/samgr/SAMGR: Start dynamic proc:media_analysis_service,10120,0_16ms
03-06 07:27:49.759   729 11779 I C01800/samgr/SAMGR: Scheduler SA:10120 loading
03-06 07:27:49.760  1456  1625 I C02925/battery_extra_host/power_hidl: [PowerHidlExeGetState]: ExeGetState type=adp_product_type, index=64, value=0
03-06 07:27:49.760  1456  1625 I C02925/battery_extra_host/power_hidl: , ret=0
03-06 07:27:49.760   733  8977 I C02DA0/hiview/FaultLeakDetectorManager: NotifyProcessCreate: notify create media_analysis_service:11854, processType:2000
03-06 07:27:49.761  2107 10582 I C02931/batterycare_service/BCS/NotificationMgr: [300][UpdateDeviceStatus:139]: 1, 1, 0, 73 0
03-06 07:27:49.762  1141 11681 I C01702/resource_schedule_service/CgroupUtils: [a92ab25875ba08b 0 0]ApplySystemProcessGroup set 11854 to group 2 success
03-06 07:27:49.762  1141 11681 I C01706/resource_schedule_service/ueaServer-IntelliSenseServer: [a92ab25875ba08b 0 0]pid: 11854 Get ReportCgroupChange: oldGroup: 0 to 2
03-06 07:27:49.816 11854 11854 I C01810/sa_main/SAFWK: main enter SAFWK main, proc:11854
03-06 07:27:49.816 11854 11854 I C01810/sa_main/SAFWK: ParseArgv ParseArgv extraArgv eventStr:10120#4#usual.event.BATTERY_CHANGED#0#42#!
03-06 07:27:49.816 11854 11854 I C01810/media_analysis_service/SAFWK: operator() Set process name to media_analysis_service
03-06 07:27:49.822 11854 11854 I C01810/media_analysis_service/SAFWK: InitProfiles proc:media_analysis_service end,spend:6ms
03-06 07:27:49.823 11854 11855 W C057C1/media_analysis_service/IPCWorkThread: ThreadHandler: proto:0 policy:1 name:OS_IPC_0_11855 invoker:3871375104
03-06 07:27:49.823 11854 11856 I C02D06/media_analysis_service/XCollie: init default task finished.
03-06 07:27:49.894 11854 11857 W C057C1/media_analysis_service/IPCWorkThread: ThreadHandler: proto:0 policy:0 name:OS_IPC_1_11857 invoker:3871372544
03-06 07:27:49.924 11854 11854 I C01810/media_analysis_service/SAFWK: AddAbility set profile attr for SA:10120
03-06 07:27:49.924 11854 11854 I C01800/media_analysis_service/SAMGR: SA:10120 OpenSo 102ms
03-06 07:27:49.924 11854 11854 I C01810/media_analysis_service/SAFWK: InitOnDemandSa LoadSaLib SA:10120 finished,spend:102ms
03-06 07:27:49.925   729   729 I C01800/samgr/SAMGR: AddProc:media_analysis_service,185ms
03-06 07:27:49.925   729   729 I C01800/samgr/SAMGR: Scheduler proc:media_analysis_service handle started event
03-06 07:27:49.925   729   729 I C01800/samgr/SAMGR: Scheduler proc:media_analysis_service state 0 to 1
03-06 07:27:49.925   729   729 I C01800/samgr/SAMGR: Scheduler proc:media_analysis_service started
03-06 07:27:49.925  1141  1499 I C01810/resource_schedule_service/SA_CLIENT: onProcStart,pid:11854
03-06 07:27:49.925 11854 11854 I C01810/media_analysis_service/SAFWK: Run curThread is 14,proc:media_analysis_service,SA:10120
03-06 07:27:49.925  1041  3281 I C01810/memmgrservice/SA_CLIENT: onProcStart,pid:11854
03-06 07:27:49.926  1141 11681 I C01731/resource_schedule_service/SUSPEND_MSG: [a92ab35875e203f 0 0]pid:11854 uid:7102 processName:media_analysis_service create
03-06 07:27:49.927 11854 11858 I C01810/media_analysis_service/SAFWK: get extra id: 42
03-06 07:27:49.927 11854 11858 I C01810/media_analysis_service/SAFWK: Start-SA:10120
03-06 07:27:49.927 11854 11858 W C01719/media_analysis_service/ffrt_acc: 1:GetQosByUidImpl:426 use system-app qos level setting
03-06 07:27:49.928 11854 11873 W C01719/media_analysis_service/ffrt: 1:operator():110 [-243558064] set priority warn ret[1] eno[0]
03-06 07:27:49.928  1176  1773 W C02160/hiaiserver/RUNTIME: PrimaryContextRetain:286 Context incRef, count = 0x4
03-06 07:27:49.928  1176  1773 W C02160/hiaiserver/RUNTIME: PrimaryContextRelease:317 Context tryDecRef, count = 0x3, reset:0
03-06 07:27:49.928 11854 11872 I C01653/media_analysis_service/NativePreferences: XmlReadFile: file:/***/log_***.xml, m:0.
03-06 07:27:49.928 11854 11858 I C02B75/media_analysis_service/MediaCV: [LoadFromPersistence] load log size from persistence date:19700306, size: 1241540
03-06 07:27:49.928 11854 11858 I C02B75/media_analysis_service/MediaCV: [OnStart] OnStart
03-06 07:27:49.928 11854 11858 I C02B75/media_analysis_service/MediaCV: [comm][OnStart] OnStart GetParameter value: 0
03-06 07:27:49.928   729   729 I C01800/samgr/SAMGR: insert SA:10120_161
03-06 07:27:49.928   729   729 I C01800/samgr/SAMGR: Scheduler SA:10120 handle load suc event
03-06 07:27:49.928   729   729 I C01800/samgr/SAMGR: Scheduler SA:10120 loaded
03-06 07:27:49.929 11854 11858 I C01810/media_analysis_service/SAFWK: Publish SA:10120 result:0,spend:0ms
03-06 07:27:49.929 11854 11858 I C02B75/media_analysis_service/MediaCV: [HandleStartEvent] OnStart reason name:usual.event.BATTERY_CHANGED, value: 0, extraData: [NetType:-1,[bundleName:,[chargeState:1,[common_event_action_name:usual.event.BATTERY_CHANGED,[healthState:1,[moduleName:,[pluggedType:2,[present:true,[soc:73,[technology:Li-poly,[temperature:300,[uevent:SUBSYSTEM=power_supply,[uid:-1,[voltage:4193811,
03-06 07:27:49.929   729 11779 I C01800/samgr/SAMGR: DelayUnloadTime is 160000, SA:10120
03-06 07:27:49.929   729 11779 I C01800/samgr/SAMGR: FindSaNotify SA:10120,3_147
03-06 07:27:49.929   729 11779 I C01800/samgr/SAMGR: SendSaAddedMsg notify SA:10120
03-06 07:27:49.929   729 11779 I C01800/samgr/SAMGR: notify SA:10120,729
03-06 07:27:49.929   729   729 I C01800/samgr/SAMGR: SubscribeSA:1301,11854_99_1
03-06 07:27:49.929   729   729 I C01800/samgr/SAMGR: NotifyAddSA:1301,11854_1
03-06 07:27:49.930 11854 11858 I C01651/media_analysis_service/ams_mgr_proxy: Connect: uri = ******/media
03-06 07:27:49.930  1321  6357 I C01342/foundation/ServiceExt: [ABMS5767]element: /
03-06 07:27:49.930  1321  6357 W C01336/foundation/AMS: [crowd_test_interceptor.cpp88]GetAppInfo failed
03-06 07:27:49.930  1321  6357 W C01120/foundation/BMS: get running rule -n empty
03-06 07:27:49.931  1321  6357 W C01123/foundation/BMSCommon: uid(7102) invalid
03-06 07:27:49.931  1321  6357 I C01336/foundation/AMS: [start_ability_utils.cpp57]appIndex:-1
03-06 07:27:49.931  1321  6357 I C01121/foundation/BMSQuery: ExplicitQueryAbility no match -n com.ohos.medialibrary.medialibrarydata -m  -a DataShareExtAbility -u 100 -i 0
03-06 07:27:49.931  1321  6357 I C01121/foundation/BMSQuery: ExplicitQueryExtension size:1 -n com.ohos.medialibrary.medialibrarydata -m  -e DataShareExtAbility -u 100 -i 0
03-06 07:27:49.932  1978  1978 E C05A01/distributeddata/ATM: [GetHapTokenInfo]TokenID =671546283 is invalid
03-06 07:27:49.932  1321  6357 W C01123/foundation/BMSCommon: uid(7102) invalid
03-06 07:27:49.932  1321  6357 W C01337/foundation/EcologicalRule: [ERI248]failed,uid: 7102
03-06 07:27:49.932  1321  6357 I C01337/foundation/EcologicalRule: [ERI307]ERMS's caller{_7102_11854}
03-06 07:27:49.932  1321  6357 I C01719/foundation/ffrt: 35:SendTimeoutWatchdog:53 start to set watchdog for task gid=8646 with timeout [60000 ms] 
03-06 07:27:49.932  1321  6357 I C01719/foundation/ffrt: 37:SendTimeoutWatchdog:53 start to set watchdog for task gid=8647 with timeout [60000 ms] 
03-06 07:27:49.932  1321  6357 I C01340/foundation/Ext: [ABCM482]Active
03-06 07:27:49.932  1321  6357 I C01340/foundation/Ext: [ABCM499]connected
03-06 07:27:49.932  1321  6357 I C01336/foundation/AMS: [CONN137]Connect,DataShareExtAbility
03-06 07:27:49.932  1321  6357 I C01335/foundation/Connection: [CONN173]connectState:2
03-06 07:27:49.933 11854 11858 I C01651/media_analysis_service/datashare_connection: ConnectDataShareExtAbility: uri = ******/media. ret = 0
03-06 07:27:49.933  1141 11681 I C01731/resource_schedule_service/SUSPEND_MSG: [a92ab55875e3cd3 0 0]called:20020109_com.ohos.medialibrary.medialibrarydata_DataShareExtAbility_4075,caller:7102_11854_11854,connect:1_0
03-06 07:27:49.935  1978  1978 I C01610/distributeddata/KvStoreDataService: operator(): bundle:media_analysis_service, feature:data_share, uid:7102, pid:11854, emplace:success.
03-06 07:27:49.935  1321 11685 W C01123/foundation/BMSCommon: uid(5523) invalid
03-06 07:27:49.935 11854 11878 W C057C1/media_analysis_service/IPCWorkThread: ThreadHandler: proto:0 policy:0 name:OS_IPC_2_11878 invoker:1691071104
03-06 07:27:49.935 11854 11855 I C01651/media_analysis_service/datashare_connection: OnAbilityConnectDone: req uri:******/media, rev uri:******dialibrary.medialibrarydata//DataShareExtAbility, ret=0
03-06 07:27:49.935 11854 11879 W C057C1/media_analysis_service/IPCWorkThread: ThreadHandler: proto:0 policy:0 name:OS_IPC_3_11879 invoker:3871371904
03-06 07:27:49.935 11854 11855 I C01340/media_analysis_service/Ext: [ACCS144]connect end,DataShareExtAbility
03-06 07:27:49.935 11854 11857 E C01651/media_analysis_service/data_share_manager_impl: RegisterClientDeathObserver: RegisterClientDeathObserver failed, bundleName is media_analysis_service
03-06 07:27:49.935 11854 11857 E C01651/media_analysis_service/data_share_manager_impl: GetDataShareServiceProxy: RegisterClientDeathObserver failed
03-06 07:27:49.935 11854 11858 I C02B75/media_analysis_service/MediaCV: [Init] Background task go with operation config
03-06 07:27:49.935 11854 11857 I C01651/media_analysis_service/data_share_manager_impl: operator(): RecoverObs start
03-06 07:27:49.935 11854 11858 I C01810/media_analysis_service/SAFWK: Start OnStart-SA:10120 finished, spend:8 ms
03-06 07:27:49.935 11854 11880 I C02B75/media_analysis_service/MediaCV: [ChangeRunningStatus] Task run in background!
03-06 07:27:49.935 11854 11880 I C02B75/media_analysis_service/MediaCV: [MediaAnalysisProp] MediaAnalysisProp created, isDebugEnabled_:0, isVlmAffectiveEnabled_:1, isProactiveAnalysisOn:0, isAcProactiveAnalysisReleased_:0, isDcProactiveAnalysisReleased_:0, isDcBaseQuotaAnalysisReleased_:0, isDcExtraQuotaAnalysisReleased_:0 isCloneAnalysisReleased_:1
03-06 07:27:49.935 11854 11880 I C02B75/media_analysis_service/MediaCV: [InitSupportProactiveAnalyse] deviceModel:DEL-AL10, isSupport:0, isParamProactiveSupport: 0
03-06 07:27:49.935 11854 11858 I C01810/media_analysis_service/SAFWK: StartSystemAbilityTask media_analysis_service SA:10120 init finished, 119 ms
03-06 07:27:49.935 11854 11854 I C01810/media_analysis_service/SAFWK: start tasks proc:media_analysis_service end,spend 9ms
03-06 07:27:49.935  1041 11406 I C02699/memmgrservice/MM: UpdatePriorityLocked BIND: 4075, 20020109, 100, [(727-0)(11854-0)], 11000
03-06 07:27:49.937 11854 11854 I C01810/media_analysis_service/SAFWK: IsConfigUnused unusedCfgMap_ size:0
03-06 07:27:49.945 11854 11880 I C02C02/PARAM: SystemSetParameter name persist.multimedia.media_analysis_service.ac_proactive_analysis.release.enabled id:2 ret:0
03-06 07:27:49.946 11854 11880 I C02C02/PARAM: SystemSetParameter name persist.multimedia.media_analysis_service.dc_proactive_analysis.release.enabled id:3 ret:0
03-06 07:27:49.947 11854 11880 I C02C02/PARAM: SystemSetParameter name persist.multimedia.media_analysis_service.dc_base_quota_analysis.release.enabled id:4 ret:0
03-06 07:27:49.947 11854 11880 I C02C02/PARAM: SystemSetParameter name persist.multimedia.media_analysis_service.dc_extra_quota_analysis.release.enabled id:5 ret:0
03-06 07:27:49.947 11854 11880 I C02B75/media_analysis_service/MediaCV: [InitSupportDcExtraQuotaAnalyse] deviceModel:DEL-AL10, isSupport:0
03-06 07:27:49.948 11854 11880 I C02C02/PARAM: SystemSetParameter name persist.multimedia.media_analysis_service.dc_extra_quota_analysis.supported id:6 ret:0
03-06 07:27:49.948 11854 11880 I C02B75/media_analysis_service/MediaCV: [Create_instance] hasPolicy:0
03-06 07:27:49.949 11854 11880 I C01719/media_analysis_service/ffrt: 2:QueueMonitor:44 timeout:30000000 us
03-06 07:27:49.949   729   729 I C01800/samgr/SAMGR: SubscribeSA:3299,11854_163_2
03-06 07:27:49.949   729   729 I C01800/samgr/SAMGR: NotifyAddSA:3299,11854_2
03-06 07:27:49.950  1321 11685 W C01202/foundation/Subscriber: Subscribe common.event.USER_NOT_CARE_CHARGE_SLEEP,PROACTIVE_ANALYSIS_USER_EVENT, without any restrict subid = 11854_7102_-1_846_-1
03-06 07:27:49.950  1321 11685 I C01202/foundation/Subscriber: Subscribe 11854_7102_-1_846_-1
03-06 07:27:49.950 11854 11880 I C02901/media_analysis_service/PowerFwk: Connecting PowerMgrService success, pid=11854
03-06 07:27:49.950 11854 11880 I C02901/media_analysis_service/PowerFwk: IsScreenOn=0, caller pid=11854
03-06 07:27:49.950 11854 11880 I C02921/media_analysis_service/BatteryFwk: Connecting PowerMgrService success, pid=11854
03-06 07:27:49.952 11854 11880 I C02941/media_analysis_service/ThermalFwk: Connecting ThermalMgrService success.
03-06 07:27:49.952  1805 11841 I C0290C/powermgr/PowerMode: GetDeviceMode: pid: 11854, uid: 7102, mode: 600
03-06 07:27:49.957   729   729 I C01800/samgr/SAMGR: SubscribeSA:200,11854_83_3
03-06 07:27:49.958   729   729 I C01800/samgr/SAMGR: NotifyAddSA:200,11854_3
03-06 07:27:49.968 11854 11880 E C02B75/media_analysis_service/MediaCV: [QueryOOBEState] QueryOOBEState row zero.
03-06 07:27:49.968 11854 11880 I C02B75/media_analysis_service/MediaCV: [IsOOBEStateEnd] oobe state: isDeviceProvValue = 0, isUserSetupValue = 0, isOtaFinishValue = 0.
03-06 07:27:49.968 11854 11880 E C02B75/media_analysis_service/MediaCV: [IsAnalysisServiceSwitchOn] the OOBE state not end!
03-06 07:27:49.969 11854 11880 E C02B75/media_analysis_service/MediaCV: [CheckHasNetwork] maybe no network
03-06 07:27:49.970 11854 11872 I C01653/media_analysis_service/NativePreferences: XmlReadFile: file:/***/proa***.xml, m:0.
03-06 07:27:49.971 11854 11880 I C02B75/media_analysis_service/MediaCV: [HandleAnalysisStart] HandleAnalysisStart, initial capacity:73, thermal:0, hasShownNotification: [0, 0]
03-06 07:27:49.971 11854 11880 I C02B75/media_analysis_service/MediaCV: [ClearProactiveAnalysisPause] isProactivePauseNow: 0
03-06 07:27:49.972 11854 11880 I C02901/media_analysis_service/PowerFwk: IsScreenOn=0, caller pid=11854
03-06 07:27:49.973 11854 11880 I C02901/media_analysis_service/PowerFwk: IsScreenOn=0, caller pid=11854
03-06 07:27:49.973 11854 11880 I C02B75/media_analysis_service/MediaCV: [StartTaskManagerOperation] canAcquireWakeLock:1
03-06 07:27:49.973 11854 11880 I C02B75/media_analysis_service/MediaCV: [AcquireWakeLock] acquireWakeLock
03-06 07:27:49.973 11854 11880 I C02900/media_analysis_service/PowerLock: CrtN:mediaAnalysisService,T=1
03-06 07:27:49.974  1805 11841 I C02908/powermgr/PowerRunningLock: CrtN:mediaAnalysisService_409955,T:65
03-06 07:27:49.974  1457  1637 I C02511/power_host/HDF_LOG_TAG: BL active,T=65
03-06 07:27:49.974  1805 11841 I C02900/powermgr/PowerLock: P=11854U=7102T=65N=mediaAnalysisService_409955B=TA=AD
03-06 07:27:49.975 11854 11872 I C01653/media_analysis_service/NativePreferences: XmlReadFile: file:/***/medi***.xml, m:0.
03-06 07:27:49.975 11854 11880 I C02B75/media_analysis_service/MediaCV: [LoadParamsFromPreferences] highlightIdleStamp: 0, cvLocationHasDataTimeStamp: 0
03-06 07:27:49.975 11854 11880 I C02B75/media_analysis_service/MediaCV: [CheckRemainSpaceMeetCondition] check free space success, totalSize:512000000000, freeSize:459391426560
03-06 07:27:49.975 11854 11880 I C02B75/media_analysis_service/MediaCV: [SyncPauseFlag] currentUserId is: 100
03-06 07:27:49.979 11854 11880 I C02901/media_analysis_service/PowerFwk: IsScreenOn=0, caller pid=11854
03-06 07:27:49.981  1805 11841 I C0290C/powermgr/PowerMode: GetDeviceMode: pid: 11854, uid: 7102, mode: 600
03-06 07:27:49.996 11854 11880 E C02B75/media_analysis_service/MediaCV: [QueryOOBEState] QueryOOBEState row zero.
03-06 07:27:49.997 11854 11880 I C02B75/media_analysis_service/MediaCV: [IsOOBEStateEnd] oobe state: isDeviceProvValue = 0, isUserSetupValue = 0, isOtaFinishValue = 0.
03-06 07:27:49.997 11854 11880 E C02B75/media_analysis_service/MediaCV: [IsAnalysisServiceSwitchOn] the OOBE state not end!
03-06 07:27:49.997 11854 11880 E C02B75/media_analysis_service/MediaCV: [CheckHasNetwork] maybe no network
03-06 07:27:49.998 11854 11880 E C02B75/media_analysis_service/MediaCV: [IsExistCCMFile] Get CCM operation condition json from etc/multimedia/media_analysis_service_runing_config.json failed.
03-06 07:27:49.998 11854 11880 W C02B75/media_analysis_service/MediaCV: [LoadTaskConfig] Load ccm config fail, use default config
03-06 07:27:49.998 11854 11880 I C02B75/media_analysis_service/MediaCV: [ParseTaskConfigs] ParseTaskConfigs result: {taskName:PHONE_BACKGROUND_AC_CLONE_TASK, taskConditions:{parameters : [isAnalysisServiceSwitchOn,isCloneAnalysisOn], thermal_level : 1, screen_off_status : 1, is_force_sleeping : 0, battery_capacity : 20, device_type : phone, charge_status : 1, }, attributes:{},subTask: {taskName:Search, taskConditions:{parameters : [isSearchEnable], }, attributes:{},subTask: {taskName:INDEX_BUILD, taskConditions:{}, attributes:{},},},}!
03-06 07:27:49.998 11854 11880 E C02B75/media_analysis_service/MediaCV: [IsExistCCMFile] Get CCM path file failed
03-06 07:27:49.998 11854 11880 E C02B75/media_analysis_service/MediaCV: [IsCurConditionOk] task: PHONE_BACKGROUND_AC_CLONE_TASK condition: parameters not ok
03-06 07:27:49.998 11854 11880 E C02B75/media_analysis_service/MediaCV: [IsExistCCMFile] Get CCM operation condition json from etc/multimedia/media_analysis_service_runing_config.json failed.
03-06 07:27:49.998 11854 11880 W C02B75/media_analysis_service/MediaCV: [LoadTaskConfig] Load ccm config fail, use default config
03-06 07:27:49.999 11854 11880 I C02B75/media_analysis_service/MediaCV: [ParseTaskConfigs] ParseTaskConfigs result: {taskName:PHONE_BACKGROUND_AC_PROACTIVE_TASK, taskConditions:{parameters : [isAnalysisServiceSwitchOn,isProactiveAnalysisOn,isAcProactiveAnalysisReleased,isCloneAnalysisOff], thermal_level : [1,3], screen_off_status : 1, is_force_sleeping : 0, battery_capacity : 40, device_type : phone, charge_status : 1, }, attributes:{},subTask: {taskName:Location, taskConditions:{parameters : [isPhotoNetworkConnectSwitchOn], }, attributes:{},},subTask: {taskName:Search, taskConditions:{parameters : [isSearchEnable], }, attributes:{},subTask: {taskName:INDEX_BUILD, taskConditions:{}, attributes:{},},},subTask: {taskName:Highlight, taskConditions:{parameters : [isHighlightEnable], }, attributes:{},subTask: {taskName:RemoveInvalidAlbumValve, taskConditions:{}, attributes:{},},subTask: {taskName:HighlightUpdateValve, taskConditions:{}, attributes:{},},subTask: {taskName:ClusterGeneratorValve, taskConditions:{}, attributes:{},},subTask: {taskName:ClusterIterationValve, taskConditions:{}, attributes:{},},},subTask: {taskName:Vision, taskConditions:{parameters : [isVisionEnable], }, attributes:{needClearDirtyData, },},subTask: {taskName:Search, taskConditions:{parameters : [isSearchEnable], }, attributes:{},subTask: {taskName:INDEX_UPDATE, taskConditions:{}, attributes:{},},},}!
03-06 07:27:49.999 11854 11880 E C02B75/media_analysis_service/MediaCV: [IsExistCCMFile] Get CCM path file failed
03-06 07:27:49.999 11854 11880 E C02B75/media_analysis_service/MediaCV: [IsCurConditionOk] task: PHONE_BACKGROUND_AC_PROACTIVE_TASK condition: parameters not ok
03-06 07:27:49.999 11854 11880 E C02B75/media_analysis_service/MediaCV: [IsExistCCMFile] Get CCM operation condition json from etc/multimedia/media_analysis_service_runing_config.json failed.
03-06 07:27:49.999 11854 11880 W C02B75/media_analysis_service/MediaCV: [LoadTaskConfig] Load ccm config fail, use default config
03-06 07:27:49.999 11854 11880 I C02B75/media_analysis_service/MediaCV: [ParseTaskConfigs] ParseTaskConfigs result: {taskName:PHONE_BACKGROUND_AC_TASK, taskConditions:{device_type : phone, battery_capacity : 50, thermal_level : [1,3], screen_off_status : 1, is_force_sleeping : 0, charge_status : 1, parameters : [isAnalysisServiceSwitchOn,isCloneAnalysisOff], !parameters : [isProactiveAnalysisOn,isAcProactiveAnalysisReleased], }, attributes:{},subTask: {taskName:Location, taskConditions:{parameters : [isPhotoNetworkConnectSwitchOn], }, attributes:{},},subTask: {taskName:Search, taskConditions:{parameters : [isSearchEnable], }, attributes:{},subTask: {taskName:INDEX_BUILD, taskConditions:{}, attributes:{},},},subTask: {taskName:Highlight, taskConditions:{parameters : [isHighlightEnable], }, attributes:{},subTask: {taskName:RemoveInvalidAlbumValve, taskConditions:{}, attributes:{},},subTask: {taskName:HighlightUpdateValve, taskConditions:{}, attributes:{},},subTask: {taskName:ClusterGeneratorValve, taskConditions:{}, attributes:{},},subTask: {taskName:ClusterIterationValve, taskConditions:{}, attributes:{},},},subTask: {taskName:Vision, taskConditions:{parameters : [isVisionEnable], }, attributes:{needClearDirtyData, },},subTask: {taskName:Search, taskConditions:{parameters : [isSearchEnable], }, attributes:{},subTask: {taskName:INDEX_UPDATE, taskConditions:{}, attributes:{},},},}!
03-06 07:27:50.000 11854 11880 E C02B75/media_analysis_service/MediaCV: [IsExistCCMFile] Get CCM path file failed
03-06 07:27:50.000 11854 11880 E C02B75/media_analysis_service/MediaCV: [IsCurConditionOk] task: PHONE_BACKGROUND_AC_TASK condition: parameters not ok
03-06 07:27:50.000 11854 11880 E C02B75/media_analysis_service/MediaCV: [IsExistCCMFile] Get CCM operation condition json from etc/multimedia/media_analysis_service_runing_config.json failed.
03-06 07:27:50.000 11854 11880 W C02B75/media_analysis_service/MediaCV: [LoadTaskConfig] Load ccm config fail, use default config
03-06 07:27:50.000 11854 11880 I C02B75/media_analysis_service/MediaCV: [ParseTaskConfigs] ParseTaskConfigs result: {taskName:PHONE_BACKGROUND_DC_CLONE_TASK, taskConditions:{power_save_mode : 0, parameters : [isAnalysisServiceSwitchOn,isCloneAnalysisOn], thermal_level : 1, screen_off_status : 1, is_force_sleeping : 0, battery_capacity : 20, device_type : phone, charge_status : 0, is_sleep_status : 0, }, attributes:{},subTask: {taskName:Search, taskConditions:{parameters : [isSearchEnable], }, attributes:{},subTask: {taskName:INDEX_BUILD, taskConditions:{}, attributes:{},},},}!
03-06 07:27:50.000 11854 11880 E C02B75/media_analysis_service/MediaCV: [IsExistCCMFile] Get CCM path file failed
03-06 07:27:50.000 11854 11880 E C02B75/media_analysis_service/MediaCV: [IsCurConditionOk] task: PHONE_BACKGROUND_DC_CLONE_TASK condition: parameters not ok
03-06 07:27:50.000 11854 11880 E C02B75/media_analysis_service/MediaCV: [IsExistCCMFile] Get CCM operation condition json from etc/multimedia/media_analysis_service_runing_config.json failed.
03-06 07:27:50.000 11854 11880 W C02B75/media_analysis_service/MediaCV: [LoadTaskConfig] Load ccm config fail, use default config
03-06 07:27:50.001 11854 11880 I C02B75/media_analysis_service/MediaCV: [ParseTaskConfigs] ParseTaskConfigs result: {taskName:PHONE_BACKGROUND_DC_EXTRA_QUOTA_TASK, taskConditions:{power_save_mode : 0, parameters : [isAnalysisServiceSwitchOn,isDcExtraQuotaAnalysisReleased,isDcExtraQuotaAnalysisSupported,isProactiveAnalysisOffOrPause,isCloneAnalysisOff], thermal_level : 1, screen_off_status : 1, is_force_sleeping : 0, battery_capacity : 80, device_type : phone, charge_status : 0, is_sleep_status : 0, }, attributes:{},subTask: {taskName:Search, taskConditions:{parameters : [isSearchEnable], }, attributes:{},subTask: {taskName:INDEX_BUILD, taskConditions:{max_count : 2000, }, attributes:{},},},subTask: {taskName:Vision, taskConditions:{parameters : [isVisionEnable], }, attributes:{},subTask: {taskName:SHARED_BACKBONE, taskConditions:{max_count : 50, }, attributes:{},},subTask: {taskName:OCR, taskConditions:{max_count : 50, }, attributes:{},},},subTask: {taskName:Search, taskConditions:{parameters : [isSearchEnable], }, attributes:{},subTask: {taskName:INDEX_UPDATE, taskConditions:{max_count : 2000, }, attributes:{},},},}!
03-06 07:27:50.001 11854 11880 E C02B75/media_analysis_service/MediaCV: [IsExistCCMFile] Get CCM path file failed
03-06 07:27:50.001 11854 11880 E C02B75/media_analysis_service/MediaCV: [IsCurConditionOk] task: PHONE_BACKGROUND_DC_EXTRA_QUOTA_TASK condition: parameters not ok
03-06 07:27:50.001 11854 11880 E C02B75/media_analysis_service/MediaCV: [IsExistCCMFile] Get CCM operation condition json from etc/multimedia/media_analysis_service_runing_config.json failed.
03-06 07:27:50.001 11854 11880 W C02B75/media_analysis_service/MediaCV: [LoadTaskConfig] Load ccm config fail, use default config
03-06 07:27:50.001 11854 11880 I C02B75/media_analysis_service/MediaCV: [ParseTaskConfigs] ParseTaskConfigs result: {taskName:PHONE_BACKGROUND_DC_BASE_QUOTA_TASK, taskConditions:{power_save_mode : 0, parameters : [isAnalysisServiceSwitchOn,isDcBaseQuotaAnalysisReleased,isProactiveAnalysisOffOrPause,isCloneAnalysisOff], thermal_level : [1,1], screen_off_status : 1, is_force_sleeping : 0, battery_capacity : 50, device_type : phone, charge_status : 0, }, attributes:{},subTask: {taskName:Search, taskConditions:{parameters : [isSearchEnable], }, attributes:{},subTask: {taskName:INDEX_BUILD, taskConditions:{max_count : 2000, }, attributes:{},},},subTask: {taskName:Vision, taskConditions:{parameters : [isVisionEnable], }, attributes:{},subTask: {taskName:SHARED_BACKBONE, taskConditions:{max_count : 20, }, attributes:{},},subTask: {taskName:OCR, taskConditions:{max_count : 20, }, attributes:{},},},subTask: {taskName:Search, taskConditions:{parameters : [isSearchEnable], }, attributes:{},subTask: {taskName:INDEX_UPDATE, taskConditions:{max_count : 2000, }, attributes:{},},},}!
03-06 07:27:50.002 11854 11880 E C02B75/media_analysis_service/MediaCV: [IsExistCCMFile] Get CCM path file failed
03-06 07:27:50.002 11854 11880 E C02B75/media_analysis_service/MediaCV: [IsCurConditionOk] task: PHONE_BACKGROUND_DC_BASE_QUOTA_TASK condition: parameters not ok
03-06 07:27:50.002 11854 11880 E C02B75/media_analysis_service/MediaCV: [IsExistCCMFile] Get CCM operation condition json from etc/multimedia/media_analysis_service_runing_config.json failed.
03-06 07:27:50.002 11854 11880 W C02B75/media_analysis_service/MediaCV: [LoadTaskConfig] Load ccm config fail, use default config
03-06 07:27:50.002 11854 11880 I C02B75/media_analysis_service/MediaCV: [ParseTaskConfigs] ParseTaskConfigs result: {taskName:PHONE_BACKGROUND_DC_PROACTIVE_TASK, taskConditions:{power_save_mode : 0, is_sleep_status : 0, device_type : phone, battery_capacity : 40, thermal_level : 1, screen_off_status : 1, is_force_sleeping : 0, charge_status : 0, parameters : [isAnalysisServiceSwitchOn,isProactiveAnalysisOn,isDcProactiveAnalysisReleased,isCloneAnalysisOff], !parameters : [isTodayProactiveShouldPause], }, attributes:{},subTask: {taskName:Location, taskConditions:{parameters : [isPhotoNetworkConnectSwitchOn], }, attributes:{},},subTask: {taskName:Search, taskConditions:{parameters : [isSearchEnable], }, attributes:{},subTask: {taskName:INDEX_BUILD, taskConditions:{}, attributes:{},},},subTask: {taskName:Vision, taskConditions:{parameters : [isVisionEnable], }, attributes:{needSchedule, },subTask: {taskName:SHARED_BACKBONE, taskConditions:{}, attributes:{},},subTask: {taskName:FACE_FEATURE, taskConditions:{}, attributes:{},},subTask: {taskName:OCR, taskConditions:{}, attributes:{},},subTask: {taskName:AESTHETIC, taskConditions:{}, attributes:{},},subTask: {taskName:HEAD_DETECT, taskConditions:{}, attributes:{},},subTask: {taskName:BEAUTY_AESTHETICS, taskConditions:{}, attributes:{},},subTask: {taskName:NEGATIVE_EMOTION, taskConditions:{}, attributes:{},},subTask: {taskName:FACE_CLUSTER, taskConditions:{}, attributes:{},},subTask: {taskName:COMPOSITION_CROP, taskConditions:{}, attributes:{},},},subTask: {taskName:Search, taskConditions:{parameters : [isSearchEnable], }, attributes:{},subTask: {taskName:INDEX_UPDATE, taskConditions:{}, attributes:{},},},}!
03-06 07:27:50.002 11854 11880 E C02B75/media_analysis_service/MediaCV: [IsExistCCMFile] Get CCM path file failed
03-06 07:27:50.003 11854 11880 E C02B75/media_analysis_service/MediaCV: [IsCurConditionOk] task: PHONE_BACKGROUND_DC_PROACTIVE_TASK condition: charge_status not ok
03-06 07:27:50.003 11854 11880 E C02B75/media_analysis_service/MediaCV: [IsExistCCMFile] Get CCM operation condition json from etc/multimedia/media_analysis_service_runing_config.json failed.
03-06 07:27:50.003 11854 11880 W C02B75/media_analysis_service/MediaCV: [LoadTaskConfig] Load ccm config fail, use default config
03-06 07:27:50.003 11854 11880 I C02B75/media_analysis_service/MediaCV: [ParseTaskConfigs] ParseTaskConfigs result: {taskName:PC_BACKGROUND_AC_TASK, taskConditions:{thermal_level : 4, is_force_sleeping : 0, screen_off_status : 1, parameters : [isAnalysisServiceSwitchOn], device_type : pc, charge_status : 1, }, attributes:{},subTask: {taskName:Location, taskConditions:{parameters : [isPhotoNetworkConnectSwitchOn], }, attributes:{},},subTask: {taskName:Search, taskConditions:{parameters : [isSearchEnable], }, attributes:{},subTask: {taskName:INDEX_BUILD, taskConditions:{}, attributes:{},},},subTask: {taskName:Vision, taskConditions:{parameters : [isVisionEnable], }, attributes:{needClearDirtyData, },},subTask: {taskName:Search, taskConditions:{parameters : [isSearchEnable], }, attributes:{},subTask: {taskName:INDEX_UPDATE, taskConditions:{}, attributes:{},},},}!
03-06 07:27:50.003 11854 11880 E C02B75/media_analysis_service/MediaCV: [IsExistCCMFile] Get CCM path file failed
03-06 07:27:50.003 11854 11880 E C02B75/media_analysis_service/MediaCV: [IsCurConditionOk] task: PC_BACKGROUND_AC_TASK condition: parameters not ok
03-06 07:27:50.003 11854 11880 E C02B75/media_analysis_service/MediaCV: [IsExistCCMFile] Get CCM operation condition json from etc/multimedia/media_analysis_service_runing_config.json failed.
03-06 07:27:50.003 11854 11880 W C02B75/media_analysis_service/MediaCV: [LoadTaskConfig] Load ccm config fail, use default config
03-06 07:27:50.004 11854 11880 I C02B75/media_analysis_service/MediaCV: [ParseTaskConfigs] ParseTaskConfigs result: {taskName:PC_FOREGROUND_AC_TASK, taskConditions:{thermal_level : 4, is_force_sleeping : 0, screen_off_status : 0, parameters : [isAnalysisServiceSwitchOn], device_type : pc, charge_status : 1, }, attributes:{},subTask: {taskName:Search, taskConditions:{parameters : [isSearchEnable], }, attributes:{},subTask: {taskName:INDEX_BUILD, taskConditions:{}, attributes:{},},},subTask: {taskName:Vision, taskConditions:{parameters : [isVisionEnable], }, attributes:{needClearDirtyData, },subTask: {taskName:OCR, taskConditions:{}, attributes:{},},subTask: {taskName:LABEL_DETECT, taskConditions:{}, attributes:{},},},subTask: {taskName:Search, taskConditions:{parameters : [isSearchEnable], }, attributes:{},subTask: {taskName:INDEX_UPDATE, taskConditions:{}, attributes:{},},},}!
03-06 07:27:50.004 11854 11880 E C02B75/media_analysis_service/MediaCV: [IsExistCCMFile] Get CCM path file failed
03-06 07:27:50.004 11854 11880 E C02B75/media_analysis_service/MediaCV: [IsCurConditionOk] task: PC_FOREGROUND_AC_TASK condition: screen_off_status not ok
03-06 07:27:50.004 11854 11880 E C02B75/media_analysis_service/MediaCV: [IsExistCCMFile] Get CCM operation condition json from etc/multimedia/media_analysis_service_runing_config.json failed.
03-06 07:27:50.004 11854 11880 W C02B75/media_analysis_service/MediaCV: [LoadTaskConfig] Load ccm config fail, use default config
03-06 07:27:50.004 11854 11880 I C02B75/media_analysis_service/MediaCV: [ParseTaskConfigs] ParseTaskConfigs result: {taskName:PC_FOREGROUND_DC_QUOTA_TASK, taskConditions:{parameters : [isAnalysisServiceSwitchOn], thermal_level : 4, screen_off_status : 0, is_force_sleeping : 0, battery_capacity : 10, device_type : pc, charge_status : 0, }, attributes:{},subTask: {taskName:Search, taskConditions:{parameters : [isSearchEnable], }, attributes:{},subTask: {taskName:INDEX_BUILD, taskConditions:{max_count : 1500, }, attributes:{},},},subTask: {taskName:Vision, taskConditions:{parameters : [isVisionEnable], }, attributes:{},subTask: {taskName:OCR, taskConditions:{thermal_level : 4, max_count : 1500, battery_capacity : 10, }, attributes:{},},subTask: {taskName:LABEL_DETECT, taskConditions:{thermal_level : 3, max_count : 1500, battery_capacity : 20, }, attributes:{},},},subTask: {taskName:Search, taskConditions:{parameters : [isSearchEnable], }, attributes:{},subTask: {taskName:INDEX_UPDATE, taskConditions:{max_count : 3000, }, attributes:{},},},}!
03-06 07:27:50.004 11854 11880 E C02B75/media_analysis_service/MediaCV: [IsExistCCMFile] Get CCM path file failed
03-06 07:27:50.004 11854 11880 E C02B75/media_analysis_service/MediaCV: [IsCurConditionOk] task: PC_FOREGROUND_DC_QUOTA_TASK condition: parameters not ok
03-06 07:27:50.005 11854 11880 W C02B75/media_analysis_service/MediaCV: [GetAnalysisConfigs] GetAnalysisConfig failed
03-06 07:27:50.005 11854 11880 I C02B75/media_analysis_service/MediaCV: [StartTaskManagerOperation] The process is about to end
03-06 07:27:50.005 11854 11880 I C02B75/media_analysis_service/MediaCV: [ReleaseWakeLock] releaseWakeLock
03-06 07:27:50.005  1457  1637 I C02511/power_host/HDF_LOG_TAG: BL inactive,T=65
03-06 07:27:50.006  1805 11841 I C02900/powermgr/PowerLock: P=11854U=7102T=65N=mediaAnalysisService_409955B=TA=RE
03-06 07:27:50.007 11854 11880 I C02B75/media_analysis_service/MediaCV: [HandleAnalysisFinish] HandleAnalysisFinish, pipeConfigName:, final capacity:73, thermal:0
03-06 07:27:50.007 11854 11880 W C02B75/media_analysis_service/MediaCV: [FindStrategy] invalid pipeConfigName:
03-06 07:27:50.007 11854 11880 I C02B75/media_analysis_service/MediaCV: [StopDownloadLcd] LcdDownloadManager: stopping download
03-06 07:27:50.007 11854 11880 I C02B75/media_analysis_service/MediaCV: [StopDownloadLcd] LcdDownloadManager: download stopped
03-06 07:27:50.007 11854 11880 I C02B75/media_analysis_service/MediaCV: [PrintDownloadStatistics] Total Downloaded: 0 Succeeded: 0 Failed: 0 Success Rate: 0.00% Cost Time: 0 ms
03-06 07:27:50.007 11854 11880 I C02B75/media_analysis_service/MediaCV: [PrintDownloadStatistics] Total Queues: 0
03-06 07:27:50.007 11854 11880 I C02B75/media_analysis_service/MediaCV: [SaveTaskAnalysisTimeStamp] save cv_has_data: 0, highlight_idle: 0
03-06 07:27:50.007 11854 11880 I C02B75/media_analysis_service/MediaCV: [UnloadSA] SA will be unloaded
03-06 07:27:50.007   729   729 I C01800/samgr/SAMGR: Scheduler SA:10120 unload start 11854,0_1_2
03-06 07:27:50.007   729   729 I C01800/samgr/SAMGR: Scheduler SA:10120 proc delay unload event
03-06 07:27:50.007   729   729 I C01800/samgr/SAMGR: IdleSA:10120
03-06 07:27:50.009 11854 11880 I C01810/media_analysis_service/SAFWK: Idle-SA:10120
03-06 07:27:50.009 11854 11880 I C01810/media_analysis_service/SAFWK: OnIdle-SA:10120 end,spend:0ms
03-06 07:27:50.009 11854 11880 I C01810/media_analysis_service/SAFWK: IdleSaInner suc to Idle SA:10120,delayTime:0,spend:1ms
03-06 07:27:50.009   729   729 I C01800/samgr/SAMGR: Scheduler SA:10120 agree unload
03-06 07:27:50.009   729   729 I C01800/samgr/SAMGR: Scheduler SA:10120 unloadable
03-06 07:27:50.009   729 11779 I C01800/samgr/SAMGR: Scheduler proc:media_analysis_service unload all SA
03-06 07:27:50.009   729 11779 I C01800/samgr/SAMGR: Scheduler SA:10120 unload start
03-06 07:27:50.009   729 11779 I C01800/samgr/SAMGR: StopSA:10120
03-06 07:27:50.009 11854 11880 I C02908/media_analysis_service/PowerRunningLock: RlsN=mediaAnalysisService_409955
03-06 07:27:50.009  1805 11841 I C02908/powermgr/PowerRunningLock: RlsN:mediaAnalysisService_409955,T:65,B:
03-06 07:27:50.009 11854 11854 I C01810/media_analysis_service/SAFWK: StopSa recv stop SA:10120 req
03-06 07:27:50.009  1805 11841 I C02908/powermgr/PowerRunningLock: UL N=mediaAnalysisService_409955
03-06 07:27:50.009   729 11779 I C01800/samgr/SAMGR: Scheduler SA:10120 unloading
03-06 07:27:50.009   729 11779 I C01800/samgr/SAMGR: Scheduler proc:media_analysis_service state 1 to 2
03-06 07:27:50.009   729 11779 I C01800/samgr/SAMGR: Scheduler proc:media_analysis_service stopping
03-06 07:27:50.010 11854 11854 I C01810/media_analysis_service/SAFWK: StopSaInner suc to stop SA:10120,eventLen:57,spend:0ms
03-06 07:27:50.010 11854 11884 I C01810/media_analysis_service/SAFWK: Stop-SA:10120
03-06 07:27:50.010 11854 11884 I C02B75/media_analysis_service/MediaCV: [OnStop] OnStop
03-06 07:27:50.010 11854 11884 I C02B75/media_analysis_service/MediaCV: [LibraryManager] Create task handle
03-06 07:27:50.049 11854 11884 W C01650/media_analysis_service/RdbManager: RdbManager:no instance, using default RdbManager
03-06 07:27:50.205 10692 11754 I C03F00/om.huawei.hmos.aidataservice.1/ArkCompiler: [gc] SmartGC: app cold start finished
03-06 07:27:50.252 11854 11884 I C03F04/media_analysis_service/MMG: [NMM:345]Head:aes_sec, isApp:0
03-06 07:27:50.260 11854 11884 I C02B30/media_analysis_service/AVCodecClient: {AVCodecClient:51} 0x27AEE0 Instances create
03-06 07:27:50.284 11854 11884 I A0FFFF/media_analysis_service/[AIAgentFactory]: ai_agent_factory.cpp RegisterAgent(38)::"Register agent type [img_caption] success."
03-06 07:27:50.285 11854 11884 I A0FFFF/media_analysis_service/[AIAgentFactory]: ai_agent_factory.cpp RegisterAgent(38)::"Register agent type [multitask] success."
03-06 07:27:50.285 11854 11884 I A0FFFF/media_analysis_service/[AIAgentFactory]: ai_agent_factory.cpp RegisterAgent(38)::"Register agent type [img_edit_recom] success."
03-06 07:27:50.286 11854 11884 I C02B75/media_analysis_service/MediaCV: [RegisterFunction] Register kernel. name=AC_MAGIC_EMOJI
03-06 07:27:50.286 11854 11884 I C02B75/media_analysis_service/MediaCV: [RegisterFunction] Register kernel. name=AC_OBJECT
03-06 07:27:50.286 11854 11884 I C02B75/media_analysis_service/MediaCV: [RegisterFunction] Register kernel. name=AC_RECOMMENDATION
03-06 07:27:50.286 11854 11884 I C02B75/media_analysis_service/MediaCV: [RegisterFunction] Register kernel. name=AC_SEGMENTATION
03-06 07:27:50.286 11854 11884 I C02B75/media_analysis_service/MediaCV: [RegisterFunction] Register kernel. name=AESTHETIC
03-06 07:27:50.286 11854 11884 I C02B75/media_analysis_service/MediaCV: [RegisterFunction] Register kernel. name=FACE_FEATURE
03-06 07:27:50.286 11854 11884 I C02B75/media_analysis_service/MediaCV: [RegisterFunction] Register kernel. name=FACE_RECOGNITION
03-06 07:27:50.286 11854 11884 I C02B75/media_analysis_service/MediaCV: [RegisterFunction] Register kernel. name=HEAD_DETECT
03-06 07:27:50.286 11854 11884 I C02B75/media_analysis_service/MediaCV: [RegisterFunction] Register kernel. name=LABEL_DETECT
03-06 07:27:50.286 11854 11884 I C02B75/media_analysis_service/MediaCV: [RegisterFunction] Register kernel. name=OCR
03-06 07:27:50.286 11854 11884 I C02B75/media_analysis_service/MediaCV: [RegisterFunction] Register kernel. name=PET_FEATURE
03-06 07:27:50.286 11854 11884 I C02B75/media_analysis_service/MediaCV: [RegisterFunction] Register kernel. name=POSE_DETECT
03-06 07:27:50.286 11854 11884 I C02B75/media_analysis_service/MediaCV: [RegisterFunction] Register kernel. name=SALIENCY_DETECT
03-06 07:27:50.286 11854 11884 I C02B75/media_analysis_service/MediaCV: [RegisterFunction] Register kernel. name=SHARED_BACKBONE
03-06 07:27:50.286 11854 11884 I C02B75/media_analysis_service/MediaCV: [RegisterFunction] Register kernel. name=VLM_AFFECTIVE
03-06 07:27:50.286 11854 11884 I C02B75/media_analysis_service/MediaCV: [RegisterFunction] Register kernel. name=VLM_AI_RETOUCH
03-06 07:27:50.286 11854 11884 I C02B75/media_analysis_service/MediaCV: [RegisterFunction] Register kernel. name=CAPTION_SEMANTICS
03-06 07:27:50.304  3809  3809 I C00501/com.ohos.sceneboard/Settings: n_g_v
03-06 07:27:50.305  3809  5015 I C00501/com.ohos.sceneboard/Settings: Get key: basic_statement_agreed
03-06 07:27:50.305  3809  5015 I C00501/com.ohos.sceneboard/Settings: u_c
03-06 07:27:50.306 11854 11884 I C015C5/media_analysis_service/NETSTACK_RCP:  CurlGlobalInit
03-06 07:27:50.309  3809  5015 I C00501/com.ohos.sceneboard/Settings: numRows 0, error code 0
03-06 07:27:50.309  3809  3809 I C00501/com.ohos.sceneboard/Settings: c_p
03-06 07:27:50.310  3809  3809 E A01B01/com.ohos.sceneboard/HOME: SettingsUtil: getValueExAsync name: basic_statement_agreed error 
03-06 07:27:50.310  3809  3809 I A01A01/com.ohos.sceneboard/NC: NotificationConfigManager: interval check agreement status:false
03-06 07:27:50.319 11854 11884 I C02B75/media_analysis_service/MediaCV: [StopDownloadCloudRomModel] No model is downloading.
03-06 07:27:50.319 11854 11884 I C01653/media_analysis_service/NativePreferences: SaveXmlFile: file:/***/log_***.xml, m:0.
03-06 07:27:50.320 11854 11884 I C02B75/media_analysis_service/MediaCV: [SaveToPersistenceInternal] save log size to persistence: key=19700306, size=1259557 bytes
03-06 07:27:50.320 11854 11884 I C01810/media_analysis_service/SAFWK: Stop OnStop-SA:10120 finished,spend:309ms
03-06 07:27:50.320   729   729 I C01800/samgr/SAMGR: rm SA:10120_160
03-06 07:27:50.320   729   729 I C01800/samgr/SAMGR: Scheduler SA:10120 handle unload suc event
03-06 07:27:50.320   729   729 I C01800/samgr/SAMGR: Scheduler SA:10120 not loaded
03-06 07:27:50.320 11854 11884 I C01810/media_analysis_service/SAFWK: Stop suc to rm SA:10120,spend:0ms
03-06 07:27:50.320   729 11715 I C01800/samgr/SAMGR: FindSaNotify SA:10120,4_147
03-06 07:27:50.320   729 11779 I C01800/samgr/SAMGR: Scheduler proc:media_analysis_service,SA num:1,notloaded num:1
03-06 07:27:50.321 11854 11885 I C01653/media_analysis_service/NativePreferences: operator(): notify 197***. 
03-06 07:27:50.324   729  1322 I C057C2/samgr/IPCObjectProxy: hd:88 ct:1 D:*.ISystemAbilityStatusChange
03-06 07:27:50.324   729   756 I C057C2/samgr/IPCObjectProxy: hd:102 ct:1 D:*.ISystemAbilityStatusChange
03-06 07:27:50.324   729  1322 I C01800/samgr/SAMGR: rm SAListener 11854,98
03-06 07:27:50.324   729 10766 I C057C2/samgr/IPCObjectProxy: hd:93 ct:1 D:*.ISystemAbilityStatusChange
03-06 07:27:50.324  1321  1371 I C057C2/foundation/IPCObjectProxy: hd:264 ct:1 D:*.DistributedConnection
03-06 07:27:50.324  1321  6357 I C057C2/foundation/IPCObjectProxy: hd:401 ct:1 D:
03-06 07:27:50.325  1321  6357 I C01202/foundation/Subscriber: Unsubscribe 11854_7102_-1_846_-1
03-06 07:27:50.325   729   729 I C057C2/samgr/IPCObjectProxy: hd:65 ct:1 D:*.accessToken
03-06 07:27:50.325   729   729 I C01800/samgr/SAMGR: rm DeadProc:media_analysis_service,72
03-06 07:27:50.325  1321 11685 I C01335/foundation/Connection: [CONN124]current connection count: 2, com.ohos.medialibrary.medialibrarydata:DataShareExtAbility no need disconnect, just remove
03-06 07:27:50.325  1321 11685 W C01340/foundation/Ext: [ABCM679]normal:339
03-06 07:27:50.325   729   756 I C01800/samgr/SAMGR: rm SAListener 11854,82
03-06 07:27:50.325  1141 11682 I C01731/resource_schedule_service/SUSPEND_MSG: [a92ab758764f7a1 0 0]called:20020109_com.ohos.medialibrary.medialibrarydata_DataShareExtAbility_4075,caller:7102_11854_11854,connect:0_0
