03-06 07:27:37.032  1176  1176 W C02160/hiaiserver/RUNTIME: RecordTaskInfo:163 funName = executor_softmax_nd_h_tiling0_last_reduce_fp16, taskType = 0, task id = 1355, stream id = 384, block dim = 1, model id = 0
03-06 07:27:37.032  1176  1176 W C02160/hiaiserver/RUNTIME: RecordTaskInfo:163 funName = executor_datadump, taskType = 0, task id = 1356, stream id = 384, block dim = 1, model id = 0
03-06 07:27:37.032  1176  1176 W C02160/hiaiserver/RUNTIME: RecordTaskInfo:163 funName = executor_strided_slice_2byte, taskType = 0, task id = 1357, stream id = 384, block dim = 1, model id = 0
03-06 07:27:37.032  1176  1176 W C02160/hiaiserver/RUNTIME: RecordTaskInfo:163 funName = executor_datadump, taskType = 0, task id = 1358, stream id = 384, block dim = 1, model id = 0
03-06 07:27:37.032  1176  1176 W C02160/hiaiserver/RUNTIME: RecordTaskInfo:163 funName = executor_mul_scalar_half_nd, taskType = 0, task id = 1359, stream id = 384, block dim = 1, model id = 0
03-06 07:27:37.032  1176  1176 W C02160/hiaiserver/RUNTIME: RecordTaskInfo:163 funName = executor_datadump, taskType = 0, task id = 1360, stream id = 384, block dim = 1, model id = 0
03-06 07:27:37.032  1176  1176 W C02160/hiaiserver/RUNTIME: RecordTaskInfo:163 funName = te_matmulv2_gen_1d904565fdde3db2a5027c89d3782fb2d1e8d1f5633d7d7f7ae75c10aed45050_1__kernel0, taskType = 0, task id = 1361, stream id = 384, block dim = 1, model id = 0
03-06 07:27:37.032  1176  1176 W C02160/hiaiserver/RUNTIME: RecordTaskInfo:163 funName = executor_datadump, taskType = 0, task id = 1362, stream id = 384, block dim = 1, model id = 0
03-06 07:27:37.032  1176  1176 W C02160/hiaiserver/RUNTIME: RecordTaskInfo:163 funName = executor_softmax_nd_h_tiling0_last_reduce_fp16, taskType = 0, task id = 1363, stream id = 384, block dim = 1, model id = 0
03-06 07:27:37.032  1176  1176 W C02160/hiaiserver/RUNTIME: RecordTaskInfo:163 funName = executor_datadump, taskType = 0, task id = 1364, stream id = 384, block dim = 1, model id = 0
03-06 07:27:37.032  1176  1176 W C02160/hiaiserver/RUNTIME: RecordTaskInfo:163 funName = executor_strided_slice_2byte, taskType = 0, task id = 1365, stream id = 384, block dim = 1, model id = 0
03-06 07:27:37.032  1176  1176 W C02160/hiaiserver/RUNTIME: RecordTaskInfo:163 funName = executor_datadump, taskType = 0, task id = 1366, stream id = 384, block dim = 1, model id = 0
03-06 07:27:37.032  1176  1176 W C02160/hiaiserver/RUNTIME: RecordTaskInfo:163 funName = executor_mul_scalar_half_nd, taskType = 0, task id = 1367, stream id = 384, block dim = 1, model id = 0
03-06 07:27:37.032  1176  1176 W C02160/hiaiserver/RUNTIME: RecordTaskInfo:163 funName = executor_datadump, taskType = 0, task id = 1368, stream id = 384, block dim = 1, model id = 0
03-06 07:27:37.032  1176  1176 W C02160/hiaiserver/RUNTIME: RecordTaskInfo:163 funName = te_matmulv2_gen_1d904565fdde3db2a5027c89d3782fb2d1e8d1f5633d7d7f7ae75c10aed45050_1__kernel0, taskType = 0, task id = 1369, stream id = 384, block dim = 1, model id = 0
03-06 07:27:37.032  1176  1176 W C02160/hiaiserver/RUNTIME: RecordTaskInfo:163 funName = executor_datadump, taskType = 0, task id = 1370, stream id = 384, block dim = 1, model id = 0
03-06 07:27:37.032  1176  1176 W C02160/hiaiserver/RUNTIME: RecordTaskInfo:163 funName = executor_softmax_nd_h_tiling0_last_reduce_fp16, taskType = 0, task id = 1371, stream id = 384, block dim = 1, model id = 0
03-06 07:27:37.032  1176  1176 W C02160/hiaiserver/RUNTIME: RecordTaskInfo:163 funName = executor_datadump, taskType = 0, task id = 1372, stream id = 384, block dim = 1, model id = 0
03-06 07:27:37.032  1176  1176 W C02160/hiaiserver/RUNTIME: RecordTaskInfo:163 funName = executor_strided_slice_2byte, taskType = 0, task id = 1373, stream id = 384, block dim = 1, model id = 0
03-06 07:27:37.032  1176  1176 W C02160/hiaiserver/RUNTIME: RecordTaskInfo:163 funName = executor_datadump, taskType = 0, task id = 1374, stream id = 384, block dim = 1, model id = 0
03-06 07:27:37.032  1176  1176 W C02160/hiaiserver/RUNTIME: RecordTaskInfo:163 funName = executor_mul_scalar_half_nd, taskType = 0, task id = 1375, stream id = 384, block dim = 1, model id = 0
03-06 07:27:37.032  1176  1176 W C02160/hiaiserver/RUNTIME: RecordTaskInfo:163 funName = executor_datadump, taskType = 0, task id = 1376, stream id = 384, block dim = 1, model id = 0
03-06 07:27:37.032  1176  1176 W C02160/hiaiserver/RUNTIME: RecordTaskInfo:163 funName = te_matmulv2_gen_1d904565fdde3db2a5027c89d3782fb2d1e8d1f5633d7d7f7ae75c10aed45050_1__kernel0, taskType = 0, task id = 1377, stream id = 384, block dim = 1, model id = 0
03-06 07:27:37.032  1176  1176 W C02160/hiaiserver/RUNTIME: RecordTaskInfo:163 funName = executor_datadump, taskType = 0, task id = 1378, stream id = 384, block dim = 1, model id = 0
03-06 07:27:37.032  1176  1176 W C02160/hiaiserver/RUNTIME: RecordTaskInfo:163 funName = executor_softmax_nd_h_tiling0_last_reduce_fp16, taskType = 0, task id = 1379, stream id = 384, block dim = 1, model id = 0
03-06 07:27:37.032  1176  1176 W C02160/hiaiserver/RUNTIME: RecordTaskInfo:163 funName = executor_datadump, taskType = 0, task id = 1380, stream id = 384, block dim = 1, model id = 0
03-06 07:27:37.032  1176  1176 W C02160/hiaiserver/RUNTIME: RecordTaskInfo:163 funName = executor_strided_slice_2byte, taskType = 0, task id = 1381, stream id = 384, block dim = 1, model id = 0
03-06 07:27:37.032  1176  1176 W C02160/hiaiserver/RUNTIME: RecordTaskInfo:163 funName = executor_datadump, taskType = 0, task id = 1382, stream id = 384, block dim = 1, model id = 0
03-06 07:27:37.032  1176  1176 W C02160/hiaiserver/RUNTIME: RecordTaskInfo:163 funName = executor_mul_scalar_half_nd, taskType = 0, task id = 1383, stream id = 384, block dim = 1, model id = 0
03-06 07:27:37.032  1176  1176 W C02160/hiaiserver/RUNTIME: RecordTaskInfo:163 funName = executor_datadump, taskType = 0, task id = 1384, stream id = 384, block dim = 1, model id = 0
03-06 07:27:37.032  1176  1176 W C02160/hiaiserver/RUNTIME: RecordTaskInfo:163 funName = te_matmulv2_gen_1d904565fdde3db2a5027c89d3782fb2d1e8d1f5633d7d7f7ae75c10aed45050_1__kernel0, taskType = 0, task id = 1385, stream id = 384, block dim = 1, model id = 0
03-06 07:27:37.032  1176  1176 W C02160/hiaiserver/RUNTIME: RecordTaskInfo:163 funName = executor_datadump, taskType = 0, task id = 1386, stream id = 384, block dim = 1, model id = 0
03-06 07:27:37.032  1176  1176 W C02160/hiaiserver/RUNTIME: RecordTaskInfo:163 funName = executor_softmax_nd_h_tiling0_last_reduce_fp16, taskType = 0, task id = 1387, stream id = 384, block dim = 1, model id = 0
03-06 07:27:37.032  1176  1176 W C02160/hiaiserver/RUNTIME: RecordTaskInfo:163 funName = executor_datadump, taskType = 0, task id = 1388, stream id = 384, block dim = 1, model id = 0
03-06 07:27:37.032  1176  1176 W C02160/hiaiserver/RUNTIME: RecordTaskInfo:163 funName = executor_strided_slice_2byte, taskType = 0, task id = 1389, stream id = 384, block dim = 1, model id = 0
03-06 07:27:37.032  1176  1176 W C02160/hiaiserver/RUNTIME: RecordTaskInfo:163 funName = executor_datadump, taskType = 0, task id = 1390, stream id = 384, block dim = 1, model id = 0
03-06 07:27:37.032  1176  1176 W C02160/hiaiserver/RUNTIME: RecordTaskInfo:163 funName = executor_mul_scalar_half_nd, taskType = 0, task id = 1391, stream id = 384, block dim = 1, model id = 0
03-06 07:27:37.032  1176  1176 W C02160/hiaiserver/RUNTIME: RecordTaskInfo:163 funName = executor_datadump, taskType = 0, task id = 1392, stream id = 384, block dim = 1, model id = 0
03-06 07:27:37.032  1176  1176 W C02160/hiaiserver/RUNTIME: RecordTaskInfo:163 funName = te_matmulv2_gen_1d904565fdde3db2a5027c89d3782fb2d1e8d1f5633d7d7f7ae75c10aed45050_1__kernel0, taskType = 0, task id = 1393, stream id = 384, block dim = 1, model id = 0
03-06 07:27:37.032  1176  1176 W C02160/hiaiserver/RUNTIME: RecordTaskInfo:163 funName = executor_datadump, taskType = 0, task id = 1394, stream id = 384, block dim = 1, model id = 0
03-06 07:27:37.032  1176  1176 W C02160/hiaiserver/RUNTIME: RecordTaskInfo:163 funName = executor_softmax_nd_h_tiling0_last_reduce_fp16, taskType = 0, task id = 1395, stream id = 384, block dim = 1, model id = 0
03-06 07:27:37.032  1176  1176 W C02160/hiaiserver/RUNTIME: RecordTaskInfo:163 funName = executor_datadump, taskType = 0, task id = 1396, stream id = 384, block dim = 1, model id = 0
03-06 07:27:37.032  1176  1176 W C02160/hiaiserver/RUNTIME: RecordTaskInfo:163 funName = executor_strided_slice_2byte, taskType = 0, task id = 1397, stream id = 384, block dim = 1, model id = 0
03-06 07:27:37.032  1176  1176 W C02160/hiaiserver/RUNTIME: RecordTaskInfo:163 funName = executor_datadump, taskType = 0, task id = 1398, stream id = 384, block dim = 1, model id = 0
03-06 07:27:37.032  1176  1176 W C02160/hiaiserver/RUNTIME: RecordTaskInfo:163 funName = executor_mul_scalar_half_nd, taskType = 0, task id = 1399, stream id = 384, block dim = 1, model id = 0
03-06 07:27:37.032  1176  1176 W C02160/hiaiserver/RUNTIME: RecordTaskInfo:163 funName = executor_datadump, taskType = 0, task id = 1400, stream id = 384, block dim = 1, model id = 0
03-06 07:27:37.032  1176  1176 W C02160/hiaiserver/RUNTIME: RecordTaskInfo:163 funName = te_matmulv2_gen_1d904565fdde3db2a5027c89d3782fb2d1e8d1f5633d7d7f7ae75c10aed45050_1__kernel0, taskType = 0, task id = 1401, stream id = 384, block dim = 1, model id = 0
03-06 07:27:37.133  1176  1176 W C057C3/hiaiserver/IPCObjectStub: SendRequestInner: Stub(desc:IRPCRequestService) code:0 cost:2836ms
03-06 07:27:37.134 11651 11651 W C057C2/model_run_tool_internal/IPCObjectProxy: SendRequest: DFX_BlockMonitor cost 2836 ms, code:0, desc:IRPCRequestService
03-06 07:27:37.134 11651 11651 I A0FFFF/model_run_tool_internal/AI_NPUCL: npu_graph_executor_client.cc Init(370)::"model load finish"
03-06 07:27:37.136 11651 11651 I A0FFFF/model_run_tool_internal/AI_FMK: hcl_model_executor_impl.cpp Init(527)::"LoadModelsByHcl success load model[split_internvit_v6_exclude_conv_int8_8][],prio[7],perf[3]"
03-06 07:27:37.154 11651 11651 I A0FFFF/model_run_tool_internal/AI_FMK: general_model_executor.cpp SetPriority(425)::"dynamic priority:7."
03-06 07:27:37.154  5794  5833 I C02925/bms_behavior/bms_behavior: [WaitConditionStatus]: runState = 1, cvStatus = 1 
03-06 07:27:37.174  5794  5829 I C02925/bms_behavior/bms_behavior: [WaitConditionStatus]: runState = 1, cvStatus = 1 
03-06 07:27:37.179 11651 11651 I A0FFFF/model_run_tool_internal/interface_test:: hiai|framework|HIAI_IsSupportNpu|27
03-06 07:27:37.179 11651 11651 I A0FFFF/model_run_tool_internal/HIAI_DDK_MSG: hiai_foundation_dl_helper.c HIAI_Foundation_IsNpuSupport(109)::"support NPU"
03-06 07:27:37.179 11651 11651 I A0FFFF/model_run_tool_internal/interface_test:: hiai|framework|HIAI_NDTensorBuffer_CreateFromNDTensorDesc|26
03-06 07:27:37.179 11651 11651 I A0FFFF/model_run_tool_internal/interface_test:: hiai|framework|HIAI_NDTensorBuffer_CreateFromSize|17
03-06 07:27:37.180 11651 11651 I A0FFFF/model_run_tool_internal/interface_test:: hiai|framework|HIAI_NDTensorBuffer_GetSize|74
03-06 07:27:37.180 11651 11651 I A0FFFF/model_run_tool_internal/interface_test:: hiai|framework|HIAI_NDTensorBuffer_GetData|81
03-06 07:27:37.181  5794  5833 E C02925/bms_behavior/bms_file: [BmsFileReadBuffer]: file /sys/class/hw_power/coul/coul_data/rbatt is invalid
03-06 07:27:37.181 11651 11651 I A0FFFF/model_run_tool_internal/PROFILING_TOOL: model_run_tool.cpp LoadModelLegacy(362)::"Load model success."
03-06 07:27:37.181 11651 11651 I A0FFFF/model_run_tool_internal/PROFILING_TOOL: model_run_tool.cpp ModelProcessLegacy(516)::"Inference: loading model split_internvit_v6_exclude_conv_int8_8 succeeded."
03-06 07:27:37.182  5794  5824 I C02925/bms_behavior/bms_behavior: [WaitConditionStatus]: runState = 1, cvStatus = 1 
03-06 07:27:37.182  5794  5833 E C02925/bms_behavior/bms_file: [BmsFileReadBuffer]: file /sys/class/hw_power/bat_heating/heat_up is invalid
03-06 07:27:37.185 11651 11651 I A0FFFF/model_run_tool_internal/PROFILING_TOOL: model_run_tool.cpp ModelProcessLegacy(524)::"Inference: filling input tensors succeeded."
03-06 07:27:37.185 11651 11651 I A0FFFF/model_run_tool_internal/interface_test:: hiai|framework|HIAI_NDTensorBuffer_GetFd|95
03-06 07:27:37.185 11651 11651 E A0FFFF/model_run_tool_internal/AI_INFRA: hiai_kvcache_buffer_impl.cpp HIAI_MR_KVCacheBuffer_GetFdNum_Impl(49)::"v3Buffer->magic == TENSOR_MAGIC_NUM" "false, return -1."
03-06 07:27:37.185 11651 11651 E A0FFFF/model_run_tool_internal/AI_INFRA: hiai_kvcache_buffer_impl.cpp HIAI_MR_KVCacheBuffer_GetFdNum_Impl(49)::"v3Buffer->magic == TENSOR_MAGIC_NUM" "false, return -1."
03-06 07:27:37.187 11651 11700 I A0FFFF/model_run_tool_internal/AI_NPUCL: npu_device_handler_client.cc RpcVotepByProcess(84)::"Vote suc"
03-06 07:27:37.198  5794  5833 I C02925/bms_behavior/bms_behavior: [Monitor]: monitor interval count 74, name: Battery
03-06 07:27:37.202  5794  5829 E C02925/bms_behavior/bms_file: [BmsFileReadBuffer]: file /sys/class/hw_power/coul/coul_data/rbatt is invalid
03-06 07:27:37.203  5794  5829 E C02925/bms_behavior/bms_file: [BmsFileReadBuffer]: file /sys/class/hw_power/bat_heating/heat_up is invalid
03-06 07:27:37.206  5794  5824 E C02925/bms_behavior/bms_file: [BmsFileReadBuffer]: file /sys/class/hw_power/coul/coul_data/rbatt is invalid
03-06 07:27:37.207  5794  5824 E C02925/bms_behavior/bms_file: [BmsFileReadBuffer]: file /sys/class/hw_power/bat_heating/heat_up is invalid
03-06 07:27:37.215  5794  5829 I C02925/bms_behavior/bms_behavior: [Monitor]: monitor interval count 74, name: battery_gauge_aux
03-06 07:27:37.219  5794  5824 I C02925/bms_behavior/bms_behavior: [Monitor]: monitor interval count 74, name: battery_gauge
03-06 07:27:37.309  6984  8143 I C02E15/device_activate_service/DEVICE_ACTIVATE_SERVICE: [initiate_manager.cpp(165)]WaitOobeReady, retry after 3000 milliseconds
03-06 07:27:37.652   733 11258 W C02D15/hiview/XPower: [task_138]#ThermalDaemon:delta temperature bigger than stepMaxRange
03-06 07:27:37.660  1141  1503 I C01713/resource_schedule_service/SUSPEND_MANAGER: [a92abd5865d5fb5 0 0]20020015_com.ohos.FusionSearch has pid resource: 3853_1
03-06 07:27:37.660  1141  1503 I C01713/resource_schedule_service/SUSPEND_MANAGER: [a92abd5865d5fb5 0 0]Doze has special:ERR_HAS_EFFICIENCY_RESOURCE, 20020015_com.ohos.FusionSearch_[3853][], DOZE_AFTER_REMOVE_PROCESS
03-06 07:27:37.862  1176  1773 W C02160/hiaiserver/LOGLIMIT: 6141 line(s) dropped in a second! from time: 1970-03-06 07:27:36.861 to time: 1970-03-06 07:27:37.861
03-06 07:27:37.862  1176  1773 W C02160/hiaiserver/RUNTIME: PrimaryContextRetain:286 Context incRef, count = 0x4
03-06 07:27:37.862  1176  1773 W C02160/hiaiserver/RUNTIME: PrimaryContextRelease:317 Context tryDecRef, count = 0x3, reset:0
03-06 07:27:38.088  1682  1682 I C05BFE/tlogcat/teeos-platdrv_64: index: 6343: cpu1/00547:   03/06 07:27:37.103 [platdrv_64-35] [INFO] 417:npu_fw mch d
03-06 07:27:38.089  1682  1682 I C05BFE/tlogcat/teeos-platdrv_64: index: 6344: cpu1/00547:   03/06 07:27:37.104 [platdrv_64-35] [INFO] 62:[load_npu] get random data = 93
03-06 07:27:38.682  2509 11648 W C02D13/hdcd/HDC_LOG: [file_descriptor.cpp:121] FileIOOnThread select rc = 0, timeout.
03-06 07:27:38.738  1321  1372 I C02D06/foundation/XCollie: Send kick,foundation to hungtask Successful
03-06 07:27:38.864  1176  1773 W C02160/hiaiserver/RUNTIME: PrimaryContextRetain:286 Context incRef, count = 0x4
03-06 07:27:38.864  1176  1773 W C02160/hiaiserver/RUNTIME: PrimaryContextRelease:317 Context tryDecRef, count = 0x3, reset:0
03-06 07:27:39.866  1176  1773 W C02160/hiaiserver/RUNTIME: PrimaryContextRetain:286 Context incRef, count = 0x4
03-06 07:27:39.866  1176  1773 W C02160/hiaiserver/RUNTIME: PrimaryContextRelease:317 Context tryDecRef, count = 0x3, reset:0
03-06 07:27:40.319  6984  8143 I C02E15/device_activate_service/DEVICE_ACTIVATE_SERVICE: [initiate_manager.cpp(165)]WaitOobeReady, retry after 3000 milliseconds
03-06 07:27:40.338  1457  2211 W C02943/power_host/ThermalHdi: Read node failed, title = bright_in
03-06 07:27:40.339  1457  2211 W C02943/power_host/ThermalHdi: Read node failed, title = bright_out
03-06 07:27:40.345  1840  2072 I C02D06/media_service/XCollie: Send kick,media_service to hungtask Successful
03-06 07:27:40.604  2509  2702 I C02D13/hdcd/HDC_LOG: [daemon.cpp:1143] FetchCommand channelId:0 command:5000
03-06 07:27:40.604  2509  2702 I C02D13/hdcd/HDC_LOG: [daemon.cpp:1164] recv heartbeat count is 76 for session 139******006(L:10)
03-06 07:27:40.605  2509  2702 I C02D13/hdcd/HDC_LOG: [session.cpp:1538] send heartbeat count is 76 and messages count is 97 for session 139******006(L:10)
03-06 07:27:40.870  1176  1773 W C02160/hiaiserver/RUNTIME: PrimaryContextRetain:286 Context incRef, count = 0x4
03-06 07:27:40.870  1176  1773 W C02160/hiaiserver/RUNTIME: PrimaryContextRelease:317 Context tryDecRef, count = 0x3, reset:0
03-06 07:27:41.878  1176  1773 W C02160/hiaiserver/RUNTIME: PrimaryContextRetain:286 Context incRef, count = 0x4
03-06 07:27:41.878  1176  1773 W C02160/hiaiserver/RUNTIME: PrimaryContextRelease:317 Context tryDecRef, count = 0x3, reset:0
03-06 07:27:41.898  1741 11484 E C02F18/security_guard/SECURITY_AUDIT_Service: Get HasDefaultNet ret:0 Net Status: 0
03-06 07:27:41.975  1891  2881 W C04707/hianalytics/HaService: Query string failed: empty rows, key:basic_statement_agreed
03-06 07:27:41.983  1891  2881 W C04707/hianalytics/HaService: Query string failed: empty rows, key:basic_statement_agreed_oversea
03-06 07:27:41.983  1891  2881 W C04707/hianalytics/HaService: QueryBasicStatementAgreedState failed
03-06 07:27:41.988  1891  2881 I C04707/hianalytics/HaService: MaintLogger PSL : [com:0,ads:0,int:0,fus:0,loc:1,int:0] | DSL : [ m:0,am:2,s:0,n:0,o:0,g:0,c:1,p:600] | SEL : [0, 2, 0, 0, 0, 0, 0, 0] | CSL : [10 , 20] | RDL : [0, 0, 0, 1, 0, 5, 0] | 
03-06 07:27:41.988  1891  2881 I C04707/hianalytics/HaMaint: Time advance in maint manager.
03-06 07:27:41.989  1891 11712 I C04707/hianalytics/HaScene: NFA AdvanceTime from outside
03-06 07:27:42.022   733  6071 I C02DA0/hiview/ThreadLeakDetector: MainProcess: === sample thread status ===
03-06 07:27:42.022   733  6058 I C02DA0/hiview/FdLeakDetector: MainProcess: === sample fd status ===
03-06 07:27:42.064   729  1322 I C01800/samgr/SAMGR: NF SA:1212,733_5
03-06 07:27:42.065   729  1322 I C01800/samgr/SAMGR: Scheduler SA:1212 load start 733,0_0_0
03-06 07:27:42.065   729  1322 I C01800/samgr/SAMGR: NF SA:1212,733_6
03-06 07:27:42.065   729  1322 I C01800/samgr/SAMGR: DoLoadSA:1212,1_1
03-06 07:27:42.067   729  1322 I C02C02/PARAM: SystemWaitParameter startup.service.ctl.hidumper_service v 5 ret 0
03-06 07:27:42.077   729  1322 I C02C02/PARAM: SystemSetParameter name ohos.ctl.start id:191 ret:0
03-06 07:27:42.077   729  1322 I C01800/samgr/SAMGR: Start dynamic proc:hidumper_service,1212,0_10ms
03-06 07:27:42.077   729  1322 I C01800/samgr/SAMGR: Scheduler SA:1212 loading
03-06 07:27:42.078   733 11258 I C02DA0/hiview/FaultLeakDetectorManager: NotifyProcessCreate: notify create hidumper_service:11714, processType:2000
03-06 07:27:42.079  1141 11405 I C01702/resource_schedule_service/CgroupUtils: [a92ab7586e137a3 0 0]ApplySystemProcessGroup set 11714 to group 3 success
03-06 07:27:42.100  3968  4699 I A00F00/com.huawei.hmos.aidataservice/170004412: TaskExecuteManager: task_awareness_mining restart begin
03-06 07:27:42.101  3968  4699 I C02901/com.huawei.hmos.aidataservice/PowerFwk: IsScreenOn=0, caller pid=3968
03-06 07:27:42.101  3968  4699 I C02941/com.huawei.hmos.aidataservice/ThermalFwk: level is 0
03-06 07:27:42.101  3968  4699 I A00F00/com.huawei.hmos.aidataservice/170004412: TaskStatusManager: after push runningTasks ["task_awareness_mining"]
03-06 07:27:42.103  3968  3968 I A00F00/com.huawei.hmos.aidataservice/170004412: BaseDataService_CommonEntity: update
03-06 07:27:42.103  3968  3968 I A00F00/com.huawei.hmos.aidataservice/170004412: DeviceSettingsUtil: the privacy cache setting key is fusion_assistant_privacy_on, setting value is false 
03-06 07:27:42.103  3968  3968 I A00F00/com.huawei.hmos.aidataservice/170004412: SystemUtils: switch off, cannot get odid
03-06 07:27:42.103  3968  3968 I A00F00/com.huawei.hmos.aidataservice/170004412: RdbMgr: (4e221b6a) t_aidata_taskstatus: batchInsert start, len: 1
03-06 07:27:42.105  3968  3968 I A00F00/com.huawei.hmos.aidataservice/170004412: RdbMgr: (4e221b6a) t_aidata_taskstatus: batchInsert success (1 rows)
03-06 07:27:42.106  3968  4699 I A00F00/com.huawei.hmos.aidataservice/BaseWorker: worker1-onmessage name: accessData
03-06 07:27:42.107  3968  4699 I A00F00/com.huawei.hmos.aidataservice/170004412: TaskStatusManager: updateTasksWithStates: 1 tasks: ["task_awareness_mining"] statuses: [1]
03-06 07:27:42.107  3968  4699 I A00F00/com.huawei.hmos.aidataservice/170004412: TaskExecuteManager: before delay, delay time is: 0
03-06 07:27:42.107  3968  4699 I A00F00/com.huawei.hmos.aidataservice/170004412: TaskExecuteManager: after delay
03-06 07:27:42.107  3968  4699 I A00F00/com.huawei.hmos.aidataservice/170004412: TaskExecuteManager: startSingleTask task: task_awareness_mining
03-06 07:27:42.107  3968  4699 I A00F00/com.huawei.hmos.aidataservice/AIDispatcherEngineOH: BaseSdkPresenter: enter bind service
03-06 07:27:42.107  3968  4699 I A02D00/com.huawei.hmos.aidataservice/Hilog_JS: domain mismatch
03-06 07:27:42.107  3968  4699 I A00F00/com.huawei.hmos.aidataservice/AIDispatcherEngineOH: AiProcessService: connectService
03-06 07:27:42.107  3968  4699 I A00F00/com.huawei.hmos.aidataservice/170004412: TaskExecuteManager: executeTask start: task_awareness_mining
03-06 07:27:42.107  3968  4699 I A00F00/com.huawei.hmos.aidataservice/170004412: CountDownLatch: await without timeout.
03-06 07:27:42.108  3968  4699 I C01320/com.huawei.hmos.aidataservice/JSENV: connectServiceExtensionAbilityWithAccount
03-06 07:27:42.108  3968  4699 I C01342/com.huawei.hmos.aidataservice/ServiceExt: [JSEC1076]ConnectAbilityWithAccount
03-06 07:27:42.108  3968 11473 I C01317/com.huawei.hmos.aidataservice/AppKit: [SEC211]begin
03-06 07:27:42.108  3968 11473 I C01336/com.huawei.hmos.aidataservice/AMS: [AMC691]com.huawei.hmos.aidataservice/AiProcessServiceAbility, userId:100
03-06 07:27:42.109  1321 10258 I C01342/foundation/ServiceExt: [a92ab9586e1a7e3 1f6bd29 0][ABMS5767]element: com.huawei.hmos.aidataservice/AiProcessServiceAbility
03-06 07:27:42.110  1321 10258 I C01336/foundation/AMS: [a92ab9586e1a7e3 1f6bd29 0][start_ability_utils.cpp57]appIndex:-1
03-06 07:27:42.110  1321 10258 I C01121/foundation/BMSQuery: [a92ab9586e1a7e3 1f6bd29 0]ExplicitQueryAbility no match -n com.huawei.hmos.aidataservice -m  -a AiProcessServiceAbility -u 100 -i 0
03-06 07:27:42.111  1321 10258 I C01121/foundation/BMSQuery: [a92ab9586e1a7e3 1f6bd29 0]ExplicitQueryExtension size:1 -n com.huawei.hmos.aidataservice -m  -e AiProcessServiceAbility -u 100 -i 0
03-06 07:27:42.112  1321 10258 I C01719/foundation/ffrt: [a92ab9586e1a7e3 1f6bd29 0]60:SendTimeoutWatchdog:53 start to set watchdog for task gid=8576 with timeout [60000 ms] 
03-06 07:27:42.112  1321 10258 I C01340/foundation/Ext: [a92ab9586e1a7e3 1f6bd29 0][ABCM434]load
03-06 07:27:42.113  1321 10258 I C01357/foundation/ProcessMgr: [a92ab9586e1a7e3 1f6bd29 0][ams_mgr_scheduler.cpp91]SubmitLoadTask: com.huawei.hmos.aidataservice-AiProcessServiceAbility
03-06 07:27:42.113  3968 11473 I C01317/com.huawei.hmos.aidataservice/AppKit: [SEC214]ConnectAbilityWithAccount ErrorCode = 0
03-06 07:27:42.115  1321 11404 W C01123/foundation/BMSCommon: [a92ab9586e1a7e3 14362d4 1f6bd29]uid(5523) invalid
03-06 07:27:42.120  1321 11675 I C01357/foundation/ProcessMgr: [a92ab9586e1a7e3 1eb9fa 1f6bd29][AMSI1979]name:AiProcessServiceAbility startProcessName = com.huawei.hmos.aidataservice.1
03-06 07:27:42.120  1321 11675 I C01311/foundation/AppMS: [a92ab9586e1a7e3 1eb9fa 1f6bd29][AMSI2029]appRecord null, appInfo->bundleName:com.huawei.hmos.aidataservice
03-06 07:27:42.120  1321 11675 I C01357/foundation/ProcessMgr: [a92ab9586e1a7e3 1eb9fa 1f6bd29][AMSI2405]processName:com.huawei.hmos.aidataservice.1, isPreload:0
03-06 07:27:42.120  1321 11675 I C01357/foundation/ProcessMgr: [a92ab9586e1a7e3 1eb9fa 1f6bd29][AMSI2419]com.huawei.hmos.aidataservice.1 will not alive
03-06 07:27:42.125  1321 11675 I C05A01/foundation/ATM: [a92ab9586e1a7e3 1eb9fa 1f6bd29][GetKernelPermissions]TokenID=537562063.
03-06 07:27:42.125  1321 11675 I C01311/foundation/AppMS: [a92ab9586e1a7e3 1eb9fa 1f6bd29][AMSI5616]apl: normal, startFlags: 2048, userId: 100
03-06 07:27:42.125  1321 11675 I C01300/foundation/AAFwk: [a92ab9586e1a7e3 1eb9fa 1f6bd29][task_handler_wrap.cpp56]Invalid status
03-06 07:27:42.126  1321 11675 I C02C11/foundation/APPSPAWN_CLIENT: [a92ab9586e1a7e3 1eb9fa 1f6bd29]AppSpawnClientSendMsg reqId:82 msgLen:2940 fd:148 com.huawei.hmos.aidataservice.1
03-06 07:27:42.126   735   735 I C02C11/appspawn/APPSPAWN: connectionId:1 buffLen:2940
03-06 07:27:42.127   735   735 I C02C11/appspawn/APPSPAWN: Recv msgHeader magic:0xef201234 type:0 id:82 len:2940 com.huawei.hmos.aidataservice.1
03-06 07:27:42.127   735   735 I C02C11/appspawn/APPSPAWN: AppSpawn msgId:82 msgLen:2940 tlvCount:10 processName:com.huawei.hmos.aidataservice.1
03-06 07:27:42.127   735   735 I C02C11/appspawn/APPSPAWN: com.huawei.hmos.aidataservice.1 App flags 0x800 0x4
03-06 07:27:42.127   735   735 I C02C11/appspawn/APPSPAWN: com.huawei.hmos.aidataservice.1 App permission bits flags 0x40 0x0
03-06 07:27:42.127   735   735 I C02C11/appspawn/APPSPAWN: uid:20020019 gid:20020019 count:3
03-06 07:27:42.127   735   735 I C02C11/appspawn/APPSPAWN: com.huawei.hmos.aidataservice index:0 apl:normal hapFlags:0x1
03-06 07:27:42.129 10692 10692 I C02C11/appspawn/APPSPAWN: AppSpawnChild id 81 flags:0xc
03-06 07:27:42.131 10692 10692 I C02D33/om.huawei.hmos.aidataservice.1/HitraceOption: FilterAppTrace com.huawei.hmos.aidataservice.1 10692
03-06 07:27:42.134 10692 10692 W C02C11/om.huawei.hmos.aidataservice.1/APPSPAWN: errno:2 bind mount /system/app/ArkWebCoreLegacy to /mnt/sandbox/100/com.huawei.hmos.aidataservice/system/app/ArkWebCoreLegacy
03-06 07:27:42.138 10692 10692 W C02C11/om.huawei.hmos.aidataservice.1/APPSPAWN: errno:2 bind mount /data/app/el1/public/shader_cache/cloud/com.huawei.hmos.aidataservice to /mnt/sandbox/100/com.huawei.hmos.aidataservice/data/storage/shader_cache/cloud
03-06 07:27:42.138 10692 10692 W C02C11/om.huawei.hmos.aidataservice.1/APPSPAWN: check dir /data/app/el1/public/shader_cache/cloud/com.huawei.hmos.aidataservice failed,strerror:No such file or directory
03-06 07:27:42.139 11714 11714 I C01810/sa_main/SAFWK: main enter SAFWK main, proc:11714
03-06 07:27:42.139 11714 11714 I C01810/sa_main/SAFWK: ParseArgv ParseArgv extraArgv eventStr:1212#0#load##-1#!
03-06 07:27:42.139 11714 11714 I C01810/hidumper_service/SAFWK: operator() Set process name to hidumper_service
03-06 07:27:42.140 11714 11714 I C01810/hidumper_service/SAFWK: InitProfiles proc:hidumper_service end,spend:0ms
03-06 07:27:42.141 10692 10692 W C02C11/om.huawei.hmos.aidataservice.1/APPSPAWN: errno:13 private mount to /mnt/sandbox/100/com.huawei.hmos.aidataservice/chip_prod/lib64/passthrough '524288' failed
03-06 07:27:42.141 10692 10692 W C02C11/om.huawei.hmos.aidataservice.1/APPSPAWN: errno:2 bind mount /data/app/el1/bundle/public/com.huawei.hmos.arkwebcorelegacy to /mnt/sandbox/100/com.huawei.hmos.aidataservice/data/storage/el1/bundle/arkwebcorelegacy
03-06 07:27:42.141 10692 10692 W C02C11/om.huawei.hmos.aidataservice.1/APPSPAWN: check dir /data/app/el1/bundle/public/com.huawei.hmos.arkwebcorelegacy failed,strerror:No such file or directory
03-06 07:27:42.143 10692 10692 W C02C11/om.huawei.hmos.aidataservice.1/APPSPAWN: check dir /data/app/el1/public/aot_compiler/ark_cache/com.huawei.hmos.aidataservice failed,strerror:No such file or directory
03-06 07:27:42.145 10692 10692 W C02C11/om.huawei.hmos.aidataservice.1/APPSPAWN: errno:2 bind mount /data/preload/app to /mnt/sandbox/100/com.huawei.hmos.aidataservice/data/preload/app
03-06 07:27:42.152 10692 10692 E C05A06/om.huawei.hmos.aidataservice.1/CODE_SIGN: [XpmIoctl]:Ioctl cmd 40407808 failed: Invalid argument (ignore)
03-06 07:27:42.152 10692 10692 E C05A06/om.huawei.hmos.aidataservice.1/CODE_SIGN: [XpmIoctl]:Ioctl cmd 40087803 failed: Invalid argument (ignore)
03-06 07:27:42.154 10692 10692 I C05A03/om.huawei.hmos.aidataservice.1/Selinux: Hap type for com.huawei.hmos.aidataservice is changing from u:r:appspawn:s0 to o:r:normal_hap:s0:x51,x334,x512,x868,x1024
03-06 07:27:42.154 10692 10692 I C05A03/om.huawei.hmos.aidataservice.1/Selinux: Hap setcon finish for com.huawei.hmos.aidataservice
03-06 07:27:42.159 10692 11722 W C057C1/om.huawei.hmos.aidataservice.1/IPCWorkThread: ThreadHandler: proto:0 policy:1 name:OS_IPC_0_11722 invoker:1455514624
03-06 07:27:42.159 10692 10692 I C05A05/om.huawei.hmos.aidataservice.1/SecCompEnhanceClient: [RegisterCheckCallback]Register secComp: sessionId=3918383981, seqNum=******064.
03-06 07:27:42.159 10692 11723 W C057C1/om.huawei.hmos.aidataservice.1/IPCWorkThread: ThreadHandler: proto:0 policy:0 name:OS_IPC_1_11723 invoker:1389076352
03-06 07:27:42.161  1196  5597 I C05A01/accesstoken_service/ATM: [RegisterSecCompEnhance]Register sec comp enhance success, pid 10692, total 17.
03-06 07:27:42.161 10692 10692 I C02D0B/om.huawei.hmos.aidataservice.1/HICHECKER: hichecker param is empty.
03-06 07:27:42.161 10692 10692 I C04500/om.huawei.hmos.aidataservice.1/webview: SelectWebcoreBeforeProcessRun: SelectWebcoreBeforeProcessRun for app com.huawei.hmos.aidataservice.
03-06 07:27:42.161 10692 10692 I C04500/om.huawei.hmos.aidataservice.1/webview: CalculateActiveWebEngineVersion: CalculateActiveWebEngineVersion, enforce 3
03-06 07:27:42.161 10692 10692 I C01317/om.huawei.hmos.aidataservice.1/AppKit: [MTHRD3342]mainthread start, pid:10692
03-06 07:27:42.162 10692 10692 I C01317/om.huawei.hmos.aidataservice.1/AppKit: [MTHRD3148]is not in rescue mode
03-06 07:27:42.162 10692 10692 I C01317/om.huawei.hmos.aidataservice.1/AppKit: [MTHRD3168]is not in rescue mode
03-06 07:27:42.163 10692 11724 I C02D06/om.huawei.hmos.aidataservice.1/XCollie: init default task finished.
03-06 07:27:42.164 10692 10692 I C01719/om.huawei.hmos.aidataservice.1/ffrt: 1:QueueMonitor:44 timeout:30000000 us
03-06 07:27:42.164 10692 10692 I C01317/om.huawei.hmos.aidataservice.1/AppKit: [MTHRD436]attach
03-06 07:27:42.170   735   735 I C02C11/appspawn/APPSPAWN: Child process:com.huawei.hmos.aidataservice.1 success pid:10692 appId:81 result:0
03-06 07:27:42.170   735   735 I C02C11/appspawn/APPSPAWN: Add com.huawei.hmos.aidataservice,pid=10692 success
03-06 07:27:42.170   735   735 I C02C11/appspawn/APPSPAWN: watch app process pid:10692,pidFd:46
03-06 07:27:42.170   735   735 I C02C11/appspawn/APPSPAWN: SendMessageComplete connectionId:1 result:0 app:com.huawei.hmos.aidataservice pid:10692
03-06 07:27:42.171  1321 11675 I C02C11/foundation/APPSPAWN_CLIENT: [a92ab9586e1a7e3 1eb9fa 1f6bd29]AppSpawnClientSendMsg reqId:82 fd:148 end result:0x0 pid:10692 checkPointId:0
03-06 07:27:42.171  1321 11675 I C01311/foundation/AppMS: [a92ab9586e1a7e3 1eb9fa 1f6bd29][ASC711]pid10692
03-06 07:27:42.171  1321 11675 I C01311/foundation/AppMS: [a92ab9586e1a7e3 1eb9fa 1f6bd29][AMSI5836]spawned pname_com.huawei.hmos.aidataservice.1, pid_10692, idx_0
03-06 07:27:42.172   943  7827 I C02B83/audio_server/AudioServiceAppStateListener: [a92ab9586e1a7e3 155ed98 1eb9fa][OnAppStateChanged]app state changed, bundleName=com.huawei.hmos.aidataservice uid=20020019 pid=10692 state=0
03-06 07:27:42.172  2119  2729 I C02B91/av_session/AVSession: [a92ab9586e1a7e3 1826b87 1eb9fa][HandleAppStateChanged]uid=20020019|pid=10692|state=0
03-06 07:27:42.172  1321 11675 I C01719/foundation/ffrt: [a92ab9586e1a7e3 1eb9fa 1f6bd29]86:SendTimeoutWatchdog:53 start to set watchdog for task gid=8585 with timeout [60000 ms] 
03-06 07:27:42.172   733  2002 I C02DA0/hiview/FaultLeakDetectorManager: OnEventListeningCallback: receive domain: AAFWK, name: PROCESS_START
03-06 07:27:42.173  2119  2729 I C02B91/av_session/AVSession: [a92ab9586e1a7e3 14d9644 3d330b6][HandleAppStateChanged]uid=20020019|pid=10692|state=99
03-06 07:27:42.173   943  7827 I C02B83/audio_server/AudioServiceAppStateListener: [a92ab9586e1a7e3 1eee9f7 3d330b6][OnAppStateChanged]app state changed, bundleName=com.huawei.hmos.aidataservice uid=20020019 pid=10692 state=99
03-06 07:27:42.173  1321 11675 W C01300/foundation/AAFwk: [event_handler_wrap.cpp118]can't find event: 14_10692 
03-06 07:27:42.173  1321 11675 I C01311/foundation/AppMS: [AMSI2606]attach com.huawei.hmos.aidataservice pid:10692
03-06 07:27:42.173  1141 11682 E C0470A/resource_schedule_service/GameServicePerf: [a92ab9586e1a7e3 3ad61ba f17ff][(checkOobeStatus:814)]OOBE basic statement is not agree
03-06 07:27:42.173  1321 11678 I C01311/foundation/AppMS: [a92ab9586e1a7e3 3445c0e 1eb9fa][ASOM759]b:com.huawei.hmos.aidataservice pid:10692 u:20020019 pt:1 et:3 pName:com.huawei.hmos.aidataservice.1 ru:-1 tMode:0 cPid:3968 cU:20020019 pm:-1
03-06 07:27:42.174   944  7900 I C01707/concurrent_task_service/CONCUR: [a92ab9586e1a7e3 35663fa 18aad3c][ProcMgr] app 10692 start, 2AAA size()=14
03-06 07:27:42.174  1141  1364 I C01718/resource_schedule_service/StandbyService: [a92ab9586e1a7e3 3d49132 2d4ccf3][OnProcessStatusChanged:938] process status change, uid: 20020019, pid: 10692, name: com.huawei.hmos.aidataservice, alive: 1
03-06 07:27:42.175  1141 11562 I C01731/resource_schedule_service/SUSPEND_MSG: [a92ab9586e1a7e3 1629cfb d3df72]20020019_com.huawei.hmos.aidataservice_10692 create, type:1_3_0, host:0
03-06 07:27:42.175  1141 11679 I C01744/resource_schedule_service/PerformanceEnhance: [a92ab9586e1a7e3 1b16885 d3df72][HandleProcessStateChange]process create 10692
03-06 07:27:42.175  1141 11562 I C01703/resource_schedule_service/socperf: [a92ab9586e1a7e3 2a187c2 d3df72][HandleProcessStateChange]: SocPerfPluginExt::ProcessStateChange value=0 type=1 pid=10692
03-06 07:27:42.175  1141 11562 I C01702/resource_schedule_service/CgroupEventHandler: [a92ab9586e1a7e3 2f10e88 3aedc70]HandleProcessCreated : 20020019, 10692, 0, 1, com.huawei.hmos.aidataservice, 3, com.huawei.hmos.aidataservice.1
03-06 07:27:42.175 10692 11732 W C057C1/om.huawei.hmos.aidataservice.1/IPCWorkThread: ThreadHandler: proto:0 policy:0 name:OS_IPC_2_11732 invoker:1394291072
03-06 07:27:42.175  1041  3281 I C02699/memmgrservice/MM: [a92ab9586e1a7e3 40fec4 3445c0e]OnProcessCreated 20020019,10692,com.huawei.hmos.aidataservice.1,com.huawei.hmos.aidataservice,0,0,1,0,-1,-1,0
03-06 07:27:42.175  1141  1368 I C01727/resource_schedule_service/SceneRecognizeExt: [a92ab9586e1a7e3 327435f c14948][ReportEnterUserInteractionSceneInner]report enter user interaction scene
03-06 07:27:42.175  1141 11562 I C01702/resource_schedule_service/CgroupAdjuster: [a92ab9586e1a7e3 2f10e88 3aedc70]ApplyProcessGroup:10692's cgroup from 255 to 0. Reason:20002. Event:3
03-06 07:27:42.175  1141 11680 I C01704/resource_schedule_service/TagSched: [a92ab9586e1a7e3 1158bea 2f10e88][ReportCgroupInfo]ReportCgroupInfo: pid:10692 from 255 to 0 withSuppressType: 0
03-06 07:27:42.175 10692 10692 W C01719/om.huawei.hmos.aidataservice.1/ffrt_acc: 1:GetQosByUidImpl:429 use user-app qos level setting
03-06 07:27:42.176 10692 11723 I C01317/om.huawei.hmos.aidataservice.1/AppKit: [MTHRD858]ScheduleLaunchAbility called, ability AiProcessServiceAbility, type is 5.
03-06 07:27:42.176  1041 11684 I C02699/memmgrservice/MM: [a92ab9586e1a7e3 1eb3189 40fec4]AddBundleToOsAccount uid:20020019 already exist
03-06 07:27:42.176  1141 11679 I C01705/resource_schedule_service/IOLIMIT: [a92ab9586e1a7e3 3279c5e 68d37c][(CheckIsRemoveAndSystem):383] com.huawei.hmos.aidataservice is system app
03-06 07:27:42.176  1041 11684 I C02699/memmgrservice/MM: [a92ab9586e1a7e3 1eb3189 40fec4]UpdatePriorityLocked CRE: 10692, 20020019, 0, [], 00000
03-06 07:27:42.177  1141 11562 I C01731/resource_schedule_service/SUSPEND_MSG: [a92ab9586e1a7e3 3d20fca 11b2ec]OnExtensionStateChanged uid:20020019,pid:10692,abilityId:96,abilityName:AiProcessServiceAbility,abilityState:0,abilityType:5,extensionAbilityType:3
03-06 07:27:42.177  1141  1503 I C01713/resource_schedule_service/SUSPEND_MANAGER: [a92ab9586e1a7e3 26e5870 1629cfb]SetEfficiencyResourceState appres:20020019_com.huawei.hmos.aidataservice
03-06 07:27:42.177  1141  1503 I C01713/resource_schedule_service/SUSPEND_MANAGER: [a92ab9586e1a7e3 26e5870 1629cfb]add freeze unit: 20020019_com.huawei.hmos.aidataservice, C_[(0,0,0,0,0,0,1,0,1)], T_0, R_9_0, S_0, pT_0, eT_[3,3], cC_0, [3968_0_1,10692_0_0][3853_0,1321_0,1978_0]
03-06 07:27:42.178  1141  1503 I C01731/resource_schedule_service/SUSPEND_MSG: [a92ab9586e1a7e3 26e5870 1629cfb]SetLifecycleDetectStatusAfterCreate pid:10692, detectStatus:1, timeoutDuration:17000
03-06 07:27:42.178 10692 11740 W C01719/om.huawei.hmos.aidataservice.1/ffrt: 2:operator():110 [1640585376] set priority warn ret[1] eno[0]
03-06 07:27:42.178  1041 11487 I C02699/memmgrservice/MM: [a92ab9586e1a7e3 2d52b18 1eb3189]HandleProcessCreateOnly succ. pid=10692 appId=20020019
03-06 07:27:42.179   944  7900 I C01707/concurrent_task_service/CONCUR: [a92ab9586e1a7e3 1d25135 3a88f5d]Executing onSwitch callback for PerfMode
03-06 07:27:42.179   944  7900 I C01707/concurrent_task_service/CONCUR: [a92ab9586e1a7e3 1d25135 3a88f5d]Deadline switch to perf mode
03-06 07:27:42.179   944  7900 I C01707/concurrent_task_service/CONCUR: [a92ab9586e1a7e3 1d25135 3a88f5d]onSwitch callback completed for PerfMode
03-06 07:27:42.179   944  7900 I C01707/concurrent_task_service/CONCUR: [a92ab9586e1a7e3 1d25135 3a88f5d]Changed to PerfMode
03-06 07:27:42.179  1321  1371 W C01650/foundation/RdbStoreManager: IsConfigInvalidChanged:no bundleName
03-06 07:27:42.179  1321  1371 E C01650/foundation/SilentProxy: IsSupportSilentFromService:GetRdbService failed, err is 27394049.
03-06 07:27:42.179   733  8973 I C02DA0/hiview/FaultLeakDetectorManager: NotifyProcessCreate: notify create com.huawei.hmos.aidataservice.1:10692, processType:3
03-06 07:27:42.180   733  8973 I C02DA0/hiview/KernelLeakDetector: NotifyProcessCreate: set DmaBuf special APP: com.huawei.hmos.aidataservice.1, pid: 10692, set threshold: 4096 MB
03-06 07:27:42.180  1203 11692 I C015B5/netmanager/NetMgrEnhanced: [a92ab9586e1a7e3 35af1c4 15f1d16]NotifyAbilityStateChanged:uid=2******9, pid=10692, state=0, abilityName=AiProcessServiceAbility
03-06 07:27:42.182  1321  1371 I C01650/foundation/SqliteConnection: CreateSlaveConnection:slave cfg:[0,1,0,0,1,0,0]bms***.db:<DB,0x1d8c,8744960,100660><DWR,0x1d8d,28672,100660><SHM,0x1d99,32768,100660><WAL,0x1d98,0,100660> master:<DB,0x1bdb,8744960,100660><DWR,0x1bdd,28672,100660><SHM,0x1d86,32768,100660><WAL,0x1d85,0,100660>,[1,0,0,0,1]
03-06 07:27:42.183  1321  1371 I C01650/foundation/SqliteConnection: SetBinlog:binlog: open /***/el1/***/bms***
03-06 07:27:42.185  1321  1371 I C01650/foundation/ConnectionPool: Create:code:0 app[:] area[el1] cfg[0,1,0,0,1,0,0]bms***:<DB,0x1bdb,8744960,100660><DWR,0x1bdd,28672,100660><SHM,0x1d86,32768,100660><WAL,0x1d85,0,100660>, pathSize:60
03-06 07:27:42.190  1321  1371 W C01650/foundation/RdbStoreImpl: ExchangeSlaverToMaster:exchange st:3, bms***,
03-06 07:27:42.190  1321  1371 I C01120/foundation/BMS: rdb open
03-06 07:27:42.190   944 11744 I C02C02/PARAM: SystemSetParameter name persist.ffrt.interval.appRate id:63 ret:0
03-06 07:27:42.191   944 11744 I C02C02/PARAM: SystemSetParameter name persist.ffrt.interval.rsRate id:64 ret:0
03-06 07:27:42.191  1321 11746 I C01650/foundation/SqliteConnection: CreateSlaveConnection:slave cfg:[0,1,0,0,1,0,0]bms***.db:<DB,0x1d8c,8744960,100660><DWR,0x1d8d,28672,100660><SHM,0x1d99,32768,100660><WAL,0x1d98,0,100660> master:<DB,0x1bdb,8744960,100660><DWR,0x1bdd,28672,100660><SHM,0x1d86,32768,100660><WAL,0x1d85,0,100660>,[1,0,0,0,1]
03-06 07:27:42.192  1321 11746 I C01650/foundation/SqliteConnection: SetBinlog:binlog: open /***/el1/***/bms***
03-06 07:27:42.193  1321 11746 I C01631/foundation/GaussPD:  [0] [STORAGE] [387480766800] |BinlogRead||VerifyReadInfo| read binlog files finish.
03-06 07:27:42.193  1321 11746 I C01631/foundation/GaussPD:  [0] [STORAGE] [387480766800] |BinlogRead||ProcReadBeginStage| Verify read info and read finish
03-06 07:27:42.193  1321 11746 I C01631/foundation/GaussPD:  [0] [STORAGE] [387480766800] |Binlog||BinlogRead| reading all binlog files is complete
03-06 07:27:42.194  1321 11746 I C01650/foundation/SqliteConnection: CompareWithSlave:equal, main:19,slave:19
03-06 07:27:42.194  1321 11746 I C01650/foundation/RdbStoreImpl: operator():async exchange st:0,
03-06 07:27:42.194  1321 11746 E C01650/foundation/RdbStoreManager: operator():database visitor:foundation.
03-06 07:27:42.195 10692 10692 I C03900/om.huawei.hmos.aidataservice.1/ACE_UIContent: [61]AceForwardCompatibility [com.huawei.hmos.aidataservice] force:1 newpipe:1
03-06 07:27:42.199 10692 10692 I C01317/om.huawei.hmos.aidataservice.1/AppKit: [MTHRD1867]SmartGC: process is start. enable warm startup SmartGC: 0
03-06 07:27:42.200 10692 10692 I C03F00/om.huawei.hmos.aidataservice.1/ArkCompiler: [ecmascript] asmint: 1, aot: 0, jit: 1, baseline jit: 0, bundle name: com.huawei.hmos.aidataservice, arkTSMode: dynamic
03-06 07:27:42.202  5794  5833 I C02925/bms_behavior/bms_behavior: [WaitConditionStatus]: runState = 1, cvStatus = 1 
03-06 07:27:42.204 10692 10692 I C03F00/om.huawei.hmos.aidataservice.1/ArkCompiler: [ecmascript] multi-thread check enabled: 0
03-06 07:27:42.204 10692 10692 I C03F00/om.huawei.hmos.aidataservice.1/ArkCompiler: [pgo] reset pgo profiler, pgo profiler is disabled
03-06 07:27:42.205 10692 10692 I C03301/om.huawei.hmos.aidataservice.1/LIBUV: clean up handles in loop(2816)
03-06 07:27:42.205 10692 10692 I C03301/om.huawei.hmos.aidataservice.1/LIBUV: loop:(2816) closed in 0s
03-06 07:27:42.205 10692 10692 I C03301/om.huawei.hmos.aidataservice.1/LIBUV: close:2816, async_io_wfd:16
03-06 07:27:42.205 10692 10692 I C03301/om.huawei.hmos.aidataservice.1/LIBUV: close:2816, backend_fd:9
03-06 07:27:42.205 10692 10692 I C03301/om.huawei.hmos.aidataservice.1/LIBUV: init:1520
03-06 07:27:42.205 10692 10692 I C03301/om.huawei.hmos.aidataservice.1/LIBUV: init:1520, backend_fd:9
03-06 07:27:42.205 10692 10692 I C03301/om.huawei.hmos.aidataservice.1/LIBUV: open:1520, pipefd[0]:16
03-06 07:27:42.206 10692 10692 I C03F00/om.huawei.hmos.aidataservice.1/ArkCompiler: [ecmascript] can not find aot file
03-06 07:27:42.214  5794  5833 E C02925/bms_behavior/bms_file: [BmsFileReadBuffer]: file /sys/class/hw_power/coul/coul_data/rbatt is invalid
03-06 07:27:42.215  5794  5833 E C02925/bms_behavior/bms_file: [BmsFileReadBuffer]: file /sys/class/hw_power/bat_heating/heat_up is invalid
03-06 07:27:42.216 10692 10692 W C01321/om.huawei.hmos.aidataservice.1/JsRuntime: [CSM161]not Connected
03-06 07:27:42.216 10692 10692 I C03F00/om.huawei.hmos.aidataservice.1/ArkCompiler: [ecmascript] JSNApi::NotifyDebugMode, tid = 10692, debugApp = 0, isDebugMode = 0, instanceId = 0
03-06 07:27:42.216 10692 11748 I C01317/om.huawei.hmos.aidataservice.1/AppKit: [DRH635]File existed. dir: /data/storage/el2/base/cache/rawheap
03-06 07:27:42.216 10692 11748 I C01317/om.huawei.hmos.aidataservice.1/AppKit: [DRH613]success to create /data/storage/el2/base/cache/rawheap
03-06 07:27:42.217 11714 11714 I C01810/hidumper_service/SAFWK: AddAbility set profile attr for SA:1212
03-06 07:27:42.217   730   744 I C02C03/PARAM_WATCHER: [watcher_manager.cpp:72]Add remote watcher remoteWatcherId 118 10692 success
03-06 07:27:42.217 11714 11758 W C057C1/hidumper_service/IPCWorkThread: ThreadHandler: proto:0 policy:1 name:OS_IPC_0_11758 invoker:2063626880
03-06 07:27:42.217   730   744 I C02C03/PARAM_WATCHER: SendLocalChange start keyPrefix persist.hdc.jdwp remoteWatcherId 118
03-06 07:27:42.217 11714 11714 I C01800/hidumper_service/SAMGR: SA:1212 OpenSo 77ms
03-06 07:27:42.217 11714 11759 W C057C1/hidumper_service/IPCWorkThread: ThreadHandler: proto:0 policy:0 name:OS_IPC_1_11759 invoker:4117495168
03-06 07:27:42.218 11714 11714 I C01810/hidumper_service/SAFWK: InitOnDemandSa LoadSaLib SA:1212 finished,spend:78ms
03-06 07:27:42.218 10692 10692 W C01E00/om.huawei.hmos.aidataservice.1/ResourceManager: update userId, currentUserId_= 0, userId= 100
03-06 07:27:42.218   730   744 I C02C03/PARAM_WATCHER: [watcher_manager.cpp:187]Add watcher persist.hdc.jdwp remoteWatcherId: 118 groupId 144 success
03-06 07:27:42.219   729  1322 I C01800/samgr/SAMGR: AddProc:hidumper_service,153ms
03-06 07:27:42.219 10692 11757 I C02C03/PARAM_WATCHER: Add watcher keyPrefix persist.hdc.jdwp remoteWatcherId 118 success
03-06 07:27:42.219 10692 11757 I C02D13/om.huawei.hmos.aidataservice.1/HDC_LOG: AddWatchHdcdJdwp rc:0
03-06 07:27:42.219 10692 11757 I C02D13/om.huawei.hmos.aidataservice.1/HDC_LOG: skip register image callback
03-06 07:27:42.219 10692 11757 I C02D13/om.huawei.hmos.aidataservice.1/HDC_LOG: connect success cfd:29
03-06 07:27:42.219 10692 11757 I C02D13/om.huawei.hmos.aidataservice.1/HDC_LOG: Send2Jdwp send pid:10692, pp:com.huawei.hmos.aidataservice/com.huawei.hmos.aidataservice.1, isDebug:0, msglen:73
03-06 07:27:42.219   729  1322 I C01800/samgr/SAMGR: Scheduler proc:hidumper_service handle started event
03-06 07:27:42.219   729  1322 I C01800/samgr/SAMGR: Scheduler proc:hidumper_service state 0 to 1
03-06 07:27:42.219  2509  2509 I C02D13/hdcd/HDC_LOG: [jdwp.cpp:278] JDWP accept pid:10692-pkg:com.huawei.hmos.aidataservice/com.huawei.hmos.aidataservice.1 isDebug:0
03-06 07:27:42.219   729  1322 I C01800/samgr/SAMGR: Scheduler proc:hidumper_service started
03-06 07:27:42.219  1141  2892 I C01810/resource_schedule_service/SA_CLIENT: onProcStart,pid:11714
03-06 07:27:42.220 11714 11714 I C01810/hidumper_service/SAFWK: Run curThread is 14,proc:hidumper_service,SA:1212
03-06 07:27:42.220  1141 11679 I C01731/resource_schedule_service/SUSPEND_MSG: [a92ab8586e35acd 0 0]pid:11714 uid:1212 processName:hidumper_service create
03-06 07:27:42.220  1041  3281 I C01810/memmgrservice/SA_CLIENT: onProcStart,pid:11714
03-06 07:27:42.220 11714 11760 I C02D06/hidumper_service/XCollie: init default task finished.
03-06 07:27:42.222  5794  5824 I C02925/bms_behavior/bms_behavior: [WaitConditionStatus]: runState = 1, cvStatus = 1 
03-06 07:27:42.222 11714 11761 I C01810/hidumper_service/SAFWK: Start-SA:1212
03-06 07:27:42.222 10692 10692 I C01317/om.huawei.hmos.aidataservice.1/AppKit: [MTHRD4319]ParseAppConfigurationParams config:{"0#const.build.characteristics":"phone","0#input.pointer.device":"false","0#ohos.app.fontSizeScale":"nonFollowSystem","0#ohos.system.colorMode":"light","0#ohos.system.fontSizeScale":"1.0","0#ohos.system.fontWeightScale":"1.0","0#ohos.system.hour":"false","0#ohos.system.language":"zh-Hans-CN","0#ohos.system.locale":"zh-Hans-CN"}
03-06 07:27:42.223   729  1322 I C01800/samgr/SAMGR: insert SA:1212_160
03-06 07:27:42.223   729  1322 I C01800/samgr/SAMGR: Scheduler SA:1212 handle load suc event
03-06 07:27:42.223   729  1322 I C01800/samgr/SAMGR: Scheduler SA:1212 loaded
03-06 07:27:42.223   729 11716 I C01800/samgr/SAMGR: DelayUnloadTime is 30000, SA:1212
03-06 07:27:42.223 11714 11761 I C01810/hidumper_service/SAFWK: Publish SA:1212 result:0,spend:1ms
03-06 07:27:42.223 11714 11761 I C01810/hidumper_service/SAFWK: Start OnStart-SA:1212 finished, spend:1 ms
03-06 07:27:42.223 10692 11741 W C01653/om.huawei.hmos.aidataservice.1/NativePreferences: LoadFromDisk: The settingXml /***/el1/***/i18*** load failed.
03-06 07:27:42.223 11714 11761 I C01810/hidumper_service/SAFWK: StartSystemAbilityTask hidumper_service SA:1212 init finished, 84 ms
03-06 07:27:42.223 11714 11714 I C01810/hidumper_service/SAFWK: start tasks proc:hidumper_service end,spend 1ms
03-06 07:27:42.223   729 11716 I C01800/samgr/SAMGR: FindSaNotify SA:1212,3_147
03-06 07:27:42.223   729 11716 I C01800/samgr/SAMGR: SendSaAddedMsg notify SA:1212
03-06 07:27:42.223   729 11716 I C01800/samgr/SAMGR: notify SA:1212,733
03-06 07:27:42.224   733  3431 I C02DA0/hiview/FdLeakDumpOnDemandLoad: OnLoadSystemAbilitySuccess: OnLoadSystemAbilitySuccess systemAbilityId:1212 IRemoteObject result:succeed
03-06 07:27:42.224   733  3431 W C01810/hiview/SA_CLIENT: OnLoadSaSucInner SA:1212 spend 0ms
03-06 07:27:42.224  5794  5833 I C02925/bms_behavior/bms_behavior: [Monitor]: monitor interval count 75, name: Battery
03-06 07:27:42.225 10692 10692 E C01301/om.huawei.hmos.aidataservice.1/CompatiblePolicyDeviceType: [calculateResourceType:81]deviceType is empty.
03-06 07:27:42.226 10692 10692 W C01301/om.huawei.hmos.aidataservice.1/Ability: [resource_config_helper.cpp193]invalid source:
03-06 07:27:42.226 10692 10692 W C01301/om.huawei.hmos.aidataservice.1/Ability: [resource_config_helper.cpp193]invalid source:
03-06 07:27:42.226 10692 10692 I C01317/om.huawei.hmos.aidataservice.1/AppKit: [application_cleaner.cpp94]ClearTempData
03-06 07:27:42.227 10692 10692 I C01317/om.huawei.hmos.aidataservice.1/AppKit: [MTHRD2801]NotifyApplicationPreAbilityCreate
03-06 07:27:42.228  2107  2763 I C02930/batterycare_service/BCS/Base/Work: [1562][PostEvent:65]: DCR: 1970-03-06 07:27:42/Inner_UpdateEvent
03-06 07:27:42.228  2107  2763 I C02930/batterycare_service/BCS/Base/Work: [1563][PostEvent:65]: NightChargeAi: 1970-03-06 07:27:42/Inner_UpdateEvent
03-06 07:27:42.229 10692 10692 W C04201/om.huawei.hmos.aidataservice.1/DMS: display_manager_adapter.cpp RegisterClientDeathListener: regis reverse death
03-06 07:27:42.229 10692 10692 I C04201/om.huawei.hmos.aidataservice.1/DMS: screen_session_manager_proxy.cpp RegisterClientDeathListener: ENTER
03-06 07:27:42.229  1321  1371 I C04201/foundation/DMS: screen_session_manager.cpp RegisterClientDeathListener: pid: 10692, bundle name: com.huawei.hmos.aidataservice
03-06 07:27:42.230  1321  1371 W C04201/foundation/DMS: screen_session.cpp: call BMS
03-06 07:27:42.230  1321  1371 I C04201/foundation/DMS: screen_session.cpp: pid:23, bundle:com.huawei.hmos.aidataservice, api:23
