03-06 07:27:37.179 11651 11651 I A0FFFF/model_run_tool_internal/interface_test:: hiai|framework|HIAI_NDTensorBuffer_CreateFromSize|17
03-06 07:27:37.180 11651 11651 I A0FFFF/model_run_tool_internal/interface_test:: hiai|framework|HIAI_NDTensorBuffer_GetSize|74
03-06 07:27:37.180 11651 11651 I A0FFFF/model_run_tool_internal/interface_test:: hiai|framework|HIAI_NDTensorBuffer_GetData|81
03-06 07:27:37.181 11651 11651 I A0FFFF/model_run_tool_internal/PROFILING_TOOL: model_run_tool.cpp LoadModelLegacy(362)::"Load model success."
03-06 07:27:37.181 11651 11651 I A0FFFF/model_run_tool_internal/PROFILING_TOOL: model_run_tool.cpp ModelProcessLegacy(516)::"Inference: loading model split_internvit_v6_exclude_conv_int8_8 succeeded."
03-06 07:27:37.185 11651 11651 I A0FFFF/model_run_tool_internal/PROFILING_TOOL: model_run_tool.cpp ModelProcessLegacy(524)::"Inference: filling input tensors succeeded."
03-06 07:27:37.185 11651 11651 I A0FFFF/model_run_tool_internal/interface_test:: hiai|framework|HIAI_NDTensorBuffer_GetFd|95
03-06 07:27:37.185 11651 11651 E A0FFFF/model_run_tool_internal/AI_INFRA: hiai_kvcache_buffer_impl.cpp HIAI_MR_KVCacheBuffer_GetFdNum_Impl(49)::"v3Buffer->magic == TENSOR_MAGIC_NUM" "false, return -1."
03-06 07:27:37.185 11651 11651 E A0FFFF/model_run_tool_internal/AI_INFRA: hiai_kvcache_buffer_impl.cpp HIAI_MR_KVCacheBuffer_GetFdNum_Impl(49)::"v3Buffer->magic == TENSOR_MAGIC_NUM" "false, return -1."
03-06 07:27:37.187 11651 11700 I A0FFFF/model_run_tool_internal/AI_NPUCL: npu_device_handler_client.cc RpcVotepByProcess(84)::"Vote suc"
03-06 07:27:37.862  1176  1773 W C02160/hiaiserver/LOGLIMIT: 6141 line(s) dropped in a second! from time: 1970-03-06 07:27:36.861 to time: 1970-03-06 07:27:37.861
03-06 07:27:37.862  1176  1773 W C02160/hiaiserver/RUNTIME: PrimaryContextRetain:286 Context incRef, count = 0x4
03-06 07:27:37.862  1176  1773 W C02160/hiaiserver/RUNTIME: PrimaryContextRelease:317 Context tryDecRef, count = 0x3, reset:0
03-06 07:27:38.864  1176  1773 W C02160/hiaiserver/RUNTIME: PrimaryContextRetain:286 Context incRef, count = 0x4
03-06 07:27:38.864  1176  1773 W C02160/hiaiserver/RUNTIME: PrimaryContextRelease:317 Context tryDecRef, count = 0x3, reset:0
03-06 07:27:39.866  1176  1773 W C02160/hiaiserver/RUNTIME: PrimaryContextRetain:286 Context incRef, count = 0x4
03-06 07:27:39.866  1176  1773 W C02160/hiaiserver/RUNTIME: PrimaryContextRelease:317 Context tryDecRef, count = 0x3, reset:0
03-06 07:27:40.338  1457  2211 W C02943/power_host/ThermalHdi: Read node failed, title = bright_in
03-06 07:27:40.339  1457  2211 W C02943/power_host/ThermalHdi: Read node failed, title = bright_out
03-06 07:27:40.870  1176  1773 W C02160/hiaiserver/RUNTIME: PrimaryContextRetain:286 Context incRef, count = 0x4
03-06 07:27:40.870  1176  1773 W C02160/hiaiserver/RUNTIME: PrimaryContextRelease:317 Context tryDecRef, count = 0x3, reset:0
03-06 07:27:41.878  1176  1773 W C02160/hiaiserver/RUNTIME: PrimaryContextRetain:286 Context incRef, count = 0x4
03-06 07:27:41.878  1176  1773 W C02160/hiaiserver/RUNTIME: PrimaryContextRelease:317 Context tryDecRef, count = 0x3, reset:0
03-06 07:27:41.975  1891  2881 W C04707/hianalytics/HaService: Query string failed: empty rows, key:basic_statement_agreed
03-06 07:27:41.983  1891  2881 W C04707/hianalytics/HaService: Query string failed: empty rows, key:basic_statement_agreed_oversea
03-06 07:27:41.983  1891  2881 W C04707/hianalytics/HaService: QueryBasicStatementAgreedState failed
03-06 07:27:42.067   729  1322 I C02C02/PARAM: SystemWaitParameter startup.service.ctl.hidumper_service v 5 ret 0
03-06 07:27:42.077   729  1322 I C01800/samgr/SAMGR: Start dynamic proc:hidumper_service,1212,0_10ms
03-06 07:27:42.078   733 11258 I C02DA0/hiview/FaultLeakDetectorManager: NotifyProcessCreate: notify create hidumper_service:11714, processType:2000
03-06 07:27:42.134 10692 10692 W C02C11/om.huawei.hmos.aidataservice.1/APPSPAWN: errno:2 bind mount /system/app/ArkWebCoreLegacy to /mnt/sandbox/100/com.huawei.hmos.aidataservice/system/app/ArkWebCoreLegacy
03-06 07:27:42.138 10692 10692 W C02C11/om.huawei.hmos.aidataservice.1/APPSPAWN: errno:2 bind mount /data/app/el1/public/shader_cache/cloud/com.huawei.hmos.aidataservice to /mnt/sandbox/100/com.huawei.hmos.aidataservice/data/storage/shader_cache/cloud
03-06 07:27:42.138 10692 10692 W C02C11/om.huawei.hmos.aidataservice.1/APPSPAWN: check dir /data/app/el1/public/shader_cache/cloud/com.huawei.hmos.aidataservice failed,strerror:No such file or directory
03-06 07:27:42.139 11714 11714 I C01810/hidumper_service/SAFWK: operator() Set process name to hidumper_service
03-06 07:27:42.140 11714 11714 I C01810/hidumper_service/SAFWK: InitProfiles proc:hidumper_service end,spend:0ms
03-06 07:27:42.141 10692 10692 W C02C11/om.huawei.hmos.aidataservice.1/APPSPAWN: errno:13 private mount to /mnt/sandbox/100/com.huawei.hmos.aidataservice/chip_prod/lib64/passthrough '524288' failed
03-06 07:27:42.141 10692 10692 W C02C11/om.huawei.hmos.aidataservice.1/APPSPAWN: errno:2 bind mount /data/app/el1/bundle/public/com.huawei.hmos.arkwebcorelegacy to /mnt/sandbox/100/com.huawei.hmos.aidataservice/data/storage/el1/bundle/arkwebcorelegacy
03-06 07:27:42.141 10692 10692 W C02C11/om.huawei.hmos.aidataservice.1/APPSPAWN: check dir /data/app/el1/bundle/public/com.huawei.hmos.arkwebcorelegacy failed,strerror:No such file or directory
03-06 07:27:42.143 10692 10692 W C02C11/om.huawei.hmos.aidataservice.1/APPSPAWN: check dir /data/app/el1/public/aot_compiler/ark_cache/com.huawei.hmos.aidataservice failed,strerror:No such file or directory
03-06 07:27:42.145 10692 10692 W C02C11/om.huawei.hmos.aidataservice.1/APPSPAWN: errno:2 bind mount /data/preload/app to /mnt/sandbox/100/com.huawei.hmos.aidataservice/data/preload/app
03-06 07:27:42.152 10692 10692 E C05A06/om.huawei.hmos.aidataservice.1/CODE_SIGN: [XpmIoctl]:Ioctl cmd 40407808 failed: Invalid argument (ignore)
03-06 07:27:42.152 10692 10692 E C05A06/om.huawei.hmos.aidataservice.1/CODE_SIGN: [XpmIoctl]:Ioctl cmd 40087803 failed: Invalid argument (ignore)
03-06 07:27:42.179  1321  1371 E C01650/foundation/SilentProxy: IsSupportSilentFromService:GetRdbService failed, err is 27394049.
03-06 07:27:42.217 11714 11714 I C01810/hidumper_service/SAFWK: AddAbility set profile attr for SA:1212
03-06 07:27:42.217 11714 11758 W C057C1/hidumper_service/IPCWorkThread: ThreadHandler: proto:0 policy:1 name:OS_IPC_0_11758 invoker:2063626880
03-06 07:27:42.217 11714 11714 I C01800/hidumper_service/SAMGR: SA:1212 OpenSo 77ms
03-06 07:27:42.217 11714 11759 W C057C1/hidumper_service/IPCWorkThread: ThreadHandler: proto:0 policy:0 name:OS_IPC_1_11759 invoker:4117495168
03-06 07:27:42.218 11714 11714 I C01810/hidumper_service/SAFWK: InitOnDemandSa LoadSaLib SA:1212 finished,spend:78ms
03-06 07:27:42.219   729  1322 I C01800/samgr/SAMGR: AddProc:hidumper_service,153ms
03-06 07:27:42.219   729  1322 I C01800/samgr/SAMGR: Scheduler proc:hidumper_service handle started event
03-06 07:27:42.219   729  1322 I C01800/samgr/SAMGR: Scheduler proc:hidumper_service state 0 to 1
03-06 07:27:42.219   729  1322 I C01800/samgr/SAMGR: Scheduler proc:hidumper_service started
03-06 07:27:42.220 11714 11714 I C01810/hidumper_service/SAFWK: Run curThread is 14,proc:hidumper_service,SA:1212
03-06 07:27:42.220  1141 11679 I C01731/resource_schedule_service/SUSPEND_MSG: [a92ab8586e35acd 0 0]pid:11714 uid:1212 processName:hidumper_service create
03-06 07:27:42.220 11714 11760 I C02D06/hidumper_service/XCollie: init default task finished.
03-06 07:27:42.222 11714 11761 I C01810/hidumper_service/SAFWK: Start-SA:1212
03-06 07:27:42.223 11714 11761 I C01810/hidumper_service/SAFWK: Publish SA:1212 result:0,spend:1ms
03-06 07:27:42.223 11714 11761 I C01810/hidumper_service/SAFWK: Start OnStart-SA:1212 finished, spend:1 ms
03-06 07:27:42.223 10692 11741 W C01653/om.huawei.hmos.aidataservice.1/NativePreferences: LoadFromDisk: The settingXml /***/el1/***/i18*** load failed.
03-06 07:27:42.223 11714 11761 I C01810/hidumper_service/SAFWK: StartSystemAbilityTask hidumper_service SA:1212 init finished, 84 ms
03-06 07:27:42.223 11714 11714 I C01810/hidumper_service/SAFWK: start tasks proc:hidumper_service end,spend 1ms
03-06 07:27:42.224   733  3431 I C02DA0/hiview/FdLeakDumpOnDemandLoad: OnLoadSystemAbilitySuccess: OnLoadSystemAbilitySuccess systemAbilityId:1212 IRemoteObject result:succeed
03-06 07:27:42.283   733  6058 I C02DA0/hiview/FdLeakDumpClient: Connect: sucess connect to remote service
03-06 07:27:42.302 10692 11755 I A06666/om.huawei.hmos.aidataservice.1/PafLog_CPP: [Dump.cpp(InitDumpInfo:15)] InitDumpInfo enter.
03-06 07:27:42.399 10692 11785 I C01630/om.huawei.hmos.aidataservice.1/DistributedDB: [a92ab2586e60826 0 0]before open db,db file: [size: 73728, mtime: 5527277, inode: 23408]; db wal file: [size: 65952, mtime: 5527362, inode: 23438]; db shm file: [size: 32768, mtime: 5527361, inode: 23440]; db dwr file: [stat() failed, errCode: -1, errno: 2]; 
03-06 07:27:42.402 10692 11785 W C01630/om.huawei.hmos.aidataservice.1/DistributedDB: [a92ab2586e60826 0 0][InitCurrentMaxStamp] Reset statement failed: -100
03-06 07:27:42.411  1321  1371 W C01336/foundation/AMS: [crowd_test_interceptor.cpp88]GetAppInfo failed
03-06 07:27:42.412 10692 11723 E C01651/om.huawei.hmos.aidataservice.1/data_share_manager_impl: RegisterClientDeathObserver: RegisterClientDeathObserver failed, bundleName is com.huawei.hmos.aidataservice
03-06 07:27:42.412 10692 11723 E C01651/om.huawei.hmos.aidataservice.1/data_share_manager_impl: GetDataShareServiceProxy: RegisterClientDeathObserver failed
03-06 07:27:42.447 10692 11786 W C03F00/om.huawei.hmos.aidataservice.1/ArkCompiler: [ecmascript] When checking if module is in abc file, loading panda file failed. Current file is /data/storage/el1/bundle/entry/ets/modules.abc
03-06 07:27:42.447 10692 11786 W C03F00/om.huawei.hmos.aidataservice.1/ArkCompiler: [ecmascript] When checking if module is in abc file, loading panda file failed. Current file is /data/storage/el1/bundle/entry/ets/modules.abc
03-06 07:27:42.447 10692 11785 W C01E00/om.huawei.hmos.aidataservice.1/ResourceManagerJs: GetRawFileContent failed, name is empty.
03-06 07:27:42.447 10692 11786 E A00F00/om.huawei.hmos.aidataservice.1/170004412: TimePreprocessTask: read raw file:DateConfig_1960.json, error:GetRawFileContent failed
03-06 07:27:42.467 10692 11785 W C01E00/om.huawei.hmos.aidataservice.1/ResourceManagerJs: GetRawFileContent failed, name is empty.
03-06 07:27:42.467 10692 11786 E A00F00/om.huawei.hmos.aidataservice.1/170004412: TimePreprocessTask: read raw file:DateConfig_1960.json, error:GetRawFileContent failed
03-06 07:27:42.532 10692 11785 W C01E00/om.huawei.hmos.aidataservice.1/ResourceManagerJs: GetRawFileContent failed, name is empty.
03-06 07:27:42.532 10692 11786 E A00F00/om.huawei.hmos.aidataservice.1/170004412: TimePreprocessTask: read raw file:DateConfig_1960.json, error:GetRawFileContent failed
03-06 07:27:42.535 10692 11786 W A00F00/om.huawei.hmos.aidataservice.1/170004412: AwarenessChargingScreenOffTaskSchedule: task has already failed
03-06 07:27:42.583   733  6058 I C02D20/hiview/DumperService: CountFdNums# sucess to count fd nums, pid is 1176
03-06 07:27:42.583   733  6058 I C02DA0/hiview/FdLeakInfo: GetFdNumsNotInHM: monitor:1176, name:hiaiserver fd handler leaked, fdcnt:7567.
03-06 07:27:42.583   733  6058 I C02DA0/hiview/FdLeakInfo: ShouldBeKilled: hiaiserver:1176 is not over kill threshold
03-06 07:27:42.583   733  6058 I C02DA0/hiview/FdLeakDetector: ExeNextStateProcess: process: hiaiserver pid: 1176, current state is [ProcIdleState], next state is [ProcDumpState]
03-06 07:27:42.583   733  6058 I C02DA0/hiview/FdLeakJudgeState: StateProcess: monitor:1176, name:hiaiserver fd handler leaked, fdcnt:7567.
03-06 07:27:42.584   733  6058 I C02DA0/hiview/FaultLeakDumpStateBase: DumpAppPageInfo: pid=1176, processName=hiaiserver, is not APP
03-06 07:27:42.882  1176  1773 W C02160/hiaiserver/RUNTIME: PrimaryContextRetain:286 Context incRef, count = 0x4
03-06 07:27:42.882  1176  1773 W C02160/hiaiserver/RUNTIME: PrimaryContextRelease:317 Context tryDecRef, count = 0x3, reset:0
03-06 07:27:43.653   733 11255 W C02D15/hiview/XPower: [task_138]#record top temp [wifiSignalLevel] failed, wifiSignalLevel is [-1]
03-06 07:27:43.761   733  6058 I C02DA0/hiview/FdLeakDumpState: RecordProcInfo: ready to add /proc/ion_process_info info
03-06 07:27:43.768   733  6058 I C02DA0/hiview/FdLeakDumpState: DumpRsInfo: dump process fd info sucessfully
03-06 07:27:43.769   733  6058 I C02DA0/hiview/FdLeakDumpState: MatchDumpProfilerType: leakType: dmabuf
03-06 07:27:43.769   733  6058 I C02DA0/hiview/FdLeakDumpState: DumpProfiler: leakType: dmabuf not support
03-06 07:27:43.769   733  6058 I C02DA0/hiview/FdLeakInfo: ShouldBeKilled: hiaiserver:1176 is not over kill threshold
03-06 07:27:43.769   733  6058 I C02DA0/hiview/FdLeakDetector: ExeNextStateProcess: process: hiaiserver pid: 1176, current state is [ProcDumpState], next state is [ProcReportState]
03-06 07:27:43.769   733  6058 I C02DA0/hiview/FdLeakInfo: ShouldBeKilled: hiaiserver:1176 is not over kill threshold
03-06 07:27:43.771   733  6058 I C02DA0/hiview/FdLeakDetector: ExeNextStateProcess: process: hiaiserver pid: 1176, current state is [ProcReportState], next state is [ProcFinishedState]
03-06 07:27:43.777  1321  6357 W C01123/foundation/BMSCommon: bundle not exist -n hiaiserver -u -3 -i 0 -f 0
03-06 07:27:43.777  1321  6357 W C01121/foundation/BMSQuery: GetBundleInfo failed -n hiaiserver -u -3
03-06 07:27:43.778  1321  6357 W C01123/foundation/BMSCommon: bundle not exist -n hiaiserver -u 0 -i 0 -f 0
03-06 07:27:43.784   733  2002 E C01650/hiview/SilentProxy: IsSupportSilentFromService:GetRdbService failed, err is 27394049.
03-06 07:27:43.888  1176  1773 W C02160/hiaiserver/RUNTIME: PrimaryContextRetain:286 Context incRef, count = 0x4
03-06 07:27:43.888  1176  1773 W C02160/hiaiserver/RUNTIME: PrimaryContextRelease:317 Context tryDecRef, count = 0x3, reset:0
03-06 07:27:44.890  1176  1773 W C02160/hiaiserver/RUNTIME: PrimaryContextRetain:286 Context incRef, count = 0x4
03-06 07:27:44.890  1176  1773 W C02160/hiaiserver/RUNTIME: PrimaryContextRelease:317 Context tryDecRef, count = 0x3, reset:0
03-06 07:27:45.382  3809 11790 W C03F00/com.ohos.sceneboard/ArkCompiler: [ecmascript] do_dlsym failed: Symbol not found: StopDebug, version: null so=/system/bin/appspawn
03-06 07:27:45.386  1457  2211 W C02943/power_host/ThermalHdi: Read node failed, title = bright_in
03-06 07:27:45.387  1457  2211 W C02943/power_host/ThermalHdi: Read node failed, title = bright_out
03-06 07:27:45.894  1176  1773 W C02160/hiaiserver/RUNTIME: PrimaryContextRetain:286 Context incRef, count = 0x4
03-06 07:27:45.894  1176  1773 W C02160/hiaiserver/RUNTIME: PrimaryContextRelease:317 Context tryDecRef, count = 0x3, reset:0
03-06 07:27:46.898  1176  1773 W C02160/hiaiserver/RUNTIME: PrimaryContextRetain:286 Context incRef, count = 0x4
03-06 07:27:46.898  1176  1773 W C02160/hiaiserver/RUNTIME: PrimaryContextRelease:317 Context tryDecRef, count = 0x3, reset:0
03-06 07:27:47.902  1176  1773 W C02160/hiaiserver/RUNTIME: PrimaryContextRetain:286 Context incRef, count = 0x4
03-06 07:27:47.902  1176  1773 W C02160/hiaiserver/RUNTIME: PrimaryContextRelease:317 Context tryDecRef, count = 0x3, reset:0
03-06 07:27:48.906  1176  1773 W C02160/hiaiserver/RUNTIME: PrimaryContextRetain:286 Context incRef, count = 0x4
03-06 07:27:48.906  1176  1773 W C02160/hiaiserver/RUNTIME: PrimaryContextRelease:317 Context tryDecRef, count = 0x3, reset:0
03-06 07:27:49.928  1176  1773 W C02160/hiaiserver/RUNTIME: PrimaryContextRetain:286 Context incRef, count = 0x4
03-06 07:27:49.928  1176  1773 W C02160/hiaiserver/RUNTIME: PrimaryContextRelease:317 Context tryDecRef, count = 0x3, reset:0
03-06 07:27:49.930  1321  6357 W C01336/foundation/AMS: [crowd_test_interceptor.cpp88]GetAppInfo failed
03-06 07:27:49.932  1321  6357 W C01337/foundation/EcologicalRule: [ERI248]failed,uid: 7102
03-06 07:27:49.935 11854 11857 E C01651/media_analysis_service/data_share_manager_impl: RegisterClientDeathObserver: RegisterClientDeathObserver failed, bundleName is media_analysis_service
03-06 07:27:49.935 11854 11857 E C01651/media_analysis_service/data_share_manager_impl: GetDataShareServiceProxy: RegisterClientDeathObserver failed
03-06 07:27:49.998 11854 11880 E C02B75/media_analysis_service/MediaCV: [IsExistCCMFile] Get CCM operation condition json from etc/multimedia/media_analysis_service_runing_config.json failed.
03-06 07:27:49.998 11854 11880 E C02B75/media_analysis_service/MediaCV: [IsExistCCMFile] Get CCM path file failed
03-06 07:27:49.998 11854 11880 E C02B75/media_analysis_service/MediaCV: [IsExistCCMFile] Get CCM operation condition json from etc/multimedia/media_analysis_service_runing_config.json failed.
03-06 07:27:49.999 11854 11880 E C02B75/media_analysis_service/MediaCV: [IsExistCCMFile] Get CCM path file failed
03-06 07:27:49.999 11854 11880 E C02B75/media_analysis_service/MediaCV: [IsExistCCMFile] Get CCM operation condition json from etc/multimedia/media_analysis_service_runing_config.json failed.
03-06 07:27:50.000 11854 11880 E C02B75/media_analysis_service/MediaCV: [IsExistCCMFile] Get CCM path file failed
03-06 07:27:50.000 11854 11880 E C02B75/media_analysis_service/MediaCV: [IsExistCCMFile] Get CCM operation condition json from etc/multimedia/media_analysis_service_runing_config.json failed.
03-06 07:27:50.000 11854 11880 E C02B75/media_analysis_service/MediaCV: [IsExistCCMFile] Get CCM path file failed
03-06 07:27:50.000 11854 11880 E C02B75/media_analysis_service/MediaCV: [IsExistCCMFile] Get CCM operation condition json from etc/multimedia/media_analysis_service_runing_config.json failed.
03-06 07:27:50.001 11854 11880 E C02B75/media_analysis_service/MediaCV: [IsExistCCMFile] Get CCM path file failed
03-06 07:27:50.001 11854 11880 E C02B75/media_analysis_service/MediaCV: [IsExistCCMFile] Get CCM operation condition json from etc/multimedia/media_analysis_service_runing_config.json failed.
03-06 07:27:50.002 11854 11880 E C02B75/media_analysis_service/MediaCV: [IsExistCCMFile] Get CCM path file failed
03-06 07:27:50.002 11854 11880 E C02B75/media_analysis_service/MediaCV: [IsExistCCMFile] Get CCM operation condition json from etc/multimedia/media_analysis_service_runing_config.json failed.
03-06 07:27:50.002 11854 11880 E C02B75/media_analysis_service/MediaCV: [IsExistCCMFile] Get CCM path file failed
03-06 07:27:50.003 11854 11880 E C02B75/media_analysis_service/MediaCV: [IsExistCCMFile] Get CCM operation condition json from etc/multimedia/media_analysis_service_runing_config.json failed.
03-06 07:27:50.003 11854 11880 E C02B75/media_analysis_service/MediaCV: [IsExistCCMFile] Get CCM path file failed
03-06 07:27:50.003 11854 11880 E C02B75/media_analysis_service/MediaCV: [IsExistCCMFile] Get CCM operation condition json from etc/multimedia/media_analysis_service_runing_config.json failed.
03-06 07:27:50.004 11854 11880 E C02B75/media_analysis_service/MediaCV: [IsExistCCMFile] Get CCM path file failed
03-06 07:27:50.004 11854 11880 E C02B75/media_analysis_service/MediaCV: [IsExistCCMFile] Get CCM operation condition json from etc/multimedia/media_analysis_service_runing_config.json failed.
03-06 07:27:50.004 11854 11880 E C02B75/media_analysis_service/MediaCV: [IsExistCCMFile] Get CCM path file failed
03-06 07:27:50.005 11854 11880 W C02B75/media_analysis_service/MediaCV: [GetAnalysisConfigs] GetAnalysisConfig failed
03-06 07:27:50.418  1457  2211 W C02943/power_host/ThermalHdi: Read node failed, title = bright_in
03-06 07:27:50.419  1457  2211 W C02943/power_host/ThermalHdi: Read node failed, title = bright_out
03-06 07:27:50.938  1176  1773 W C02160/hiaiserver/RUNTIME: PrimaryContextRetain:286 Context incRef, count = 0x4
03-06 07:27:50.938  1176  1773 W C02160/hiaiserver/RUNTIME: PrimaryContextRelease:317 Context tryDecRef, count = 0x3, reset:0
03-06 07:27:51.942  1176  1773 W C02160/hiaiserver/RUNTIME: PrimaryContextRetain:286 Context incRef, count = 0x4
03-06 07:27:51.942  1176  1773 W C02160/hiaiserver/RUNTIME: PrimaryContextRelease:317 Context tryDecRef, count = 0x3, reset:0
03-06 07:27:52.586 10692 10692 W C01317/om.huawei.hmos.aidataservice.1/AppKit: [OH_APP1079]failed
03-06 07:27:52.595  1382  1382 I C02220/msdp/SocketSessionManager: in DumpSession, i:0, session:fd = 60, opened, pid = 3809, tokenType = 0
03-06 07:27:52.906  1994  2841 E C04110/device_manager/DHDM: [dmutils][RegisterCallerAppId]:PkgName ohos.security.securityguard get appid failed.
03-06 07:27:52.909  1741 11691 E C02F07/security_guard/SG_Service: [SubscribeEvent]Subscribe failed, code: 6, eventId: 0x12003111in retry list
03-06 07:27:52.911  1994  2841 E C04110/device_manager/DHDM: [dmutils][RegisterCallerAppId]:PkgName ohos.security.securityguard get appid failed.
03-06 07:27:52.922  1741 11691 E C02F07/security_guard/S_COLLCTOR: [SubscribeCollectors]Load collector failed, eventId is 0x9000005
03-06 07:27:52.922  1741 11691 I C02F07/security_guard/SG_Service: [SubscribeScInSg]Subscribe SG failed, eventId=150994949
03-06 07:27:52.922  1741 11691 E C02F07/security_guard/SG_Service: [SubscribeEvent]Subscribe failed, code: 1, eventId: 0x9000005in retry list
03-06 07:27:52.924  1994  2841 E C04110/device_manager/DHDM: [dmutils][RegisterCallerAppId]:PkgName ohos.security.securityguard get appid failed.
03-06 07:27:52.936  1741 11691 E C02F07/security_guard/S_COLLCTOR: [SubscribeCollectors]Load collector failed, eventId is 0x9000004
03-06 07:27:52.937  1741 11691 I C02F07/security_guard/SG_Service: [SubscribeScInSg]Subscribe SG failed, eventId=150994948
03-06 07:27:52.937  1741 11691 E C02F07/security_guard/SG_Service: [SubscribeEvent]Subscribe failed, code: 1, eventId: 0x9000004in retry list
03-06 07:27:52.939  1994  2841 E C04110/device_manager/DHDM: [dmutils][RegisterCallerAppId]:PkgName ohos.security.securityguard get appid failed.
03-06 07:27:52.946  1176  1773 W C02160/hiaiserver/RUNTIME: PrimaryContextRetain:286 Context incRef, count = 0x4
03-06 07:27:52.946  1176  1773 W C02160/hiaiserver/RUNTIME: PrimaryContextRelease:317 Context tryDecRef, count = 0x3, reset:0
03-06 07:27:52.954  1741 11691 E C02F07/security_guard/S_COLLCTOR: [SubscribeCollectors]Load collector failed, eventId is 0x9001003
03-06 07:27:52.954  1741 11691 I C02F07/security_guard/SG_Service: [SubscribeScInSg]Subscribe SG failed, eventId=150999043
03-06 07:27:52.954  1741 11691 E C02F07/security_guard/SG_Service: [SubscribeEvent]Subscribe failed, code: 1, eventId: 0x9001003in retry list
03-06 07:27:53.948  1176  1773 W C02160/hiaiserver/RUNTIME: PrimaryContextRetain:286 Context incRef, count = 0x4
03-06 07:27:53.948  1176  1773 W C02160/hiaiserver/RUNTIME: PrimaryContextRelease:317 Context tryDecRef, count = 0x3, reset:0
03-06 07:27:54.950  1176  1773 W C02160/hiaiserver/RUNTIME: PrimaryContextRetain:286 Context incRef, count = 0x4
03-06 07:27:54.950  1176  1773 W C02160/hiaiserver/RUNTIME: PrimaryContextRelease:317 Context tryDecRef, count = 0x3, reset:0
03-06 07:27:55.454  1457  2211 W C02943/power_host/ThermalHdi: Read node failed, title = bright_in
03-06 07:27:55.455  1457  2211 W C02943/power_host/ThermalHdi: Read node failed, title = bright_out
03-06 07:27:55.954  1176  1773 W C02160/hiaiserver/RUNTIME: PrimaryContextRetain:286 Context incRef, count = 0x4
03-06 07:27:55.954  1176  1773 W C02160/hiaiserver/RUNTIME: PrimaryContextRelease:317 Context tryDecRef, count = 0x3, reset:0
03-06 07:27:56.958  1176  1773 W C02160/hiaiserver/RUNTIME: PrimaryContextRetain:286 Context incRef, count = 0x4
03-06 07:27:56.958  1176  1773 W C02160/hiaiserver/RUNTIME: PrimaryContextRelease:317 Context tryDecRef, count = 0x3, reset:0
03-06 07:27:57.962  1176  1773 W C02160/hiaiserver/RUNTIME: PrimaryContextRetain:286 Context incRef, count = 0x4
03-06 07:27:57.962  1176  1773 W C02160/hiaiserver/RUNTIME: PrimaryContextRelease:317 Context tryDecRef, count = 0x3, reset:0
03-06 07:27:58.966  1176  1773 W C02160/hiaiserver/RUNTIME: PrimaryContextRetain:286 Context incRef, count = 0x4
03-06 07:27:58.966  1176  1773 W C02160/hiaiserver/RUNTIME: PrimaryContextRelease:317 Context tryDecRef, count = 0x3, reset:0
03-06 07:27:59.763  1041 11891 E C02C02/PARAM: [param_manager.c:770]SystemReadParam failed!name is:resourceschedule.memmgr.low.memory.prepare,errNum is:106
03-06 07:27:59.969  1176  1773 W C02160/hiaiserver/RUNTIME: PrimaryContextRetain:286 Context incRef, count = 0x4
03-06 07:27:59.970  1176  1773 W C02160/hiaiserver/RUNTIME: PrimaryContextRelease:317 Context tryDecRef, count = 0x3, reset:0
03-06 07:28:00.499  1457  2211 W C02943/power_host/ThermalHdi: Read node failed, title = bright_in
03-06 07:28:00.499  1457  2211 W C02943/power_host/ThermalHdi: Read node failed, title = bright_out
03-06 07:28:00.975  1176  1773 W C02160/hiaiserver/RUNTIME: PrimaryContextRetain:286 Context incRef, count = 0x4
03-06 07:28:00.975  1176  1773 W C02160/hiaiserver/RUNTIME: PrimaryContextRelease:317 Context tryDecRef, count = 0x3, reset:0
03-06 07:28:01.980  1176  1773 W C02160/hiaiserver/RUNTIME: PrimaryContextRetain:286 Context incRef, count = 0x4
03-06 07:28:01.980  1176  1773 W C02160/hiaiserver/RUNTIME: PrimaryContextRelease:317 Context tryDecRef, count = 0x3, reset:0
03-06 07:28:02.037  3809  4923 E C02B60/com.ohos.sceneboard/VpeUtils: GetColorSpaceInfo GetMetadata failed, return value is 50007000
03-06 07:28:02.320  8480  8582 I C04700/aod_service/AodDevice: DoIoctlAodBeginUpdate# DoIoctlAodBeginUpdate mFileDescriptor is 8
03-06 07:28:02.326  8480  8582 I C04700/aod_service/AodDevice: DoIoctlAodEndUpdate# DoIoctlAodEndUpdate mFileDescriptor is <private>, aod_type is <private>, time:5527682
03-06 07:28:02.988  1176  1773 W C02160/hiaiserver/RUNTIME: PrimaryContextRetain:286 Context incRef, count = 0x4
03-06 07:28:02.988  1176  1773 W C02160/hiaiserver/RUNTIME: PrimaryContextRelease:317 Context tryDecRef, count = 0x3, reset:0
03-06 07:28:03.654   733 11258 W C02D15/hiview/XPower: [task_138]#record top temp [wifiSignalLevel] failed, wifiSignalLevel is [-1]
03-06 07:28:03.990  1176  1773 W C02160/hiaiserver/RUNTIME: PrimaryContextRetain:286 Context incRef, count = 0x4
03-06 07:28:03.990  1176  1773 W C02160/hiaiserver/RUNTIME: PrimaryContextRelease:317 Context tryDecRef, count = 0x3, reset:0
03-06 07:28:04.994  1176  1773 W C02160/hiaiserver/RUNTIME: PrimaryContextRetain:286 Context incRef, count = 0x4
03-06 07:28:04.995  1176  1773 W C02160/hiaiserver/RUNTIME: PrimaryContextRelease:317 Context tryDecRef, count = 0x3, reset:0
03-06 07:28:05.578  1457  2211 W C02943/power_host/ThermalHdi: Read node failed, title = bright_in
03-06 07:28:05.579  1457  2211 W C02943/power_host/ThermalHdi: Read node failed, title = bright_out
03-06 07:28:06.000  1176  1773 W C02160/hiaiserver/RUNTIME: PrimaryContextRetain:286 Context incRef, count = 0x4
03-06 07:28:06.000  1176  1773 W C02160/hiaiserver/RUNTIME: PrimaryContextRelease:317 Context tryDecRef, count = 0x3, reset:0
03-06 07:28:06.442   733  1438 E C02DA0/hiview/CauseResolverManager: OnFileDescriptorEvent: File is not /data/hisi_logs/hisi_diaginfo.log
03-06 07:28:06.446 11651 11651 W C02160/model_run_tool_internal/RUNTIME: ModelCmdExec:266 notify recv thread, modelId 0, taskId 32678
03-06 07:28:06.446 11651 11651 E C02160/model_run_tool_internal/RUNTIME: ModelExecute:127 DirectEngine Model Execute failed: modelId = 0 payload:streamId=65535 taskId=65535 errCode=0x30
03-06 07:28:06.446 11651 11651 E C02160/model_run_tool_internal/RUNTIME: rtClientExecuteModel:51 modelId = 0 execute error, errno = 0x56080030
03-06 07:28:06.446 11651 11651 E A0FFFF/model_run_tool_internal/AI_NPUCL: npu_graph_executor_client.cc Execute(451)::"rtModelExecute failed: rtRet=0x0x56080030"
03-06 07:28:06.446 11651 11651 W A0FFFF/model_run_tool_internal/AI_NPUCL: npu_graph_executor_client.cc SerializeMemRegion(265)::"npu_graph_exec: input len=1204256, addr: 0x4ee0bc000"
03-06 07:28:06.446 11651 11651 W A0FFFF/model_run_tool_internal/AI_NPUCL: npu_graph_executor_client.cc SerializeMemRegion(279)::"npu_graph_exec: output len=524320, addr: 0x4ee1e2200"
03-06 07:28:06.450  1176  1176 W C02151/hiaiserver/LOGLIMIT: 2443 line(s) dropped in a second! from time: 1970-03-06 07:27:37.004 to time: 1970-03-06 07:27:38.004
03-06 07:28:06.450  1176  1176 W C02151/hiaiserver/AI_NPUCL: npu_graph_executor_service_report_bbox.cc UnSerializeExecErrorInfo(64)::"modelExecErrorInfo_ modelid 0, modelExecErrorInfo.modelName split_internvit_v6_exclude_conv_int8_8, modelExecErrorInfo.processName ./model_run_tool_internal"
03-06 07:28:06.451  1176  1176 W C02160/hiaiserver/RUNTIME: TaskDumpReport:155 modelId=0, strmId=65535, taskId=65535, err=0x56080030
03-06 07:28:06.451  1176  1176 E C02160/hiaiserver/RUNTIME: TaskDumpReport:159 it is global excp, not need to dump report
03-06 07:28:06.451  1176  1176 W C02151/hiaiserver/AI_NPUCL: npu_graph_executor_om.cc ExecuteInfoDump(1980)::"modelName=split_internvit_v6_exclude_conv_int8_8, modelId = 0,flowtable size: 5157088, flowtable client addr:: 0x504415000, flowtable server addr: 0x5b43d0b000,args size: 100048, args client addr:: 0x50493c600, args server addr: 0x5b44232600,kernelBin size: 214272, kernelBin client addr:: 0x504908100, kernelBin server addr: 0x5b441fe100"
03-06 07:28:06.451  1176  1176 W C02151/hiaiserver/AI_NPUCL: graph_executor_mem_area.cc Dump(79)::"npu_graph_exec feature map: type=2 isAllocated=0 size=40979968 client addr 0x4ee263000 server addr 0x4ee263000"
03-06 07:28:06.451  1176  1176 W C02151/hiaiserver/AI_NPUCL: graph_executor_mem_area.cc Dump(79)::"npu_graph_exec weights : type=2 isAllocated=0 size=319479808 client addr 0x4f0a63000 server addr 0x4f0a63000"
03-06 07:28:06.451  1176  1176 W C02151/hiaiserver/AI_NPUCL: npu_graph_executor_kernelbin_mgmt.cc dump(272)::"kernelBin: [stubName=executor_four2five_nchw2nc1hwc0_fp162fp16 kernelSize=9728 magic =0xABCEED50, kernelbin execute addr is 0x504908100]"
03-06 07:28:06.451  1176  1176 W C02151/hiaiserver/AI_NPUCL: npu_graph_executor_kernelbin_mgmt.cc dump(272)::"kernelBin: [stubName=executor_conv_fp16_tiling4_cutHCi_fp16out kernelSize=7168 magic =0xABCEED50, kernelbin execute addr is 0x50490a700]"
03-06 07:28:06.452  1176  1176 W C02151/hiaiserver/AI_NPUCL: npu_graph_executor_kernelbin_mgmt.cc dump(272)::"kernelBin: [stubName=executor_five2four_nc1hwc02nchw_small_hw_fp162fp16 kernelSize=2560 magic =0xABCEED50, kernelbin execute addr is 0x50490c300]"
03-06 07:28:06.452  1176  1176 W C02151/hiaiserver/AI_NPUCL: npu_graph_executor_kernelbin_mgmt.cc dump(272)::"kernelBin: [stubName=executor_permute_multiple_row_loop_twobyte kernelSize=5120 magic =0xABCEED50, kernelbin execute addr is 0x50490cd00]"
03-06 07:28:06.452  1176  1176 W C02151/hiaiserver/AI_NPUCL: npu_graph_executor_kernelbin_mgmt.cc dump(272)::"kernelBin: [stubName=executor_concat_nd kernelSize=768 magic =0xABCEED50, kernelbin execute addr is 0x50490e100]"
03-06 07:28:06.452  1176  1176 W C02151/hiaiserver/AI_NPUCL: npu_graph_executor_kernelbin_mgmt.cc dump(272)::"kernelBin: [stubName=executor_add_eltwise_half_nd kernelSize=6656 magic =0xABCEED50, kernelbin execute addr is 0x50490e400]"
03-06 07:28:06.452  1176  1176 W C02151/hiaiserver/AI_NPUCL: npu_graph_executor_kernelbin_mgmt.cc dump(272)::"kernelBin: [stubName=executor_layernorm_last_dim_nd kernelSize=1280 magic =0xABCEED50, kernelbin execute addr is 0x50490fe00]"
03-06 07:28:06.452  1176  1176 W C02151/hiaiserver/AI_NPUCL: npu_graph_executor_kernelbin_mgmt.cc dump(272)::"kernelBin: [stubName=te_staticquant_gen_05c20ed30f48b50099e7627f47351dd0d648648b754fd048703a9142008630ba_1__kernel0 kernelSize=8960 magic =0x43554245, kernelbin execute addr is 0x504910300]"
03-06 07:28:06.452  1176  1176 W C02151/hiaiserver/AI_NPUCL: npu_graph_executor_kernelbin_mgmt.cc dump(272)::"kernelBin: [stubName=te_quantbatchmatmulv3_eff_4afdfda20e6eda6431b1ad3e541e7ba2a18839f3e3363d68b0821526164e26f0_1__kernel0 kernelSize=9728 magic =0x43554245, kernelbin execute addr is 0x504912600]"
03-06 07:28:06.452  1176  1176 W C02151/hiaiserver/AI_NPUCL: npu_graph_executor_kernelbin_mgmt.cc dump(272)::"kernelBin: [stubName=executor_add_ch_broadcast_half_nd kernelSize=20992 magic =0xABCEED50, kernelbin execute addr is 0x504914c00]"
03-06 07:28:06.452  1176  1176 W C02151/hiaiserver/AI_NPUCL: npu_graph_executor_kernelbin_mgmt.cc dump(272)::"kernelBin: [stubName=executor_gather_any_axis kernelSize=1280 magic =0xABCEED50, kernelbin execute addr is 0x504919e00]"
03-06 07:28:06.452  1176  1176 W C02151/hiaiserver/AI_NPUCL: npu_graph_executor_kernelbin_mgmt.cc dump(272)::"kernelBin: [stubName=executor_strided_slice_2byte kernelSize=7936 magic =0xABCEED50, kernelbin execute addr is 0x50491a300]"
03-06 07:28:06.452  1176  1176 W C02151/hiaiserver/AI_NPUCL: npu_graph_executor_kernelbin_mgmt.cc dump(272)::"kernelBin: [stubName=executor_mul_scalar_half_nd kernelSize=2816 magic =0xABCEED50, kernelbin execute addr is 0x50491c200]"
03-06 07:28:06.452  1176  1176 W C02151/hiaiserver/AI_NPUCL: npu_graph_executor_kernelbin_mgmt.cc dump(272)::"kernelBin: [stubName=te_matmulv2_gen_1d904565fdde3db2a5027c89d3782fb2d1e8d1f5633d7d7f7ae75c10aed45050_1__kernel0 kernelSize=6400 magic =0x43554245, kernelbin execute addr is 0x50491cd00]"
03-06 07:28:06.452  1176  1176 W C02151/hiaiserver/AI_NPUCL: npu_graph_executor_kernelbin_mgmt.cc dump(272)::"kernelBin: [stubName=executor_softmax_nd_h_tiling0_last_reduce_fp16 kernelSize=6656 magic =0xABCEED50, kernelbin execute addr is 0x50491e600]"
03-06 07:28:06.452  1176  1176 W C02151/hiaiserver/AI_NPUCL: npu_graph_executor_kernelbin_mgmt.cc dump(272)::"kernelBin: [stubName=te_matmulv2_gen_9c449a4952bd674b6428e54ef7bc8559622f8bda806f72c5b099cbb7ca0b38ab_1__kernel0 kernelSize=6656 magic =0x43554245, kernelbin execute addr is 0x504920000]"
03-06 07:28:06.452  1176  1176 W C02151/hiaiserver/AI_NPUCL: npu_graph_executor_kernelbin_mgmt.cc dump(272)::"kernelBin: [stubName=executor_reshape_nd kernelSize=512 magic =0xABCEED50, kernelbin execute addr is 0x504921a00]"
03-06 07:28:06.452  1176  1176 W C02151/hiaiserver/AI_NPUCL: npu_graph_executor_kernelbin_mgmt.cc dump(272)::"kernelBin: [stubName=executor_mul_ch_broadcast_half_nd kernelSize=20992 magic =0xABCEED50, kernelbin execute addr is 0x504921c00]"
03-06 07:28:06.452  1176  1176 W C02151/hiaiserver/AI_NPUCL: npu_graph_executor_kernelbin_mgmt.cc dump(272)::"kernelBin: [stubName=te_quantbatchmatmulv3_eff_9e7ff2d21a120c167929c2cd54a9a1211e2094978f08cf4cfb49838318a2898a_1__kernel0 kernelSize=9216 magic =0x43554245, kernelbin execute addr is 0x504926e00]"
03-06 07:28:06.452  1176  1176 W C02151/hiaiserver/AI_NPUCL: npu_graph_executor_kernelbin_mgmt.cc dump(272)::"kernelBin: [stubName=executor_gelu_half_nd kernelSize=1024 magic =0xABCEED50, kernelbin execute addr is 0x504929200]"
03-06 07:28:06.452  1176  1176 W C02151/hiaiserver/AI_NPUCL: npu_graph_executor_kernelbin_mgmt.cc dump(272)::"kernelBin: [stubName=te_staticquant_gen_8ef82b3cd9b471691fc63680838166170969ed5e10c748a02ea2aec059d485da_1__kernel0 kernelSize=6912 magic =0x43554245, kernelbin execute addr is 0x504929600]"
03-06 07:28:06.452  1176  1176 W C02151/hiaiserver/AI_NPUCL: npu_graph_executor_kernelbin_mgmt.cc dump(272)::"kernelBin: [stubName=te_quantbatchmatmulv3_eff_045d75d7e34ffb069f2afcf2e0af05be9a193c2e3c89d3f180f17982e384ee1b_1__kernel0 kernelSize=11776 magic =0x43554245, kernelbin execute addr is 0x50492b100]"
03-06 07:28:06.452  1176  1176 W C02151/hiaiserver/AI_NPUCL: npu_graph_executor_kernelbin_mgmt.cc dump(272)::"kernelBin: [stubName=te_quantbatchmatmulv3_eff_6aa2182c3b41258c115369e8f1267697fe2a300d8710c9266bb8e1e71b54d5d6_1__kernel0 kernelSize=8448 magic =0x43554245, kernelbin execute addr is 0x50492df00]"
03-06 07:28:06.452  1176  1176 W C02151/hiaiserver/AI_NPUCL: npu_graph_executor_kernelbin_mgmt.cc dump(272)::"kernelBin: [stubName=executor_permute_0213_single_col_loop_twobyte kernelSize=6400 magic =0xABCEED50, kernelbin execute addr is 0x504930000]"
03-06 07:28:06.452  1176  1176 W C02151/hiaiserver/AI_NPUCL: npu_graph_executor_kernelbin_mgmt.cc dump(272)::"kernelBin: [stubName=te_layernormv4_gen_3735f6a370ea7f84e9f8476d374dfee3cd251abb971e892d0995723ea596b4b0_1__kernel0 kernelSize=7424 magic =0x43554245, kernelbin execute addr is 0x504931900]"
03-06 07:28:06.452  1176  1176 W C02151/hiaiserver/AI_NPUCL: npu_graph_executor_kernelbin_mgmt.cc dump(272)::"kernelBin: [stubName=te_staticquant_gen_3dbf221f72773c9c4e9b7bcd4af45cb936db50ec6e69acf41ab482d7c52c4f05_1__kernel0 kernelSize=8960 magic =0x43554245, kernelbin execute addr is 0x504933600]"
03-06 07:28:06.452  1176  1176 W C02151/hiaiserver/AI_NPUCL: npu_graph_executor_kernelbin_mgmt.cc dump(272)::"kernelBin: [stubName=te_quantbatchmatmulv3_eff_d5a97e43ef7bf2019a3eadddf4b2d7ef53b51383f64b4c352cd6a052f73a0b4a_1__kernel0 kernelSize=10752 magic =0x43554245, kernelbin execute addr is 0x504935900]"
03-06 07:28:06.452  1176  1176 W C02151/hiaiserver/AI_NPUCL: npu_graph_executor_kernelbin_mgmt.cc dump(272)::"kernelBin: [stubName=te_staticquant_gen_f2913bf2276be27d80167dfed15635e143042a73aaef063b6a178d666ca1fe08_1__kernel0 kernelSize=8960 magic =0x43554245, kernelbin execute addr is 0x504938300]"
03-06 07:28:06.452  1176  1176 W C02151/hiaiserver/AI_NPUCL: npu_graph_executor_kernelbin_mgmt.cc dump(272)::"kernelBin: [stubName=te_quantbatchmatmulv3_eff_9782daee9361d28fb4685738af4a2228afc9e2b96b5bac655625a4cb2dd35440_1__kernel0 kernelSize=8192 magic =0x43554245, kernelbin execute addr is 0x50493a600]"
03-06 07:28:06.452  1176  1176 W C02151/hiaiserver/AI_NPUCL: npu_graph_executor_om.cc ExecuteInfoDump(1989)::"npu_graph_exec runtimeParam: " "memory_size=42709504" input_output_size=1729536" weight_size=319479808"
03-06 07:28:06.452  1176  1176 W C02151/hiaiserver/AI_NPUCL: npu_dump_manager.cc DumpGraphExecutorBinary(1088)::"DumpGraphExecutorBinary pathPrefix /data/vendor/hiai/dump/execute/"
03-06 07:28:06.452  1176  1176 W C02151/hiaiserver/AI_NPUCL: npucl_dump_binary.h DumpBinaryFile(19)::"dump /data/vendor/hiai/dump/execute/weight begin, addr 0x4f0a63000, size 319479808"
03-06 07:28:06.459  1176  1176 E C02151/hiaiserver/AI_NPUCL: npucl_dump_binary.h DumpBinaryFile(23)::"write op output file failed"
03-06 07:28:06.459  1176  1176 W C02151/hiaiserver/AI_NPUCL: npucl_dump_binary.h DumpBinaryFile(19)::"dump /data/vendor/hiai/dump/execute/flowtable begin, addr 0x5b43d0b000, size 5157088"
03-06 07:28:06.474  1176  1176 W C02151/hiaiserver/AI_NPUCL: npucl_dump_binary.h DumpBinaryFile(19)::"dump /data/vendor/hiai/dump/execute/args begin, addr 0x5b44232600, size 100048"
03-06 07:28:06.476  1176  1176 W C02151/hiaiserver/AI_NPUCL: npu_dump_manager.cc DumpGraphExecutorBinary(1100)::" kernel stubName [executor_four2five_nchw2nc1hwc0_fp162fp16], kernelbin addr is [0x5b441fe100]"
03-06 07:28:06.476  1176  1176 W C02151/hiaiserver/AI_NPUCL: npucl_dump_binary.h DumpBinaryFile(19)::"dump /data/vendor/hiai/dump/execute/executor_four2five_nchw2nc1hwc0_fp162fp16 begin, addr 0x5b441fe100, size 9728"
03-06 07:28:06.476  1176  1176 W C02151/hiaiserver/AI_NPUCL: npu_dump_manager.cc DumpGraphExecutorBinary(1100)::" kernel stubName [executor_conv_fp16_tiling4_cutHCi_fp16out], kernelbin addr is [0x5b44200700]"
03-06 07:28:06.476  1176  1176 W C02151/hiaiserver/AI_NPUCL: npucl_dump_binary.h DumpBinaryFile(19)::"dump /data/vendor/hiai/dump/execute/executor_conv_fp16_tiling4_cutHCi_fp16out begin, addr 0x5b44200700, size 7168"
03-06 07:28:06.476  1176  1176 W C02151/hiaiserver/AI_NPUCL: npu_dump_manager.cc DumpGraphExecutorBinary(1100)::" kernel stubName [executor_five2four_nc1hwc02nchw_small_hw_fp162fp16], kernelbin addr is [0x5b44202300]"
03-06 07:28:06.476  1176  1176 W C02151/hiaiserver/AI_NPUCL: npucl_dump_binary.h DumpBinaryFile(19)::"dump /data/vendor/hiai/dump/execute/executor_five2four_nc1hwc02nchw_small_hw_fp162fp16 begin, addr 0x5b44202300, size 2560"
03-06 07:28:06.476  1176  1176 W C02151/hiaiserver/AI_NPUCL: npu_dump_manager.cc DumpGraphExecutorBinary(1100)::" kernel stubName [executor_permute_multiple_row_loop_twobyte], kernelbin addr is [0x5b44202d00]"
03-06 07:28:06.476  1176  1176 W C02151/hiaiserver/AI_NPUCL: npucl_dump_binary.h DumpBinaryFile(19)::"dump /data/vendor/hiai/dump/execute/executor_permute_multiple_row_loop_twobyte begin, addr 0x5b44202d00, size 5120"
03-06 07:28:06.476  1176  1176 W C02151/hiaiserver/AI_NPUCL: npu_dump_manager.cc DumpGraphExecutorBinary(1100)::" kernel stubName [executor_concat_nd], kernelbin addr is [0x5b44204100]"
03-06 07:28:06.476  1176  1176 W C02151/hiaiserver/AI_NPUCL: npucl_dump_binary.h DumpBinaryFile(19)::"dump /data/vendor/hiai/dump/execute/executor_concat_nd begin, addr 0x5b44204100, size 768"
03-06 07:28:06.476  1176  1176 W C02151/hiaiserver/AI_NPUCL: npu_dump_manager.cc DumpGraphExecutorBinary(1100)::" kernel stubName [executor_add_eltwise_half_nd], kernelbin addr is [0x5b44204400]"
03-06 07:28:06.476  1176  1176 W C02151/hiaiserver/AI_NPUCL: npucl_dump_binary.h DumpBinaryFile(19)::"dump /data/vendor/hiai/dump/execute/executor_add_eltwise_half_nd begin, addr 0x5b44204400, size 6656"
03-06 07:28:06.477  1176  1176 W C02151/hiaiserver/AI_NPUCL: npu_dump_manager.cc DumpGraphExecutorBinary(1100)::" kernel stubName [executor_layernorm_last_dim_nd], kernelbin addr is [0x5b44205e00]"
03-06 07:28:06.477  1176  1176 W C02151/hiaiserver/AI_NPUCL: npucl_dump_binary.h DumpBinaryFile(19)::"dump /data/vendor/hiai/dump/execute/executor_layernorm_last_dim_nd begin, addr 0x5b44205e00, size 1280"
03-06 07:28:06.477  1176  1176 W C02151/hiaiserver/AI_NPUCL: npu_dump_manager.cc DumpGraphExecutorBinary(1100)::" kernel stubName [te_staticquant_gen_05c20ed30f48b50099e7627f47351dd0d648648b754fd048703a9142008630ba_1__kernel0], kernelbin addr is [0x5b44206300]"
03-06 07:28:06.477  1176  1176 W C02151/hiaiserver/AI_NPUCL: npucl_dump_binary.h DumpBinaryFile(19)::"dump /data/vendor/hiai/dump/execute/te_staticquant_gen_05c20ed30f48b50099e7627f47351dd0d648648b754fd048703a9142008630ba_1__kernel0 begin, addr 0x5b44206300, size 8960"
03-06 07:28:06.477  1176  1176 W C02151/hiaiserver/AI_NPUCL: npu_dump_manager.cc DumpGraphExecutorBinary(1100)::" kernel stubName [te_quantbatchmatmulv3_eff_4afdfda20e6eda6431b1ad3e541e7ba2a18839f3e3363d68b0821526164e26f0_1__kernel0], kernelbin addr is [0x5b44208600]"
03-06 07:28:06.477  1176  1176 W C02151/hiaiserver/AI_NPUCL: npucl_dump_binary.h DumpBinaryFile(19)::"dump /data/vendor/hiai/dump/execute/te_quantbatchmatmulv3_eff_4afdfda20e6eda6431b1ad3e541e7ba2a18839f3e3363d68b0821526164e26f0_1__kernel0 begin, addr 0x5b44208600, size 9728"
03-06 07:28:06.477  1176  1176 W C02151/hiaiserver/AI_NPUCL: npu_dump_manager.cc DumpGraphExecutorBinary(1100)::" kernel stubName [executor_add_ch_broadcast_half_nd], kernelbin addr is [0x5b4420ac00]"
03-06 07:28:06.477  1176  1176 W C02151/hiaiserver/AI_NPUCL: npucl_dump_binary.h DumpBinaryFile(19)::"dump /data/vendor/hiai/dump/execute/executor_add_ch_broadcast_half_nd begin, addr 0x5b4420ac00, size 20992"
03-06 07:28:06.477  1176  1176 W C02151/hiaiserver/AI_NPUCL: npu_dump_manager.cc DumpGraphExecutorBinary(1100)::" kernel stubName [executor_gather_any_axis], kernelbin addr is [0x5b4420fe00]"
03-06 07:28:06.477  1176  1176 W C02151/hiaiserver/AI_NPUCL: npucl_dump_binary.h DumpBinaryFile(19)::"dump /data/vendor/hiai/dump/execute/executor_gather_any_axis begin, addr 0x5b4420fe00, size 1280"
03-06 07:28:06.477  1176  1176 W C02151/hiaiserver/AI_NPUCL: npu_dump_manager.cc DumpGraphExecutorBinary(1100)::" kernel stubName [executor_strided_slice_2byte], kernelbin addr is [0x5b44210300]"
03-06 07:28:06.477  1176  1176 W C02151/hiaiserver/AI_NPUCL: npucl_dump_binary.h DumpBinaryFile(19)::"dump /data/vendor/hiai/dump/execute/executor_strided_slice_2byte begin, addr 0x5b44210300, size 7936"
03-06 07:28:06.477  1176  1176 W C02151/hiaiserver/AI_NPUCL: npu_dump_manager.cc DumpGraphExecutorBinary(1100)::" kernel stubName [executor_mul_scalar_half_nd], kernelbin addr is [0x5b44212200]"
03-06 07:28:06.477  1176  1176 W C02151/hiaiserver/AI_NPUCL: npucl_dump_binary.h DumpBinaryFile(19)::"dump /data/vendor/hiai/dump/execute/executor_mul_scalar_half_nd begin, addr 0x5b44212200, size 2816"
03-06 07:28:06.478  1176  1176 W C02151/hiaiserver/AI_NPUCL: npu_dump_manager.cc DumpGraphExecutorBinary(1100)::" kernel stubName [te_matmulv2_gen_1d904565fdde3db2a5027c89d3782fb2d1e8d1f5633d7d7f7ae75c10aed45050_1__kernel0], kernelbin addr is [0x5b44212d00]"
03-06 07:28:06.478  1176  1176 W C02151/hiaiserver/AI_NPUCL: npucl_dump_binary.h DumpBinaryFile(19)::"dump /data/vendor/hiai/dump/execute/te_matmulv2_gen_1d904565fdde3db2a5027c89d3782fb2d1e8d1f5633d7d7f7ae75c10aed45050_1__kernel0 begin, addr 0x5b44212d00, size 6400"
03-06 07:28:06.478  1176  1176 W C02151/hiaiserver/AI_NPUCL: npu_dump_manager.cc DumpGraphExecutorBinary(1100)::" kernel stubName [executor_softmax_nd_h_tiling0_last_reduce_fp16], kernelbin addr is [0x5b44214600]"
03-06 07:28:06.478  1176  1176 W C02151/hiaiserver/AI_NPUCL: npucl_dump_binary.h DumpBinaryFile(19)::"dump /data/vendor/hiai/dump/execute/executor_softmax_nd_h_tiling0_last_reduce_fp16 begin, addr 0x5b44214600, size 6656"
03-06 07:28:06.478  1176  1176 W C02151/hiaiserver/AI_NPUCL: npu_dump_manager.cc DumpGraphExecutorBinary(1100)::" kernel stubName [te_matmulv2_gen_9c449a4952bd674b6428e54ef7bc8559622f8bda806f72c5b099cbb7ca0b38ab_1__kernel0], kernelbin addr is [0x5b44216000]"
03-06 07:28:06.478  1176  1176 W C02151/hiaiserver/AI_NPUCL: npucl_dump_binary.h DumpBinaryFile(19)::"dump /data/vendor/hiai/dump/execute/te_matmulv2_gen_9c449a4952bd674b6428e54ef7bc8559622f8bda806f72c5b099cbb7ca0b38ab_1__kernel0 begin, addr 0x5b44216000, size 6656"
03-06 07:28:06.478  1176  1176 W C02151/hiaiserver/AI_NPUCL: npu_dump_manager.cc DumpGraphExecutorBinary(1100)::" kernel stubName [executor_reshape_nd], kernelbin addr is [0x5b44217a00]"
03-06 07:28:06.478  1176  1176 W C02151/hiaiserver/AI_NPUCL: npucl_dump_binary.h DumpBinaryFile(19)::"dump /data/vendor/hiai/dump/execute/executor_reshape_nd begin, addr 0x5b44217a00, size 512"
03-06 07:28:06.478  1176  1176 W C02151/hiaiserver/AI_NPUCL: npu_dump_manager.cc DumpGraphExecutorBinary(1100)::" kernel stubName [executor_mul_ch_broadcast_half_nd], kernelbin addr is [0x5b44217c00]"
03-06 07:28:06.478  1176  1176 W C02151/hiaiserver/AI_NPUCL: npucl_dump_binary.h DumpBinaryFile(19)::"dump /data/vendor/hiai/dump/execute/executor_mul_ch_broadcast_half_nd begin, addr 0x5b44217c00, size 20992"
03-06 07:28:06.478  1176  1176 W C02151/hiaiserver/AI_NPUCL: npu_dump_manager.cc DumpGraphExecutorBinary(1100)::" kernel stubName [te_quantbatchmatmulv3_eff_9e7ff2d21a120c167929c2cd54a9a1211e2094978f08cf4cfb49838318a2898a_1__kernel0], kernelbin addr is [0x5b4421ce00]"
03-06 07:28:06.478  1176  1176 W C02151/hiaiserver/AI_NPUCL: npucl_dump_binary.h DumpBinaryFile(19)::"dump /data/vendor/hiai/dump/execute/te_quantbatchmatmulv3_eff_9e7ff2d21a120c167929c2cd54a9a1211e2094978f08cf4cfb49838318a2898a_1__kernel0 begin, addr 0x5b4421ce00, size 9216"
03-06 07:28:06.478  1176  1176 W C02151/hiaiserver/AI_NPUCL: npu_dump_manager.cc DumpGraphExecutorBinary(1100)::" kernel stubName [executor_gelu_half_nd], kernelbin addr is [0x5b4421f200]"
03-06 07:28:06.478  1176  1176 W C02151/hiaiserver/AI_NPUCL: npucl_dump_binary.h DumpBinaryFile(19)::"dump /data/vendor/hiai/dump/execute/executor_gelu_half_nd begin, addr 0x5b4421f200, size 1024"
03-06 07:28:06.478  1176  1176 W C02151/hiaiserver/AI_NPUCL: npu_dump_manager.cc DumpGraphExecutorBinary(1100)::" kernel stubName [te_staticquant_gen_8ef82b3cd9b471691fc63680838166170969ed5e10c748a02ea2aec059d485da_1__kernel0], kernelbin addr is [0x5b4421f600]"
03-06 07:28:06.478  1176  1176 W C02151/hiaiserver/AI_NPUCL: npucl_dump_binary.h DumpBinaryFile(19)::"dump /data/vendor/hiai/dump/execute/te_staticquant_gen_8ef82b3cd9b471691fc63680838166170969ed5e10c748a02ea2aec059d485da_1__kernel0 begin, addr 0x5b4421f600, size 6912"
03-06 07:28:06.479  1176  1176 W C02151/hiaiserver/AI_NPUCL: npu_dump_manager.cc DumpGraphExecutorBinary(1100)::" kernel stubName [te_quantbatchmatmulv3_eff_045d75d7e34ffb069f2afcf2e0af05be9a193c2e3c89d3f180f17982e384ee1b_1__kernel0], kernelbin addr is [0x5b44221100]"
03-06 07:28:06.479  1176  1176 W C02151/hiaiserver/AI_NPUCL: npucl_dump_binary.h DumpBinaryFile(19)::"dump /data/vendor/hiai/dump/execute/te_quantbatchmatmulv3_eff_045d75d7e34ffb069f2afcf2e0af05be9a193c2e3c89d3f180f17982e384ee1b_1__kernel0 begin, addr 0x5b44221100, size 11776"
03-06 07:28:06.479  1176  1176 W C02151/hiaiserver/AI_NPUCL: npu_dump_manager.cc DumpGraphExecutorBinary(1100)::" kernel stubName [te_quantbatchmatmulv3_eff_6aa2182c3b41258c115369e8f1267697fe2a300d8710c9266bb8e1e71b54d5d6_1__kernel0], kernelbin addr is [0x5b44223f00]"
03-06 07:28:06.479  1176  1176 W C02151/hiaiserver/AI_NPUCL: npucl_dump_binary.h DumpBinaryFile(19)::"dump /data/vendor/hiai/dump/execute/te_quantbatchmatmulv3_eff_6aa2182c3b41258c115369e8f1267697fe2a300d8710c9266bb8e1e71b54d5d6_1__kernel0 begin, addr 0x5b44223f00, size 8448"
03-06 07:28:06.479  1176  1176 W C02151/hiaiserver/AI_NPUCL: npu_dump_manager.cc DumpGraphExecutorBinary(1100)::" kernel stubName [executor_permute_0213_single_col_loop_twobyte], kernelbin addr is [0x5b44226000]"
03-06 07:28:06.479  1176  1176 W C02151/hiaiserver/AI_NPUCL: npucl_dump_binary.h DumpBinaryFile(19)::"dump /data/vendor/hiai/dump/execute/executor_permute_0213_single_col_loop_twobyte begin, addr 0x5b44226000, size 6400"
03-06 07:28:06.479  1176  1176 W C02151/hiaiserver/AI_NPUCL: npu_dump_manager.cc DumpGraphExecutorBinary(1100)::" kernel stubName [te_layernormv4_gen_3735f6a370ea7f84e9f8476d374dfee3cd251abb971e892d0995723ea596b4b0_1__kernel0], kernelbin addr is [0x5b44227900]"
03-06 07:28:06.479  1176  1176 W C02151/hiaiserver/AI_NPUCL: npucl_dump_binary.h DumpBinaryFile(19)::"dump /data/vendor/hiai/dump/execute/te_layernormv4_gen_3735f6a370ea7f84e9f8476d374dfee3cd251abb971e892d0995723ea596b4b0_1__kernel0 begin, addr 0x5b44227900, size 7424"
