03-06 07:28:08.498 11651 11651 I A0FFFF/model_run_tool_internal/PROFILING_TOOL: hiai_maint_wrapper.cpp PurgeProfData(129)::"Delete file split_internvit_v6_exclude_conv_int8_8_7470_0__vision_model_encoder_layers_5_attn_Slice_26_float_1_1025_64_1_262400_0.dump\n"
03-06 07:28:08.498 11651 11651 I A0FFFF/model_run_tool_internal/PROFILING_TOOL: hiai_maint_wrapper.cpp PurgeProfData(129)::"Delete file split_internvit_v6_exclude_conv_int8_8_7472_0__vision_model_encoder_layers_5_attn_Softmax_8_float_1_1025_1025_1_4202500_0.dump\n"
03-06 07:28:08.500 11651 11651 I A0FFFF/model_run_tool_internal/PROFILING_TOOL: hiai_maint_wrapper.cpp PurgeProfData(129)::"Delete file split_internvit_v6_exclude_conv_int8_8_7474_0__vision_model_encoder_layers_5_attn_Mul_8_float_1_1025_64_1_262400_0.dump\n"
03-06 07:28:08.500 11651 11651 I A0FFFF/model_run_tool_internal/PROFILING_TOOL: hiai_maint_wrapper.cpp PurgeProfData(129)::"Delete file split_internvit_v6_exclude_conv_int8_8_7475_0__vision_model_encoder_layers_5_attn_Slice_24_float_1_1025_64_1_262400_0.dump\n"
03-06 07:28:08.501 11651 11651 I A0FFFF/model_run_tool_internal/PROFILING_TOOL: hiai_maint_wrapper.cpp PurgeProfData(129)::"Delete file split_internvit_v6_exclude_conv_int8_8_7481_0__vision_model_encoder_layers_5_attn_Transpose_8_float_1_64_1025_1_262400_0.dump\n"
03-06 07:28:08.501 11651 11651 I A0FFFF/model_run_tool_internal/PROFILING_TOOL: hiai_maint_wrapper.cpp PurgeProfData(129)::"Delete file split_internvit_v6_exclude_conv_int8_8_7482_0__vision_model_encoder_layers_5_attn_Slice_25_float_1_1025_64_1_262400_0.dump\n"
03-06 07:28:08.501 11651 11651 I A0FFFF/model_run_tool_internal/PROFILING_TOOL: hiai_maint_wrapper.cpp PurgeProfData(129)::"Delete file split_internvit_v6_exclude_conv_int8_8_7491_0__vision_model_encoder_layers_5_attn_Slice_29_float_1_1025_64_1_262400_0.dump\n"
03-06 07:28:08.502 11651 11651 I A0FFFF/model_run_tool_internal/PROFILING_TOOL: hiai_maint_wrapper.cpp PurgeProfData(129)::"Delete file split_internvit_v6_exclude_conv_int8_8_7496_0__vision_model_encoder_layers_5_attn_Slice_32_float_1_1025_64_1_262400_0.dump\n"
03-06 07:28:08.502 11651 11651 I A0FFFF/model_run_tool_internal/PROFILING_TOOL: hiai_maint_wrapper.cpp PurgeProfData(129)::"Delete file split_internvit_v6_exclude_conv_int8_8_7498_0__vision_model_encoder_layers_5_attn_Softmax_10_float_1_1025_1025_1_4202500_0.dump\n"
03-06 07:28:08.503 11651 11651 I A0FFFF/model_run_tool_internal/PROFILING_TOOL: hiai_maint_wrapper.cpp PurgeProfData(129)::"Delete file split_internvit_v6_exclude_conv_int8_8_7500_0__vision_model_encoder_layers_5_attn_Mul_10_float_1_1025_64_1_262400_0.dump\n"
03-06 07:28:08.504 11651 11651 I A0FFFF/model_run_tool_internal/PROFILING_TOOL: hiai_maint_wrapper.cpp PurgeProfData(129)::"Delete file split_internvit_v6_exclude_conv_int8_8_7501_0__vision_model_encoder_layers_5_attn_Slice_30_float_1_1025_64_1_262400_0.dump\n"
03-06 07:28:08.504 11651 11651 I A0FFFF/model_run_tool_internal/PROFILING_TOOL: hiai_maint_wrapper.cpp PurgeProfData(129)::"Delete file split_internvit_v6_exclude_conv_int8_8_7507_0__vision_model_encoder_layers_5_attn_Transpose_10_float_1_64_1025_1_262400_0.dump\n"
03-06 07:28:08.504 11651 11651 I A0FFFF/model_run_tool_internal/PROFILING_TOOL: hiai_maint_wrapper.cpp PurgeProfData(129)::"Delete file split_internvit_v6_exclude_conv_int8_8_7508_0__vision_model_encoder_layers_5_attn_Slice_31_float_1_1025_64_1_262400_0.dump\n"
03-06 07:28:08.505 11651 11651 I A0FFFF/model_run_tool_internal/PROFILING_TOOL: hiai_maint_wrapper.cpp PurgeProfData(129)::"Delete file split_internvit_v6_exclude_conv_int8_8_7517_0__vision_model_encoder_layers_5_attn_Slice_35_float_1_1025_64_1_262400_0.dump\n"
03-06 07:28:08.505 11651 11651 I A0FFFF/model_run_tool_internal/PROFILING_TOOL: hiai_maint_wrapper.cpp PurgeProfData(129)::"Delete file split_internvit_v6_exclude_conv_int8_8_7519_0__vision_model_encoder_layers_5_attn_Softmax_11_float_1_1025_1025_1_4202500_0.dump\n"
03-06 07:28:08.507 11651 11651 I A0FFFF/model_run_tool_internal/PROFILING_TOOL: hiai_maint_wrapper.cpp PurgeProfData(129)::"Delete file split_internvit_v6_exclude_conv_int8_8_7521_0__vision_model_encoder_layers_5_attn_Mul_11_float_1_1025_64_1_262400_0.dump\n"
03-06 07:28:08.507 11651 11651 I A0FFFF/model_run_tool_internal/PROFILING_TOOL: hiai_maint_wrapper.cpp PurgeProfData(129)::"Delete file split_internvit_v6_exclude_conv_int8_8_7522_0__vision_model_encoder_layers_5_attn_Slice_33_float_1_1025_64_1_262400_0.dump\n"
03-06 07:28:08.507 11651 11651 I A0FFFF/model_run_tool_internal/PROFILING_TOOL: hiai_maint_wrapper.cpp PurgeProfData(129)::"Delete file split_internvit_v6_exclude_conv_int8_8_7528_0__vision_model_encoder_layers_5_attn_Transpose_11_float_1_64_1025_1_262400_0.dump\n"
03-06 07:28:08.508 11651 11651 I A0FFFF/model_run_tool_internal/PROFILING_TOOL: hiai_maint_wrapper.cpp PurgeProfData(129)::"Delete file split_internvit_v6_exclude_conv_int8_8_7529_0__vision_model_encoder_layers_5_attn_Slice_34_float_1_1025_64_1_262400_0.dump\n"
03-06 07:28:08.508 11651 11651 I A0FFFF/model_run_tool_internal/PROFILING_TOOL: hiai_maint_wrapper.cpp PurgeProfData(129)::"Delete file split_internvit_v6_exclude_conv_int8_8_7538_0__vision_model_encoder_layers_5_attn_Slice_38_float_1_1025_64_1_262400_0.dump\n"
03-06 07:28:08.508 11651 11651 I A0FFFF/model_run_tool_internal/PROFILING_TOOL: hiai_maint_wrapper.cpp PurgeProfData(129)::"Delete file split_internvit_v6_exclude_conv_int8_8_7540_0__vision_model_encoder_layers_5_attn_Softmax_12_float_1_1025_1025_1_4202500_0.dump\n"
03-06 07:28:08.510 11651 11651 I A0FFFF/model_run_tool_internal/PROFILING_TOOL: hiai_maint_wrapper.cpp PurgeProfData(129)::"Delete file split_internvit_v6_exclude_conv_int8_8_7542_0__vision_model_encoder_layers_5_attn_Mul_12_float_1_1025_64_1_262400_0.dump\n"
03-06 07:28:08.510 11651 11651 I A0FFFF/model_run_tool_internal/PROFILING_TOOL: hiai_maint_wrapper.cpp PurgeProfData(129)::"Delete file split_internvit_v6_exclude_conv_int8_8_7543_0__vision_model_encoder_layers_5_attn_Slice_36_float_1_1025_64_1_262400_0.dump\n"
03-06 07:28:08.511 11651 11651 I A0FFFF/model_run_tool_internal/PROFILING_TOOL: hiai_maint_wrapper.cpp PurgeProfData(129)::"Delete file split_internvit_v6_exclude_conv_int8_8_7549_0__vision_model_encoder_layers_5_attn_Transpose_12_float_1_64_1025_1_262400_0.dump\n"
03-06 07:28:08.511 11651 11651 I A0FFFF/model_run_tool_internal/PROFILING_TOOL: hiai_maint_wrapper.cpp PurgeProfData(129)::"Delete file split_internvit_v6_exclude_conv_int8_8_7550_0__vision_model_encoder_layers_5_attn_Slice_37_float_1_1025_64_1_262400_0.dump\n"
03-06 07:28:08.511 11651 11651 I A0FFFF/model_run_tool_internal/PROFILING_TOOL: hiai_maint_wrapper.cpp PurgeProfData(129)::"Delete file split_internvit_v6_exclude_conv_int8_8_7559_0__vision_model_encoder_layers_5_attn_Slice_41_float_1_1025_64_1_262400_0.dump\n"
03-06 07:28:08.512 11651 11651 I A0FFFF/model_run_tool_internal/PROFILING_TOOL: hiai_maint_wrapper.cpp PurgeProfData(129)::"Delete file split_internvit_v6_exclude_conv_int8_8_7561_0__vision_model_encoder_layers_5_attn_Softmax_13_float_1_1025_1025_1_4202500_0.dump\n"
03-06 07:28:08.513 11651 11651 I A0FFFF/model_run_tool_internal/PROFILING_TOOL: hiai_maint_wrapper.cpp PurgeProfData(129)::"Delete file split_internvit_v6_exclude_conv_int8_8_7563_0__vision_model_encoder_layers_5_attn_Mul_13_float_1_1025_64_1_262400_0.dump\n"
03-06 07:28:08.514 11651 11651 I A0FFFF/model_run_tool_internal/PROFILING_TOOL: hiai_maint_wrapper.cpp PurgeProfData(129)::"Delete file split_internvit_v6_exclude_conv_int8_8_7564_0__vision_model_encoder_layers_5_attn_Slice_39_float_1_1025_64_1_262400_0.dump\n"
03-06 07:28:08.514 11651 11651 I A0FFFF/model_run_tool_internal/PROFILING_TOOL: hiai_maint_wrapper.cpp PurgeProfData(129)::"Delete file split_internvit_v6_exclude_conv_int8_8_7570_0__vision_model_encoder_layers_5_attn_Transpose_13_float_1_64_1025_1_262400_0.dump\n"
03-06 07:28:08.514 11651 11651 I A0FFFF/model_run_tool_internal/PROFILING_TOOL: hiai_maint_wrapper.cpp PurgeProfData(129)::"Delete file split_internvit_v6_exclude_conv_int8_8_7571_0__vision_model_encoder_layers_5_attn_Slice_40_float_1_1025_64_1_262400_0.dump\n"
03-06 07:28:08.515 11651 11651 I A0FFFF/model_run_tool_internal/PROFILING_TOOL: hiai_maint_wrapper.cpp PurgeProfData(129)::"Delete file split_internvit_v6_exclude_conv_int8_8_7580_0__vision_model_encoder_layers_5_attn_Slice_44_float_1_1025_64_1_262400_0.dump\n"
03-06 07:28:08.515 11651 11651 I A0FFFF/model_run_tool_internal/PROFILING_TOOL: hiai_maint_wrapper.cpp PurgeProfData(129)::"Delete file split_internvit_v6_exclude_conv_int8_8_7582_0__vision_model_encoder_layers_5_attn_Softmax_14_float_1_1025_1025_1_4202500_0.dump\n"
03-06 07:28:08.516 11651 11651 I A0FFFF/model_run_tool_internal/PROFILING_TOOL: hiai_maint_wrapper.cpp PurgeProfData(129)::"Delete file split_internvit_v6_exclude_conv_int8_8_7584_0__vision_model_encoder_layers_5_attn_Mul_14_float_1_1025_64_1_262400_0.dump\n"
03-06 07:28:08.517 11651 11651 I A0FFFF/model_run_tool_internal/PROFILING_TOOL: hiai_maint_wrapper.cpp PurgeProfData(129)::"Delete file split_internvit_v6_exclude_conv_int8_8_7585_0__vision_model_encoder_layers_5_attn_Slice_42_float_1_1025_64_1_262400_0.dump\n"
03-06 07:28:08.517 11651 11651 I A0FFFF/model_run_tool_internal/PROFILING_TOOL: hiai_maint_wrapper.cpp PurgeProfData(129)::"Delete file split_internvit_v6_exclude_conv_int8_8_7591_0__vision_model_encoder_layers_5_attn_Transpose_14_float_1_64_1025_1_262400_0.dump\n"
03-06 07:28:08.517 11651 11651 I A0FFFF/model_run_tool_internal/PROFILING_TOOL: hiai_maint_wrapper.cpp PurgeProfData(129)::"Delete file split_internvit_v6_exclude_conv_int8_8_7592_0__vision_model_encoder_layers_5_attn_Slice_43_float_1_1025_64_1_262400_0.dump\n"
03-06 07:28:08.518 11651 11651 I A0FFFF/model_run_tool_internal/PROFILING_TOOL: hiai_maint_wrapper.cpp PurgeProfData(129)::"Delete file split_internvit_v6_exclude_conv_int8_8_75_0__vision_model_encoder_layers_2_attn_Softmax_float_1_1025_1025_1_4202500_0.dump\n"
03-06 07:28:08.519 11651 11651 I A0FFFF/model_run_tool_internal/PROFILING_TOOL: hiai_maint_wrapper.cpp PurgeProfData(129)::"Delete file split_internvit_v6_exclude_conv_int8_8_7601_0__vision_model_encoder_layers_5_attn_Slice_47_float_1_1025_64_1_262400_0.dump\n"
03-06 07:28:08.520 11651 11651 I A0FFFF/model_run_tool_internal/PROFILING_TOOL: hiai_maint_wrapper.cpp PurgeProfData(129)::"Delete file split_internvit_v6_exclude_conv_int8_8_7603_0__vision_model_encoder_layers_5_attn_Softmax_15_float_1_1025_1025_1_4202500_0.dump\n"
03-06 07:28:08.521 11651 11651 I A0FFFF/model_run_tool_internal/PROFILING_TOOL: hiai_maint_wrapper.cpp PurgeProfData(129)::"Delete file split_internvit_v6_exclude_conv_int8_8_7605_0__vision_model_encoder_layers_5_attn_Mul_15_float_1_1025_64_1_262400_0.dump\n"
03-06 07:28:08.522 11651 11651 I A0FFFF/model_run_tool_internal/PROFILING_TOOL: hiai_maint_wrapper.cpp PurgeProfData(129)::"Delete file split_internvit_v6_exclude_conv_int8_8_7606_0__vision_model_encoder_layers_5_attn_Slice_45_float_1_1025_64_1_262400_0.dump\n"
03-06 07:28:08.522 11651 11651 I A0FFFF/model_run_tool_internal/PROFILING_TOOL: hiai_maint_wrapper.cpp PurgeProfData(129)::"Delete file split_internvit_v6_exclude_conv_int8_8_7612_0__vision_model_encoder_layers_5_attn_Transpose_15_float_1_64_1025_1_262400_0.dump\n"
03-06 07:28:08.522 11651 11651 I A0FFFF/model_run_tool_internal/PROFILING_TOOL: hiai_maint_wrapper.cpp PurgeProfData(129)::"Delete file split_internvit_v6_exclude_conv_int8_8_7613_0__vision_model_encoder_layers_5_attn_Slice_46_float_1_1025_64_1_262400_0.dump\n"
03-06 07:28:08.523 11651 11651 I A0FFFF/model_run_tool_internal/PROFILING_TOOL: hiai_maint_wrapper.cpp PurgeProfData(129)::"Delete file split_internvit_v6_exclude_conv_int8_8_7623_0__vision_model_encoder_layers_5_attn_v_proj_Add_float_1_1_1025_1024_4198400_0.dump\n"
03-06 07:28:08.524 11651 11651 I A0FFFF/model_run_tool_internal/PROFILING_TOOL: hiai_maint_wrapper.cpp PurgeProfData(129)::"Delete file split_internvit_v6_exclude_conv_int8_8_7627_0__vision_model_encoder_layers_5_attn_Mul_1_float_1_1025_64_1_262400_0.dump\n"
03-06 07:28:08.525 11651 11651 I A0FFFF/model_run_tool_internal/PROFILING_TOOL: hiai_maint_wrapper.cpp PurgeProfData(129)::"Delete file split_internvit_v6_exclude_conv_int8_8_7628_0__vision_model_encoder_layers_5_attn_Slice_3_float_1_1025_64_1_262400_0.dump\n"
03-06 07:28:08.525 11651 11651 I A0FFFF/model_run_tool_internal/PROFILING_TOOL: hiai_maint_wrapper.cpp PurgeProfData(129)::"Delete file split_internvit_v6_exclude_conv_int8_8_7639_0__vision_model_encoder_layers_5_attn_k_proj_Add_float_1_1_1025_1024_4198400_0.dump\n"
03-06 07:28:08.526 11651 11651 I A0FFFF/model_run_tool_internal/PROFILING_TOOL: hiai_maint_wrapper.cpp PurgeProfData(129)::"Delete file split_internvit_v6_exclude_conv_int8_8_7668_0__vision_model_encoder_layers_4_attn_Softmax_9_float_1_1025_1025_1_4202500_0.dump\n"
03-06 07:28:08.528 11651 11651 I A0FFFF/model_run_tool_internal/PROFILING_TOOL: hiai_maint_wrapper.cpp PurgeProfData(129)::"Delete file split_internvit_v6_exclude_conv_int8_8_7670_0__vision_model_encoder_layers_4_attn_Mul_9_float_1_1025_64_1_262400_0.dump\n"
03-06 07:28:08.528 11651 11651 I A0FFFF/model_run_tool_internal/PROFILING_TOOL: hiai_maint_wrapper.cpp PurgeProfData(129)::"Delete file split_internvit_v6_exclude_conv_int8_8_7671_0__vision_model_encoder_layers_4_attn_Slice_27_float_1_1025_64_1_262400_0.dump\n"
03-06 07:28:08.529 11651 11651 I A0FFFF/model_run_tool_internal/PROFILING_TOOL: hiai_maint_wrapper.cpp PurgeProfData(129)::"Delete file split_internvit_v6_exclude_conv_int8_8_7677_0__vision_model_encoder_layers_4_attn_Transpose_9_float_1_64_1025_1_262400_0.dump\n"
03-06 07:28:08.529 11651 11651 I A0FFFF/model_run_tool_internal/PROFILING_TOOL: hiai_maint_wrapper.cpp PurgeProfData(129)::"Delete file split_internvit_v6_exclude_conv_int8_8_7678_0__vision_model_encoder_layers_4_attn_Slice_28_float_1_1025_64_1_262400_0.dump\n"
03-06 07:28:08.529 11651 11651 I A0FFFF/model_run_tool_internal/PROFILING_TOOL: hiai_maint_wrapper.cpp PurgeProfData(129)::"Delete file split_internvit_v6_exclude_conv_int8_8_7683_0__vision_model_encoder_layers_4_attn_Gather_1_float_1_1025_1024_1_4198400_0.dump\n"
03-06 07:28:08.531 11651 11651 I A0FFFF/model_run_tool_internal/PROFILING_TOOL: hiai_maint_wrapper.cpp PurgeProfData(129)::"Delete file split_internvit_v6_exclude_conv_int8_8_7684_0__vision_model_encoder_layers_4_attn_Slice_1_float_1_1025_64_1_262400_0.dump\n"
03-06 07:28:08.531 11651 11651 I A0FFFF/model_run_tool_internal/PROFILING_TOOL: hiai_maint_wrapper.cpp PurgeProfData(129)::"Delete file split_internvit_v6_exclude_conv_int8_8_7685_0__vision_model_encoder_layers_4_attn_Transpose_float_1_64_1025_1_262400_0.dump\n"
03-06 07:28:08.531 11651 11651 I A0FFFF/model_run_tool_internal/PROFILING_TOOL: hiai_maint_wrapper.cpp PurgeProfData(129)::"Delete file split_internvit_v6_exclude_conv_int8_8_7690_0__vision_model_encoder_layers_4_attn_Slice_4_float_1_1025_64_1_262400_0.dump\n"
03-06 07:28:08.532 11651 11651 I A0FFFF/model_run_tool_internal/PROFILING_TOOL: hiai_maint_wrapper.cpp PurgeProfData(129)::"Delete file split_internvit_v6_exclude_conv_int8_8_7691_0__vision_model_encoder_layers_4_attn_Transpose_1_float_1_64_1025_1_262400_0.dump\n"
03-06 07:28:08.532 11651 11651 I A0FFFF/model_run_tool_internal/PROFILING_TOOL: hiai_maint_wrapper.cpp PurgeProfData(129)::"Delete file split_internvit_v6_exclude_conv_int8_8_7693_0__vision_model_encoder_layers_4_attn_Softmax_1_float_1_1025_1025_1_4202500_0.dump\n"
03-06 07:28:08.533 11651 11651 I A0FFFF/model_run_tool_internal/PROFILING_TOOL: hiai_maint_wrapper.cpp PurgeProfData(129)::"Delete file split_internvit_v6_exclude_conv_int8_8_7695_0__vision_model_encoder_layers_4_attn_Slice_5_float_1_1025_64_1_262400_0.dump\n"
03-06 07:28:08.534 11651 11651 I A0FFFF/model_run_tool_internal/PROFILING_TOOL: hiai_maint_wrapper.cpp PurgeProfData(129)::"Delete file split_internvit_v6_exclude_conv_int8_8_7700_0__vision_model_encoder_layers_4_attn_Gather_2_float_1_1025_1024_1_4198400_0.dump\n"
03-06 07:28:08.535 11651 11651 I A0FFFF/model_run_tool_internal/PROFILING_TOOL: hiai_maint_wrapper.cpp PurgeProfData(129)::"Delete file split_internvit_v6_exclude_conv_int8_8_7701_0__vision_model_encoder_layers_4_attn_Slice_2_float_1_1025_64_1_262400_0.dump\n"
03-06 07:28:08.536 11651 11651 I A0FFFF/model_run_tool_internal/PROFILING_TOOL: hiai_maint_wrapper.cpp PurgeProfData(129)::"Delete file split_internvit_v6_exclude_conv_int8_8_7706_0__vision_model_encoder_layers_4_attn_Slice_8_float_1_1025_64_1_262400_0.dump\n"
03-06 07:28:08.536 11651 11651 I A0FFFF/model_run_tool_internal/PROFILING_TOOL: hiai_maint_wrapper.cpp PurgeProfData(129)::"Delete file split_internvit_v6_exclude_conv_int8_8_7708_0__vision_model_encoder_layers_4_attn_Softmax_2_float_1_1025_1025_1_4202500_0.dump\n"
03-06 07:28:08.537 11651 11651 I A0FFFF/model_run_tool_internal/PROFILING_TOOL: hiai_maint_wrapper.cpp PurgeProfData(129)::"Delete file split_internvit_v6_exclude_conv_int8_8_7710_0__vision_model_encoder_layers_4_attn_Mul_2_float_1_1025_64_1_262400_0.dump\n"
03-06 07:28:08.538 11651 11651 I A0FFFF/model_run_tool_internal/PROFILING_TOOL: hiai_maint_wrapper.cpp PurgeProfData(129)::"Delete file split_internvit_v6_exclude_conv_int8_8_7711_0__vision_model_encoder_layers_4_attn_Slice_6_float_1_1025_64_1_262400_0.dump\n"
03-06 07:28:08.538 11651 11651 I A0FFFF/model_run_tool_internal/PROFILING_TOOL: hiai_maint_wrapper.cpp PurgeProfData(129)::"Delete file split_internvit_v6_exclude_conv_int8_8_7717_0__vision_model_encoder_layers_4_attn_Transpose_2_float_1_64_1025_1_262400_0.dump\n"
03-06 07:28:08.538 11651 11651 I A0FFFF/model_run_tool_internal/PROFILING_TOOL: hiai_maint_wrapper.cpp PurgeProfData(129)::"Delete file split_internvit_v6_exclude_conv_int8_8_7718_0__vision_model_encoder_layers_4_attn_Slice_7_float_1_1025_64_1_262400_0.dump\n"
03-06 07:28:08.539 11651 11651 I A0FFFF/model_run_tool_internal/PROFILING_TOOL: hiai_maint_wrapper.cpp PurgeProfData(129)::"Delete file split_internvit_v6_exclude_conv_int8_8_7727_0__vision_model_encoder_layers_4_attn_Slice_11_float_1_1025_64_1_262400_0.dump\n"
03-06 07:28:08.539 11651 11651 I A0FFFF/model_run_tool_internal/PROFILING_TOOL: hiai_maint_wrapper.cpp PurgeProfData(129)::"Delete file split_internvit_v6_exclude_conv_int8_8_7729_0__vision_model_encoder_layers_4_attn_Softmax_3_float_1_1025_1025_1_4202500_0.dump\n"
03-06 07:28:08.540 11651 11651 I A0FFFF/model_run_tool_internal/PROFILING_TOOL: hiai_maint_wrapper.cpp PurgeProfData(129)::"Delete file split_internvit_v6_exclude_conv_int8_8_7731_0__vision_model_encoder_layers_4_attn_Mul_3_float_1_1025_64_1_262400_0.dump\n"
03-06 07:28:08.541 11651 11651 I A0FFFF/model_run_tool_internal/PROFILING_TOOL: hiai_maint_wrapper.cpp PurgeProfData(129)::"Delete file split_internvit_v6_exclude_conv_int8_8_7732_0__vision_model_encoder_layers_4_attn_Slice_9_float_1_1025_64_1_262400_0.dump\n"
03-06 07:28:08.541 11651 11651 I A0FFFF/model_run_tool_internal/PROFILING_TOOL: hiai_maint_wrapper.cpp PurgeProfData(129)::"Delete file split_internvit_v6_exclude_conv_int8_8_7738_0__vision_model_encoder_layers_4_attn_Transpose_3_float_1_64_1025_1_262400_0.dump\n"
03-06 07:28:08.541 11651 11651 I A0FFFF/model_run_tool_internal/PROFILING_TOOL: hiai_maint_wrapper.cpp PurgeProfData(129)::"Delete file split_internvit_v6_exclude_conv_int8_8_7739_0__vision_model_encoder_layers_4_attn_Slice_10_float_1_1025_64_1_262400_0.dump\n"
03-06 07:28:08.542 11651 11651 I A0FFFF/model_run_tool_internal/PROFILING_TOOL: hiai_maint_wrapper.cpp PurgeProfData(129)::"Delete file split_internvit_v6_exclude_conv_int8_8_7748_0__vision_model_encoder_layers_4_attn_Slice_14_float_1_1025_64_1_262400_0.dump\n"
03-06 07:28:08.542 11651 11651 I A0FFFF/model_run_tool_internal/PROFILING_TOOL: hiai_maint_wrapper.cpp PurgeProfData(129)::"Delete file split_internvit_v6_exclude_conv_int8_8_7750_0__vision_model_encoder_layers_4_attn_Softmax_4_float_1_1025_1025_1_4202500_0.dump\n"
03-06 07:28:08.543 11651 11651 I A0FFFF/model_run_tool_internal/PROFILING_TOOL: hiai_maint_wrapper.cpp PurgeProfData(129)::"Delete file split_internvit_v6_exclude_conv_int8_8_7752_0__vision_model_encoder_layers_4_attn_Mul_4_float_1_1025_64_1_262400_0.dump\n"
03-06 07:28:08.544 11651 11651 I A0FFFF/model_run_tool_internal/PROFILING_TOOL: hiai_maint_wrapper.cpp PurgeProfData(129)::"Delete file split_internvit_v6_exclude_conv_int8_8_7753_0__vision_model_encoder_layers_4_attn_Slice_12_float_1_1025_64_1_262400_0.dump\n"
03-06 07:28:08.544 11651 11651 I A0FFFF/model_run_tool_internal/PROFILING_TOOL: hiai_maint_wrapper.cpp PurgeProfData(129)::"Delete file split_internvit_v6_exclude_conv_int8_8_7759_0__vision_model_encoder_layers_4_attn_Transpose_4_float_1_64_1025_1_262400_0.dump\n"
03-06 07:28:08.544 11651 11651 I A0FFFF/model_run_tool_internal/PROFILING_TOOL: hiai_maint_wrapper.cpp PurgeProfData(129)::"Delete file split_internvit_v6_exclude_conv_int8_8_7760_0__vision_model_encoder_layers_4_attn_Slice_13_float_1_1025_64_1_262400_0.dump\n"
03-06 07:28:08.545 11651 11651 I A0FFFF/model_run_tool_internal/PROFILING_TOOL: hiai_maint_wrapper.cpp PurgeProfData(129)::"Delete file split_internvit_v6_exclude_conv_int8_8_7769_0__vision_model_encoder_layers_4_attn_Slice_17_float_1_1025_64_1_262400_0.dump\n"
03-06 07:28:08.545 11651 11651 I A0FFFF/model_run_tool_internal/PROFILING_TOOL: hiai_maint_wrapper.cpp PurgeProfData(129)::"Delete file split_internvit_v6_exclude_conv_int8_8_7771_0__vision_model_encoder_layers_4_attn_Softmax_5_float_1_1025_1025_1_4202500_0.dump\n"
03-06 07:28:08.546 11651 11651 I A0FFFF/model_run_tool_internal/PROFILING_TOOL: hiai_maint_wrapper.cpp PurgeProfData(129)::"Delete file split_internvit_v6_exclude_conv_int8_8_7773_0__vision_model_encoder_layers_4_attn_Mul_5_float_1_1025_64_1_262400_0.dump\n"
03-06 07:28:08.547 11651 11651 I A0FFFF/model_run_tool_internal/PROFILING_TOOL: hiai_maint_wrapper.cpp PurgeProfData(129)::"Delete file split_internvit_v6_exclude_conv_int8_8_7774_0__vision_model_encoder_layers_4_attn_Slice_15_float_1_1025_64_1_262400_0.dump\n"
03-06 07:28:08.547 11651 11651 I A0FFFF/model_run_tool_internal/PROFILING_TOOL: hiai_maint_wrapper.cpp PurgeProfData(129)::"Delete file split_internvit_v6_exclude_conv_int8_8_7780_0__vision_model_encoder_layers_4_attn_Transpose_5_float_1_64_1025_1_262400_0.dump\n"
03-06 07:28:08.547 11651 11651 I A0FFFF/model_run_tool_internal/PROFILING_TOOL: hiai_maint_wrapper.cpp PurgeProfData(129)::"Delete file split_internvit_v6_exclude_conv_int8_8_7781_0__vision_model_encoder_layers_4_attn_Slice_16_float_1_1025_64_1_262400_0.dump\n"
03-06 07:28:08.548 11651 11651 I A0FFFF/model_run_tool_internal/PROFILING_TOOL: hiai_maint_wrapper.cpp PurgeProfData(129)::"Delete file split_internvit_v6_exclude_conv_int8_8_7790_0__vision_model_encoder_layers_4_attn_Slice_20_float_1_1025_64_1_262400_0.dump\n"
03-06 07:28:08.548 11651 11651 I A0FFFF/model_run_tool_internal/PROFILING_TOOL: hiai_maint_wrapper.cpp PurgeProfData(129)::"Delete file split_internvit_v6_exclude_conv_int8_8_7792_0__vision_model_encoder_layers_4_attn_Softmax_6_float_1_1025_1025_1_4202500_0.dump\n"
03-06 07:28:08.550 11651 11651 I A0FFFF/model_run_tool_internal/PROFILING_TOOL: hiai_maint_wrapper.cpp PurgeProfData(129)::"Delete file split_internvit_v6_exclude_conv_int8_8_7794_0__vision_model_encoder_layers_4_attn_Mul_6_float_1_1025_64_1_262400_0.dump\n"
03-06 07:28:08.550 11651 11651 I A0FFFF/model_run_tool_internal/PROFILING_TOOL: hiai_maint_wrapper.cpp PurgeProfData(129)::"Delete file split_internvit_v6_exclude_conv_int8_8_7795_0__vision_model_encoder_layers_4_attn_Slice_18_float_1_1025_64_1_262400_0.dump\n"
03-06 07:28:08.550 11651 11651 I A0FFFF/model_run_tool_internal/PROFILING_TOOL: hiai_maint_wrapper.cpp PurgeProfData(129)::"Delete file split_internvit_v6_exclude_conv_int8_8_77_0__vision_model_encoder_layers_2_attn_Concat_float_1_1025_1024_1_4198400_0.dump\n"
03-06 07:28:08.552 11651 11651 I A0FFFF/model_run_tool_internal/PROFILING_TOOL: hiai_maint_wrapper.cpp PurgeProfData(129)::"Delete file split_internvit_v6_exclude_conv_int8_8_7801_0__vision_model_encoder_layers_4_attn_Transpose_6_float_1_64_1025_1_262400_0.dump\n"
03-06 07:28:08.552 11651 11651 I A0FFFF/model_run_tool_internal/PROFILING_TOOL: hiai_maint_wrapper.cpp PurgeProfData(129)::"Delete file split_internvit_v6_exclude_conv_int8_8_7802_0__vision_model_encoder_layers_4_attn_Slice_19_float_1_1025_64_1_262400_0.dump\n"
03-06 07:28:08.552 11651 11651 I A0FFFF/model_run_tool_internal/PROFILING_TOOL: hiai_maint_wrapper.cpp PurgeProfData(129)::"Delete file split_internvit_v6_exclude_conv_int8_8_7811_0__vision_model_encoder_layers_4_attn_Slice_23_float_1_1025_64_1_262400_0.dump\n"
03-06 07:28:08.552 11651 11651 I A0FFFF/model_run_tool_internal/PROFILING_TOOL: hiai_maint_wrapper.cpp PurgeProfData(129)::"Delete file split_internvit_v6_exclude_conv_int8_8_7813_0__vision_model_encoder_layers_4_attn_Softmax_7_float_1_1025_1025_1_4202500_0.dump\n"
03-06 07:28:08.554 11651 11651 I A0FFFF/model_run_tool_internal/PROFILING_TOOL: hiai_maint_wrapper.cpp PurgeProfData(129)::"Delete file split_internvit_v6_exclude_conv_int8_8_7815_0__vision_model_encoder_layers_4_attn_Mul_7_float_1_1025_64_1_262400_0.dump\n"
03-06 07:28:08.554 11651 11651 I A0FFFF/model_run_tool_internal/PROFILING_TOOL: hiai_maint_wrapper.cpp PurgeProfData(129)::"Delete file split_internvit_v6_exclude_conv_int8_8_7816_0__vision_model_encoder_layers_4_attn_Slice_21_float_1_1025_64_1_262400_0.dump\n"
03-06 07:28:08.555 11651 11651 I A0FFFF/model_run_tool_internal/PROFILING_TOOL: hiai_maint_wrapper.cpp PurgeProfData(129)::"Delete file split_internvit_v6_exclude_conv_int8_8_7822_0__vision_model_encoder_layers_4_attn_Transpose_7_float_1_64_1025_1_262400_0.dump\n"
03-06 07:28:08.555 11651 11651 I A0FFFF/model_run_tool_internal/PROFILING_TOOL: hiai_maint_wrapper.cpp PurgeProfData(129)::"Delete file split_internvit_v6_exclude_conv_int8_8_7823_0__vision_model_encoder_layers_4_attn_Slice_22_float_1_1025_64_1_262400_0.dump\n"
03-06 07:28:08.555 11651 11651 I A0FFFF/model_run_tool_internal/PROFILING_TOOL: hiai_maint_wrapper.cpp PurgeProfData(129)::"Delete file split_internvit_v6_exclude_conv_int8_8_7832_0__vision_model_encoder_layers_4_attn_Slice_26_float_1_1025_64_1_262400_0.dump\n"
03-06 07:28:08.556 11651 11651 I A0FFFF/model_run_tool_internal/PROFILING_TOOL: hiai_maint_wrapper.cpp PurgeProfData(129)::"Delete file split_internvit_v6_exclude_conv_int8_8_7834_0__vision_model_encoder_layers_4_attn_Softmax_8_float_1_1025_1025_1_4202500_0.dump\n"
03-06 07:28:08.557 11651 11651 I A0FFFF/model_run_tool_internal/PROFILING_TOOL: hiai_maint_wrapper.cpp PurgeProfData(129)::"Delete file split_internvit_v6_exclude_conv_int8_8_7836_0__vision_model_encoder_layers_4_attn_Mul_8_float_1_1025_64_1_262400_0.dump\n"
03-06 07:28:08.557 11651 11651 I A0FFFF/model_run_tool_internal/PROFILING_TOOL: hiai_maint_wrapper.cpp PurgeProfData(129)::"Delete file split_internvit_v6_exclude_conv_int8_8_7837_0__vision_model_encoder_layers_4_attn_Slice_24_float_1_1025_64_1_262400_0.dump\n"
03-06 07:28:08.558 11651 11651 I A0FFFF/model_run_tool_internal/PROFILING_TOOL: hiai_maint_wrapper.cpp PurgeProfData(129)::"Delete file split_internvit_v6_exclude_conv_int8_8_7843_0__vision_model_encoder_layers_4_attn_Transpose_8_float_1_64_1025_1_262400_0.dump\n"
03-06 07:28:08.558 11651 11651 I A0FFFF/model_run_tool_internal/PROFILING_TOOL: hiai_maint_wrapper.cpp PurgeProfData(129)::"Delete file split_internvit_v6_exclude_conv_int8_8_7844_0__vision_model_encoder_layers_4_attn_Slice_25_float_1_1025_64_1_262400_0.dump\n"
03-06 07:28:08.558 11651 11651 I A0FFFF/model_run_tool_internal/PROFILING_TOOL: hiai_maint_wrapper.cpp PurgeProfData(129)::"Delete file split_internvit_v6_exclude_conv_int8_8_7853_0__vision_model_encoder_layers_4_attn_Slice_29_float_1_1025_64_1_262400_0.dump\n"
03-06 07:28:08.559 11651 11651 I A0FFFF/model_run_tool_internal/PROFILING_TOOL: hiai_maint_wrapper.cpp PurgeProfData(129)::"Delete file split_internvit_v6_exclude_conv_int8_8_7858_0__vision_model_encoder_layers_4_attn_Slice_32_float_1_1025_64_1_262400_0.dump\n"
03-06 07:28:08.559 11651 11651 I A0FFFF/model_run_tool_internal/PROFILING_TOOL: hiai_maint_wrapper.cpp PurgeProfData(129)::"Delete file split_internvit_v6_exclude_conv_int8_8_7860_0__vision_model_encoder_layers_4_attn_Softmax_10_float_1_1025_1025_1_4202500_0.dump\n"
03-06 07:28:08.561 11651 11651 I A0FFFF/model_run_tool_internal/PROFILING_TOOL: hiai_maint_wrapper.cpp PurgeProfData(129)::"Delete file split_internvit_v6_exclude_conv_int8_8_7862_0__vision_model_encoder_layers_4_attn_Mul_10_float_1_1025_64_1_262400_0.dump\n"
03-06 07:28:08.561 11651 11651 I A0FFFF/model_run_tool_internal/PROFILING_TOOL: hiai_maint_wrapper.cpp PurgeProfData(129)::"Delete file split_internvit_v6_exclude_conv_int8_8_7863_0__vision_model_encoder_layers_4_attn_Slice_30_float_1_1025_64_1_262400_0.dump\n"
03-06 07:28:08.561 11651 11651 I A0FFFF/model_run_tool_internal/PROFILING_TOOL: hiai_maint_wrapper.cpp PurgeProfData(129)::"Delete file split_internvit_v6_exclude_conv_int8_8_7869_0__vision_model_encoder_layers_4_attn_Transpose_10_float_1_64_1025_1_262400_0.dump\n"
03-06 07:28:08.561 11651 11651 I A0FFFF/model_run_tool_internal/PROFILING_TOOL: hiai_maint_wrapper.cpp PurgeProfData(129)::"Delete file split_internvit_v6_exclude_conv_int8_8_7870_0__vision_model_encoder_layers_4_attn_Slice_31_float_1_1025_64_1_262400_0.dump\n"
03-06 07:28:08.562 11651 11651 I A0FFFF/model_run_tool_internal/PROFILING_TOOL: hiai_maint_wrapper.cpp PurgeProfData(129)::"Delete file split_internvit_v6_exclude_conv_int8_8_7879_0__vision_model_encoder_layers_4_attn_Slice_35_float_1_1025_64_1_262400_0.dump\n"
03-06 07:28:08.562 11651 11651 I A0FFFF/model_run_tool_internal/PROFILING_TOOL: hiai_maint_wrapper.cpp PurgeProfData(129)::"Delete file split_internvit_v6_exclude_conv_int8_8_7881_0__vision_model_encoder_layers_4_attn_Softmax_11_float_1_1025_1025_1_4202500_0.dump\n"
03-06 07:28:08.564 11651 11651 I A0FFFF/model_run_tool_internal/PROFILING_TOOL: hiai_maint_wrapper.cpp PurgeProfData(129)::"Delete file split_internvit_v6_exclude_conv_int8_8_7883_0__vision_model_encoder_layers_4_attn_Mul_11_float_1_1025_64_1_262400_0.dump\n"
03-06 07:28:08.564 11651 11651 I A0FFFF/model_run_tool_internal/PROFILING_TOOL: hiai_maint_wrapper.cpp PurgeProfData(129)::"Delete file split_internvit_v6_exclude_conv_int8_8_7884_0__vision_model_encoder_layers_4_attn_Slice_33_float_1_1025_64_1_262400_0.dump\n"
03-06 07:28:08.564 11651 11651 I A0FFFF/model_run_tool_internal/PROFILING_TOOL: hiai_maint_wrapper.cpp PurgeProfData(129)::"Delete file split_internvit_v6_exclude_conv_int8_8_7890_0__vision_model_encoder_layers_4_attn_Transpose_11_float_1_64_1025_1_262400_0.dump\n"
03-06 07:28:08.565 11651 11651 I A0FFFF/model_run_tool_internal/PROFILING_TOOL: hiai_maint_wrapper.cpp PurgeProfData(129)::"Delete file split_internvit_v6_exclude_conv_int8_8_7891_0__vision_model_encoder_layers_4_attn_Slice_34_float_1_1025_64_1_262400_0.dump\n"
03-06 07:28:08.565 11651 11651 I A0FFFF/model_run_tool_internal/PROFILING_TOOL: hiai_maint_wrapper.cpp PurgeProfData(129)::"Delete file split_internvit_v6_exclude_conv_int8_8_78_0__vision_model_encoder_layers_2_attn_Unsqueeze_float_1_1_1025_1024_4198400_0.dump\n"
03-06 07:28:08.566 11651 11651 I A0FFFF/model_run_tool_internal/PROFILING_TOOL: hiai_maint_wrapper.cpp PurgeProfData(129)::"Delete file split_internvit_v6_exclude_conv_int8_8_7900_0__vision_model_encoder_layers_4_attn_Slice_38_float_1_1025_64_1_262400_0.dump\n"
03-06 07:28:08.567 11651 11651 I A0FFFF/model_run_tool_internal/PROFILING_TOOL: hiai_maint_wrapper.cpp PurgeProfData(129)::"Delete file split_internvit_v6_exclude_conv_int8_8_7902_0__vision_model_encoder_layers_4_attn_Softmax_12_float_1_1025_1025_1_4202500_0.dump\n"
03-06 07:28:08.568 11651 11651 I A0FFFF/model_run_tool_internal/PROFILING_TOOL: hiai_maint_wrapper.cpp PurgeProfData(129)::"Delete file split_internvit_v6_exclude_conv_int8_8_7904_0__vision_model_encoder_layers_4_attn_Mul_12_float_1_1025_64_1_262400_0.dump\n"
03-06 07:28:08.569 11651 11651 I A0FFFF/model_run_tool_internal/PROFILING_TOOL: hiai_maint_wrapper.cpp PurgeProfData(129)::"Delete file split_internvit_v6_exclude_conv_int8_8_7905_0__vision_model_encoder_layers_4_attn_Slice_36_float_1_1025_64_1_262400_0.dump\n"
03-06 07:28:08.569 11651 11651 I A0FFFF/model_run_tool_internal/PROFILING_TOOL: hiai_maint_wrapper.cpp PurgeProfData(129)::"Delete file split_internvit_v6_exclude_conv_int8_8_7911_0__vision_model_encoder_layers_4_attn_Transpose_12_float_1_64_1025_1_262400_0.dump\n"
03-06 07:28:08.882   733  6071 E C02DA0/hiview/NotifyLeakDetector: operator(): failed to remove file path: /data/log/faultlog/temp/leakstack-11651-5527653692, err: No such file or directory
03-06 07:28:08.903  1176  1176 I C02150/hiaiserver/AI_INFRA: ai_om_service.cpp Maintain(34)::"AiOmService::maintain type: 1, action: 0, config: client_tid=11651:model_names=split_internvit_v6_exclude_conv_int8_8:open_pmu=0"
03-06 07:28:08.904  1176  1176 I C02150/hiaiserver/AI_INFRA: om.cpp HandlePendingEvents(249)::"events: 2, listeners: 3, 0"
03-06 07:28:08.904  1176  1176 I C02154/hiaiserver/AI_FMK: npu_om_comm.cpp HandleConfigs(42)::"handle name: client_tid, value: 11651"
03-06 07:28:08.904  1176  1176 I C02154/hiaiserver/AI_FMK: npu_om_comm.cpp HandleConfigs(42)::"handle name: model_names, value: split_internvit_v6_exclude_conv_int8_8"
03-06 07:28:08.904  1176  1176 I C02154/hiaiserver/AI_FMK: npu_om_comm.cpp HandleConfigs(42)::"handle name: open_pmu, value: 0"
03-06 07:28:08.904  1176  1176 I C02154/hiaiserver/AI_FMK: npu_om_comm.cpp HandleOmEvent(56)::"handle pid: 11651, type: 3, configs: 3."
03-06 07:28:08.904  1176  1176 I C02154/hiaiserver/AI_FMK: dump_handler.cpp Handle(29)::"DumpHandler event type: 3"
03-06 07:28:08.904  1176  1176 W C02151/hiaiserver/AI_NPUCL: npucl_om.cc HandleEvent(38)::"npucl log level after handle: 2."
03-06 07:28:08.904  1176  1176 W C02160/hiaiserver/RUNTIME: HandleEvent:290 handle pid:11651, configs:3, mstType:3.
03-06 07:28:08.904  1176  1176 W C02160/hiaiserver/RUNTIME: Handle:270 npu dump off
03-06 07:28:08.907 11651 11651 I C03F01/model_run_tool_internal/NAPI: [StopIdleMonitorTimerTask] Get timerMutex_
03-06 07:28:08.917 11651 11651 I C01650/model_run_tool_internal/RdbManagerImpl: ~RdbManagerImpl:Destroy.
03-06 07:28:08.918 11651 11651 W C01719/model_run_tool_internal/ffrt: 2:~ProcessExitManager:89 ProcessExitManager destruction enter
03-06 07:28:08.919 11651 11667 W C01719/model_run_tool_internal/ffrt: 3:operator():123 delayedWorker exit
03-06 07:28:08.929 11651 11651 I C01719/model_run_tool_internal/ffrt: 4:~ExecuteUnit:102 Destructor.
03-06 07:28:08.929 11651 11651 W C01719/model_run_tool_internal/ffrt: 5:~WorkerMonitor:96 WorkerMonitor destruction enter
03-06 07:28:08.930  1176 11958 I C02150/hiaiserver/AI_INFRA: local_file_writer.cpp Write(22)::"file:/data/vendor/hiai/stats/log/mngr/19700306.log"
03-06 07:28:08.930  1176 11958 I C02150/hiaiserver/AI_INFRA: ai_stats_log_utils.cpp GetFileSize(374)::"AiStatsLogCfgUtils::GetFileSize::success, size = 2623"
03-06 07:28:08.930 11651 11651 W C02160/model_run_tool_internal/RUNTIME: rtCloseClient:35 Direct Device close start.
03-06 07:28:08.930 11651 11651 W C02160/model_run_tool_internal/RUNTIME: rtCloseClient:38 Direct Device close success.
03-06 07:28:08.933  1176  1176 W C02151/hiaiserver/AI_NPUCL: npu_graph_executor_service_manager.cc OnClientDie(79)::"pid : 11651, [npucl] on client die, release resource"
03-06 07:28:08.933  1176  1176 W C02160/hiaiserver/RUNTIME: ProcessDestroy:552 process destroy, pid = 11651
03-06 07:28:08.933  1176  1176 W C02160/hiaiserver/RUNTIME: ~AppProcess:106 destroy pid = 11651
03-06 07:28:08.933  1176  1176 W C02160/hiaiserver/RUNTIME: PrimaryContextRelease:317 Context tryDecRef, count = 0x1, reset:0
03-06 07:28:08.935 11651 11959 W C057C1/model_run_tool_internal/IPCWorkThread: ThreadHandler: proto:0 policy:0 name:OS_IPC_3_11959 invoker:1332281984
03-06 07:28:08.936  1176  1176 I C02154/hiaiserver/AI_FMK: rpc_request_stub.cpp ClientDied(198)::"pid[11651]."
03-06 07:28:08.936  1176  1176 I C02150/hiaiserver/AI_INFRA: ai_memory_manager.cpp FreeUsedMemoryById(250)::"FreeUsedMemoryById pid:11651"
03-06 07:28:08.974  1176  1775 W C02160/hiaiserver/TSCH: 07:28:08.927 10 52:int_process_free_stream: start free stream 1
03-06 07:28:08.974  1176  1775 W C02160/hiaiserver/TSCH: 07:28:08.927 11 526:engine_recycle_hwts_wait_list: recycle hwts wait list, stream_id = 1
03-06 07:28:08.974  1176  1775 W C02160/hiaiserver/TSCH: 07:28:08.928 12 560:engine_recycle_model_wait_list: recycle model wait list, stream_id = 1
03-06 07:28:08.974  1176  1775 W C02160/hiaiserver/TSCH: 07:28:08.928 13 628:engine_recycle_event_wait_list: recycle event wait list, stream_id = 1 event_id = 65535
03-06 07:28:08.974  1176  1775 W C02160/hiaiserver/TSCH: 07:28:08.928 14 660:engine_recycle_model_config_list: recycle model config list, stream_id = 1
03-06 07:28:08.992  1176  1176 I C02154/hiaiserver/AI_FMK: ai_security_service.cpp OnClientDie(169)::"AiSecurityService::OnClientDie pid[11651]"
03-06 07:28:08.992  1176  1176 I C02154/hiaiserver/AI_FMK: ai_security_service.cpp OnClientDie(173)::"OnClientDie, erase connection: 11651, size: 0."
03-06 07:28:08.992  1176  1176 I C02154/hiaiserver/AI_FMK: ai_security_service.cpp DeleteSecEngine(79)::"delete ai secengine enter."
03-06 07:28:08.992  1176  1176 E C02154/hiaiserver/AI_FMK: ai_security_service.cpp DeleteSecEngine(81)::"delete ai secengine ERROR: handle_ is Null"
03-06 07:28:08.992  1176  1176 E C02154/hiaiserver/AI_FMK: ai_security_service.cpp OnClientDie(177)::"delete security engine failed."
03-06 07:28:08.992  1176  1176 I C02155/hiaiserver/AiIgsServiceRpc: [IGS]OnClientDie(376): "OnClientDie pid[11651]"
03-06 07:28:08.992  1176  1176 I C02155/hiaiserver/LpEventManager: [IGS]UnregisterClient(63): "UnregisterClient pid:11651."
03-06 07:28:08.992  1176  1176 I C02155/hiaiserver/LpEventManager: [IGS]UnregisterClient(82): "UnregisterClient end:11651."
03-06 07:28:08.993  1176  1176 I C02155/hiaiserver/AiIgsModelServiceRpc: [IGS]OnClientDie(63): "AiIgsModelServiceRpc::OnClientDie pid[11651]"
03-06 07:28:08.993  1176  1176 W C02151/hiaiserver/AI_NPUCL: npu_graph_executor_service_manager.cc OnClientDie(79)::"pid : 11651, [npucl] on client die, release resource"
03-06 07:28:08.993  1176  1176 I C02150/hiaiserver/AI_INFRA: ai_om_service.cpp OnClientDied(129)::"AiOmService::OnClientDied 11651"
03-06 07:28:08.993  1176  1176 I C02154/hiaiserver/AI_FMK: process_manager.cpp Remove(43)::"clear the record of pid : 11651"
03-06 07:28:08.993 11651 11960 W C057C1/model_run_tool_internal/IPCWorkThread: ThreadHandler: proto:0 policy:0 name:OS_IPC_4_11960 invoker:3527438976
03-06 07:28:09.010 11651 11651 I C057C1/model_run_tool_internal/ProcessSkeleton: NotifyChildThreadStop: waiting 5 child threads to exit
03-06 07:28:09.010 11651 11653 E C057C6/model_run_tool_internal/BinderInvoker: TransactWithDriver: fail, result:-9 time:428992237188
03-06 07:28:09.010 11651 11653 E C057C6/model_run_tool_internal/BinderInvoker: FlushCommands: died
03-06 07:28:09.010 11651 11653 I C057C1/model_run_tool_internal/IPCWorkThread: ThreadHandler: exit, proto:0 policy:0 name:OS_IPC_1_11653 invoker:1332283264
03-06 07:28:09.010 11651 11662 E C057C6/model_run_tool_internal/BinderInvoker: TransactWithDriver: fail, result:-9 time:428992421563
03-06 07:28:09.010 11651 11662 E C057C6/model_run_tool_internal/BinderInvoker: FlushCommands: died
03-06 07:28:09.010 11651 11662 I C057C1/model_run_tool_internal/IPCWorkThread: ThreadHandler: exit, proto:0 policy:0 name:OS_IPC_2_11662 invoker:3527456896
03-06 07:28:09.010 11651 11652 E C057C6/model_run_tool_internal/BinderInvoker: FlushCommands: died
03-06 07:28:09.010 11651 11652 I C057C1/model_run_tool_internal/IPCWorkThread: ThreadHandler: exit, proto:0 policy:1 name:OS_IPC_0_11652 invoker:3527457536
03-06 07:28:09.011 11651 11959 E C057C6/model_run_tool_internal/BinderInvoker: TransactWithDriver: fail, result:-9 time:428992988750
03-06 07:28:09.011 11651 11959 E C057C6/model_run_tool_internal/BinderInvoker: FlushCommands: died
03-06 07:28:09.011 11651 11959 I C057C1/model_run_tool_internal/IPCWorkThread: ThreadHandler: exit, proto:0 policy:0 name:OS_IPC_3_11959 invoker:1332281984
03-06 07:28:09.011 11651 11960 E C057C6/model_run_tool_internal/BinderInvoker: TransactWithDriver: fail, result:-9 time:428993090469
03-06 07:28:09.011 11651 11960 E C057C6/model_run_tool_internal/BinderInvoker: FlushCommands: died
03-06 07:28:09.011 11651 11960 I C057C1/model_run_tool_internal/IPCWorkThread: ThreadHandler: exit, proto:0 policy:0 name:OS_IPC_4_11960 invoker:3527438976
03-06 07:28:09.015 11651 11651 I C01719/model_run_tool_internal/ffrt: 6:~SimpleAllocator:266 destruct SimpleAllocator
03-06 07:28:09.016 11651 11651 W C02160/model_run_tool_internal/RUNTIME: ~DirectEngine:43 thread not start
03-06 07:28:09.028  1176  1773 W C02160/hiaiserver/RUNTIME: PrimaryContextRetain:286 Context incRef, count = 0x2
03-06 07:28:09.028  1176  1773 W C02160/hiaiserver/RUNTIME: PrimaryContextRelease:317 Context tryDecRef, count = 0x1, reset:0
03-06 07:28:09.128 11962 11962 W C03F07/MUSL-LDSO: load libhiai_ir_infershape.so failed, namespace=ndk no inherits, errno=2
03-06 07:28:09.128 11962 11962 W C03F07/MUSL-LDSO: load libhiai_ir_infershape.so failed, namespace=default, errno=2
03-06 07:28:09.128 11962 11962 W C03F07/MUSL-LDSO: dlopen_impl load library header failed for libhiai_ir_infershape.so caller namespace : default
03-06 07:28:09.128 11962 11962 I A0FFFF/data_proc_tool_internal/HIAI_DDK_MSG: graph_infer_initializer.cpp GraphInferInitializer(18)::"load libhiai_ir_infershape.so failed. errmsg[Error loading shared library libhiai_ir_infershape.so: No such file or directory]"
03-06 07:28:09.141 11962 11962 I A0FFFF/data_proc_tool_internal/HIAI_DDK_MSG: hiai_foundation_dl_helper.c HIAI_Foundation_Init(53)::"init hiai foundation success."
03-06 07:28:09.146 11962 11962 I C02150/data_proc_tool_internal/interface_test:: hiai|framework|HIAI_GetVersion|63
03-06 07:28:09.146 11962 11962 I A0FFFF/data_proc_tool_internal/HIAI_DDK_MSG: hiai_plugin_version.c HIAI_MR_GetVersion(104)::"version is 109.633.120.010"
03-06 07:28:09.147 11962 11962 I A0FFFF/data_proc_tool_internal/PROFILING_TOOL: hiai_maint_wrapper.cpp HiAiMaintWrapper(51)::"Create Maint client success."
03-06 07:28:09.148 11962 11962 I A0FFFF/data_proc_tool_internal/PROFILING_TOOL: data_proc_tool.cpp CheckDirs(49)::"/data/local/tmp is writable."
03-06 07:28:09.148 11962 11962 I A0FFFF/data_proc_tool_internal/PROFILING_TOOL: data_proc_tool.cpp CheckDirs(55)::"/data/local/tmp/internvl_om_compare/dump_proc_log_capture is writable."
03-06 07:28:09.150 11962 11963 W C057C1/data_proc_tool_internal/IPCWorkThread: ThreadHandler: proto:0 policy:1 name:OS_IPC_0_11963 invoker:1442887808
03-06 07:28:09.150 11962 11964 W C057C1/data_proc_tool_internal/IPCWorkThread: ThreadHandler: proto:0 policy:0 name:OS_IPC_1_11964 invoker:3542713856
03-06 07:28:09.151  1176  1176 I C02154/hiaiserver/AI_FMK: process_manager.cpp Add(29)::"add the record of pid : 11962, uid : 0"
03-06 07:28:09.151 11962 11962 I C02154/data_proc_tool_internal/AI_FMK: rpc_request_client.cpp Init(146)::"init success"
03-06 07:28:09.151  1176  1176 I C02150/hiaiserver/AI_INFRA: ai_om_service.cpp GetServerFileList(65)::"AiOmService::GetServerFileList"
03-06 07:28:09.152 11962 11962 E A0FFFF/data_proc_tool_internal/PROFILING_TOOL: data_proc_tool.cpp DataProcToolProcess(243)::"Process data failed."
03-06 07:28:09.152  1176  1176 I C02154/hiaiserver/AI_FMK: rpc_request_stub.cpp ClientDied(198)::"pid[11962]."
03-06 07:28:09.152  1176  1176 I C02150/hiaiserver/AI_INFRA: ai_memory_manager.cpp FreeUsedMemoryById(250)::"FreeUsedMemoryById pid:11962"
03-06 07:28:09.152  1176  1176 W C02150/hiaiserver/AI_INFRA: ai_memory_manager.cpp FreeUsedMemoryById(260)::"pid[11962] already FreeUsedMemoryById"
03-06 07:28:09.152  1176  1176 I C02154/hiaiserver/AI_FMK: ai_security_service.cpp OnClientDie(169)::"AiSecurityService::OnClientDie pid[11962]"
03-06 07:28:09.152  1176  1176 I C02154/hiaiserver/AI_FMK: ai_security_service.cpp OnClientDie(173)::"OnClientDie, erase connection: 11962, size: 0."
03-06 07:28:09.152  1176  1176 I C02154/hiaiserver/AI_FMK: ai_security_service.cpp DeleteSecEngine(79)::"delete ai secengine enter."
03-06 07:28:09.152  1176  1176 E C02154/hiaiserver/AI_FMK: ai_security_service.cpp DeleteSecEngine(81)::"delete ai secengine ERROR: handle_ is Null"
03-06 07:28:09.152  1176  1176 E C02154/hiaiserver/AI_FMK: ai_security_service.cpp OnClientDie(177)::"delete security engine failed."
03-06 07:28:09.152  1176  1176 I C02155/hiaiserver/AiIgsServiceRpc: [IGS]OnClientDie(376): "OnClientDie pid[11962]"
03-06 07:28:09.152  1176  1176 I C02155/hiaiserver/LpEventManager: [IGS]UnregisterClient(63): "UnregisterClient pid:11962."
03-06 07:28:09.152  1176  1176 I C02155/hiaiserver/LpEventManager: [IGS]UnregisterClient(82): "UnregisterClient end:11962."
03-06 07:28:09.152  1176  1176 I C02155/hiaiserver/AiIgsModelServiceRpc: [IGS]OnClientDie(63): "AiIgsModelServiceRpc::OnClientDie pid[11962]"
03-06 07:28:09.152  1176  1176 W C02151/hiaiserver/AI_NPUCL: npu_graph_executor_service_manager.cc OnClientDie(79)::"pid : 11962, [npucl] on client die, release resource"
03-06 07:28:09.152  1176  1176 I C02150/hiaiserver/AI_INFRA: ai_om_service.cpp OnClientDied(129)::"AiOmService::OnClientDied 11962"
03-06 07:28:09.152  1176  1176 I C02154/hiaiserver/AI_FMK: process_manager.cpp Remove(43)::"clear the record of pid : 11962"
03-06 07:28:09.152 11962 11965 W C057C1/data_proc_tool_internal/IPCWorkThread: ThreadHandler: proto:0 policy:0 name:OS_IPC_2_11965 invoker:1442884608
03-06 07:28:09.153 11962 11962 I C02154/data_proc_tool_internal/AI_FMK: rpc_request_client.cpp ~RPCRequestClient(41)::"ClearService."
03-06 07:28:09.169 11962 11962 I C057C1/data_proc_tool_internal/ProcessSkeleton: NotifyChildThreadStop: waiting 3 child threads to exit
03-06 07:28:09.169 11962 11964 E C057C6/data_proc_tool_internal/BinderInvoker: TransactWithDriver: fail, result:-9 time:429151689375
03-06 07:28:09.169 11962 11964 E C057C6/data_proc_tool_internal/BinderInvoker: FlushCommands: died
03-06 07:28:09.169 11962 11964 I C057C1/data_proc_tool_internal/IPCWorkThread: ThreadHandler: exit, proto:0 policy:0 name:OS_IPC_1_11964 invoker:3542713856
03-06 07:28:09.169 11962 11965 E C057C6/data_proc_tool_internal/BinderInvoker: TransactWithDriver: fail, result:-9 time:429151754531
03-06 07:28:09.169 11962 11963 E C057C6/data_proc_tool_internal/BinderInvoker: FlushCommands: died
03-06 07:28:09.169 11962 11965 E C057C6/data_proc_tool_internal/BinderInvoker: FlushCommands: died
03-06 07:28:09.169 11962 11963 I C057C1/data_proc_tool_internal/IPCWorkThread: ThreadHandler: exit, proto:0 policy:1 name:OS_IPC_0_11963 invoker:1442887808
03-06 07:28:09.169 11962 11965 I C057C1/data_proc_tool_internal/IPCWorkThread: ThreadHandler: exit, proto:0 policy:0 name:OS_IPC_2_11965 invoker:1442884608
03-06 07:28:09.171 11962 11962 W C02160/data_proc_tool_internal/RUNTIME: ~DirectEngine:43 thread not start
03-06 07:28:10.093  1176  1773 W C02160/hiaiserver/RUNTIME: PrimaryContextRetain:286 Context incRef, count = 0x2
03-06 07:28:10.093  1176  1773 W C02160/hiaiserver/RUNTIME: PrimaryContextRelease:317 Context tryDecRef, count = 0x1, reset:0
03-06 07:28:10.632  1457  2211 W C02943/power_host/ThermalHdi: Read node failed, title = bright_in
03-06 07:28:10.632  1457  2211 W C02943/power_host/ThermalHdi: Read node failed, title = bright_out
03-06 07:28:11.109  1176  1773 W C02160/hiaiserver/RUNTIME: PrimaryContextRetain:286 Context incRef, count = 0x2
03-06 07:28:11.109  1176  1773 W C02160/hiaiserver/RUNTIME: PrimaryContextRelease:317 Context tryDecRef, count = 0x1, reset:0
03-06 07:28:11.611  1176  1775 W C02160/hiaiserver/TSCH: 07:28:11.607 15 350:low_power_ipc_msg: get ts suspend req
03-06 07:28:11.611  1176  1775 W C02160/hiaiserver/TSCH: 07:28:11.608 16 39:ts_counter_print: rcv_drv_mb:5 send_drv_mb:5
03-06 07:28:11.611  1176  1775 W C02160/hiaiserver/TSCH: 07:28:11.608 17 41:ts_counter_print: acpu_task_rcv:4 acpu_task_done:4
03-06 07:28:11.723  1176  1775 W C02160/hiaiserver/TSCH: 07:28:11.608 18 44:ts_counter_print: acpu_model_rcv:0 acpu_model_sched:0 acpu_model_done:0
03-06 07:28:11.723  1176  1775 W C02160/hiaiserver/TSCH: 07:28:11.608 19 46:ts_counter_print: smartisp_model_rcv:0 smartisp_model_done:0
03-06 07:28:11.723  1176  1775 W C02160/hiaiserver/TSCH: 07:28:11.608 20 49:ts_counter_print: hw_exp_irq_send:8 hw_exp_irq_compute_cq:4 hw_exp_irq_dfx_cq:0
03-06 07:28:11.723  1176  1775 W C02160/hiaiserver/TSCH: 07:28:11.608 21 50:ts_counter_print: hwts_sq_done:0
03-06 07:28:11.723  1176  1775 W C02160/hiaiserver/TSCH: 07:28:11.608 22 343:process_low_power_cmd: ts suspend!
03-06 07:28:11.723  1176  1775 E C02160/hiaiserver/TSCH: 07:28:11.608 23 165:device_enable: device status is not disable
03-06 07:28:11.723  1176  1775 E C02160/hiaiserver/TSCH: 07:28:11.609 24 165:device_enable: device status is not disable
03-06 07:28:12.111  1176  1773 W C02160/hiaiserver/RUNTIME: PrimaryContextRetain:286 Context incRef, count = 0x2
03-06 07:28:12.111  1176  1773 W C02160/hiaiserver/RUNTIME: PrimaryContextRelease:317 Context tryDecRef, count = 0x1, reset:0
03-06 07:28:12.666   733 11605 W C02D15/hiview/XPower: [task_138]#record top temp [wifiSignalLevel] failed, wifiSignalLevel is [-1]
03-06 07:28:13.122  1176  1773 W C02160/hiaiserver/RUNTIME: PrimaryContextRetain:286 Context incRef, count = 0x2
03-06 07:28:13.122  1176  1773 W C02160/hiaiserver/RUNTIME: PrimaryContextRelease:317 Context tryDecRef, count = 0x1, reset:0
03-06 07:28:14.127  1176  1773 W C02160/hiaiserver/RUNTIME: PrimaryContextRetain:286 Context incRef, count = 0x2
03-06 07:28:14.127  1176  1773 W C02160/hiaiserver/RUNTIME: PrimaryContextRelease:317 Context tryDecRef, count = 0x1, reset:0
