03-06 07:28:14.590  1321  1371 E C01650/foundation/SilentProxy: [a92ab4588e8ee8d 1a54283 0]IsSupportSilentFromService:GetRdbService failed, err is 27394049.
03-06 07:28:14.615  1321  1371 W C01337/foundation/EcologicalRule: [a92ab4588e8ee8d 1a54283 0][ERI248]failed,uid: 1201
03-06 07:28:14.652 11725 11725 W C02C11/com.huawei.hmos.hiviewx/APPSPAWN: errno:2 bind mount /system/app/ArkWebCoreLegacy to /mnt/sandbox/0/com.huawei.hmos.hiviewx/system/app/ArkWebCoreLegacy
03-06 07:28:14.657 11725 11725 W C02C11/com.huawei.hmos.hiviewx/APPSPAWN: errno:2 bind mount /mnt/hmdfs/0 to /mnt/sandbox/0/com.huawei.hmos.hiviewx/mnt/hmdfs/0
03-06 07:28:14.657 11725 11725 W C02C11/com.huawei.hmos.hiviewx/APPSPAWN: errno:2 bind mount /mnt/hmdfs/0/account/merge_view/data/com.huawei.hmos.hiviewx to /mnt/sandbox/0/com.huawei.hmos.hiviewx/data/storage/el2/distributedfiles
03-06 07:28:14.657 11725 11725 W C02C11/com.huawei.hmos.hiviewx/APPSPAWN: errno:2 bind mount /mnt/hmdfs/0/non_account/merge_view/data/ to /mnt/sandbox/0/com.huawei.hmos.hiviewx/data/storage/el2/auth_groups
03-06 07:28:14.658 11725 11725 W C02C11/com.huawei.hmos.hiviewx/APPSPAWN: errno:2 bind mount /data/app/el1/public/shader_cache/cloud/com.huawei.hmos.hiviewx to /mnt/sandbox/0/com.huawei.hmos.hiviewx/data/storage/shader_cache/cloud
03-06 07:28:14.658 11725 11725 W C02C11/com.huawei.hmos.hiviewx/APPSPAWN: check dir /data/app/el1/public/shader_cache/cloud/com.huawei.hmos.hiviewx failed,strerror:No such file or directory
03-06 07:28:14.658 11725 11725 W C02C11/com.huawei.hmos.hiviewx/APPSPAWN: errno:2 bind mount /mnt/share/0/com.huawei.hmos.hiviewx to /mnt/sandbox/0/com.huawei.hmos.hiviewx/data/storage/el2/share
03-06 07:28:14.661 11725 11725 W C02C11/com.huawei.hmos.hiviewx/APPSPAWN: errno:2 bind mount /mnt/data/0/media_fuse to /mnt/sandbox/0/com.huawei.hmos.hiviewx/data/storage/el2/media
03-06 07:28:14.662 11725 11725 W C02C11/com.huawei.hmos.hiviewx/APPSPAWN: errno:13 private mount to /mnt/sandbox/0/com.huawei.hmos.hiviewx/chip_prod/lib64/passthrough '524288' failed
03-06 07:28:14.665 11725 11725 W C02C11/com.huawei.hmos.hiviewx/APPSPAWN: errno:2 bind mount /data/app/el1/bundle/public/com.huawei.hmos.arkwebcorelegacy to /mnt/sandbox/0/com.huawei.hmos.hiviewx/data/storage/el1/bundle/arkwebcorelegacy
03-06 07:28:14.665 11725 11725 W C02C11/com.huawei.hmos.hiviewx/APPSPAWN: check dir /data/app/el1/bundle/public/com.huawei.hmos.arkwebcorelegacy failed,strerror:No such file or directory
03-06 07:28:14.667 11725 11725 W C02C11/com.huawei.hmos.hiviewx/APPSPAWN: check dir /data/app/el1/public/aot_compiler/ark_cache/com.huawei.hmos.hiviewx failed,strerror:No such file or directory
03-06 07:28:14.669 11725 11725 W C02C11/com.huawei.hmos.hiviewx/APPSPAWN: errno:2 bind mount /mnt/user/0/sharefs/docs to /mnt/sandbox/0/com.huawei.hmos.hiviewx/storage/Users
03-06 07:28:14.670 11725 11725 W C02C11/com.huawei.hmos.hiviewx/APPSPAWN: errno:2 bind mount /mnt/data/0/userExternal to /mnt/sandbox/0/com.huawei.hmos.hiviewx/mnt/storage/userExternal
03-06 07:28:14.671 11725 11725 W C02C11/com.huawei.hmos.hiviewx/APPSPAWN: errno:2 bind mount /mnt/data/0/hmdfs to /mnt/sandbox/0/com.huawei.hmos.hiviewx/mnt/storage/hmdfs
03-06 07:28:14.672 11725 11725 W C02C11/com.huawei.hmos.hiviewx/APPSPAWN: errno:2 bind mount /data/preload/app to /mnt/sandbox/0/com.huawei.hmos.hiviewx/data/preload/app
03-06 07:28:14.679 11725 11725 W C02C11/com.huawei.hmos.hiviewx/APPSPAWN: errno:13 private mount to /mnt/sandbox/0/com.huawei.hmos.hiviewx/data/log/UserView '524288' failed
03-06 07:28:14.681 11725 11725 W C02C11/com.huawei.hmos.hiviewx/APPSPAWN: errno:2 bind mount /data/virt_service/rgm_hmos/anco_hmos_data/log/LogService/uploading to /mnt/sandbox/0/com.huawei.hmos.hiviewx/data/virt_service/rgm_hmos/anco_hmos_data/log/LogService/uploading
03-06 07:28:14.681 11725 11725 W C02C11/com.huawei.hmos.hiviewx/APPSPAWN: errno:2 bind mount /data/virt_service/rgm_hmos/anco_hmos_log/LogService to /mnt/sandbox/0/com.huawei.hmos.hiviewx/data/virt_service/rgm_hmos/anco_hmos_log/LogService
03-06 07:28:14.683 11725 11725 E C05A06/com.huawei.hmos.hiviewx/CODE_SIGN: [XpmIoctl]:Ioctl cmd 40407808 failed: Invalid argument (ignore)
03-06 07:28:14.683 11725 11725 E C05A06/com.huawei.hmos.hiviewx/CODE_SIGN: [XpmIoctl]:Ioctl cmd 40087803 failed: Invalid argument (ignore)
03-06 07:28:14.721  1321  1321 E C01650/foundation/SilentProxy: IsSupportSilentFromService:GetRdbService failed, err is 27394049.
03-06 07:28:14.723  1321  6357 E C01650/foundation/SilentProxy: [a92ab4588e8ee8d 3d2d6ac 3b8e929]IsSupportSilentFromService:GetRdbService failed, err is 27394049.
03-06 07:28:14.760 11725 12027 W C01653/com.huawei.hmos.hiviewx/NativePreferences: LoadFromDisk: The settingXml /***/el1/***/i18*** load failed.
03-06 07:28:14.861 11725 12041 E C01650/com.huawei.hmos.hiviewx/SilentProxy: IsSupportSilentFromService:GetRdbService failed, err is 27394049.
03-06 07:28:14.880   733  3431 W C02D10/hiview/HiViewSA: GetFileInfoUnderDir: open dir failed.
03-06 07:28:14.908 11725 11725 E C01651/com.huawei.hmos.hiviewx/data_share_manager_impl: RegisterClientDeathObserver: RegisterClientDeathObserver failed, bundleName is com.huawei.hmos.hiviewx
03-06 07:28:14.908 11725 11725 E C01651/com.huawei.hmos.hiviewx/data_share_manager_impl: GetDataShareServiceProxy: RegisterClientDeathObserver failed
03-06 07:28:14.909  1978  1978 I C01610/distributeddata/KvStoreDataService: operator(): bundle:com.huawei.hmos.hiviewx, feature:data_share, uid:20008, pid:11725, inserted:failed.
03-06 07:28:14.910 11725 11994 E C01651/com.huawei.hmos.hiviewx/data_share_manager_impl: RegisterClientDeathObserver: RegisterClientDeathObserver failed, bundleName is com.huawei.hmos.hiviewx
03-06 07:28:14.910 11725 11994 E C01651/com.huawei.hmos.hiviewx/data_share_manager_impl: GetDataShareServiceProxy: RegisterClientDeathObserver failed
03-06 07:28:15.189  1176  1773 W C02160/hiaiserver/RUNTIME: PrimaryContextRetain:286 Context incRef, count = 0x2
03-06 07:28:15.190  1176  1773 W C02160/hiaiserver/RUNTIME: PrimaryContextRelease:317 Context tryDecRef, count = 0x1, reset:0
03-06 07:28:15.212 12061 12061 W C02C02/PARAM: Selinux check name persist.ark.enableidlegc in u:object_r:arkcompiler_param:s0 [12061 7999 7999] failed
03-06 07:28:15.212 12061 12061 W C02C02/PARAM: SystemReadParam failed!name is:persist.ark.enableidlegc,err:1002
03-06 07:28:15.212 12061 12061 W C02C02/PARAM: Selinux check name persist.ark.deferfreeze in u:object_r:arkcompiler_param:s0 [12061 7999 7999] failed
03-06 07:28:15.212 12061 12061 W C02C02/PARAM: SystemReadParam failed!name is:persist.ark.deferfreeze,err:1002
03-06 07:28:15.244  1384 12082 W C05300/push_manager_service/push70000027: [a92ab1588f02c6b 0 0]Get default net caps failed: 2101013
03-06 07:28:15.254  1384 12085 I C05300/push_manager_service/push70000027: [a92ab1588f02c6b 0 0]Apply token failed, rsp is -1
03-06 07:28:15.255  1384 12087 W C05300/push_manager_service/push70000027: [a92ab1588f02c6b 0 0]Get default net caps failed: 2101013
03-06 07:28:15.260 11725 11725 E A0FF00/com.huawei.hmos.hiviewx/[HiViewX]: [a92ab1588f02c6b 0 0]PushServiceManager, get push token failed, code: 1000900011, message: The network is unavailable.
03-06 07:28:15.263 11725 11725 W C02C02/PARAM: Selinux check name ro.patchversion in u:object_r:ro_patchversion_param:s0 [735 0 0] failed
03-06 07:28:15.263 11725 11725 W C02C02/PARAM: SystemReadParam failed!name is:ro.patchversion,err:1002
03-06 07:28:15.267  1384 12089 E C05300/push_manager_service/push70000027: [a92ab1588f02c6b 0 0]get statementVal failed : query oobe setting fail: go to first row error: error(1000900001)
03-06 07:28:15.267  1384 12089 W C05300/push_manager_service/push70000027: [a92ab1588f02c6b 0 0]Query basic_statement_agreed failed, after 50ms will retry
03-06 07:28:15.319 11725 12035 W C02C02/PARAM: Selinux check name ro.patchversion in u:object_r:ro_patchversion_param:s0 [735 0 0] failed
03-06 07:28:15.319 11725 12035 W C02C02/PARAM: SystemReadParam failed!name is:ro.patchversion,err:1002
03-06 07:28:15.327  1384 12089 E C05300/push_manager_service/push70000027: [a92ab1588f02c6b 0 0]get statementVal failed : query oobe setting fail: go to first row error: error(1000900001)
03-06 07:28:15.327  1384 12089 W C05300/push_manager_service/push70000027: [a92ab1588f02c6b 0 0]Query basic_statement_agreed failed, after 50ms will retry
03-06 07:28:15.384  1384 12089 E C05300/push_manager_service/push70000027: [a92ab1588f02c6b 0 0]get statementVal failed : query oobe setting fail: go to first row error: error(1000900001)
03-06 07:28:15.384  1384 12089 W C05300/push_manager_service/push70000027: [a92ab1588f02c6b 0 0]Query basic_statement_agreed failed, after 50ms will retry
03-06 07:28:15.395 11725 12052 I C05302/com.huawei.hmos.hiviewx/histogramStatisticsRecorder: RegisterHistogram: errno = 11, error = Resource temporarily unavailable
03-06 07:28:15.437 11725 11725 I A0FF00/com.huawei.hmos.hiviewx/[HiViewX]: GetFileListTask, getFileListTask dir: failed
03-06 07:28:15.446  1384 12089 E C05300/push_manager_service/push70000027: [a92ab1588f02c6b 0 0]get statementVal failed : query oobe setting fail: go to first row error: error(1000900001)
03-06 07:28:15.446  1384 12089 W C05300/push_manager_service/push70000027: [a92ab1588f02c6b 0 0]Get haConfigOption failed: biUrl is empty
03-06 07:28:15.531 11725 11725 I A0FF00/com.huawei.hmos.hiviewx/[HiViewX]: GetFileListTask, getFileListTask dir: failed
03-06 07:28:15.686 11725 11725 I A0FF00/com.huawei.hmos.hiviewx/[HiViewX]: GetFileListTask, getFileListTask dir: failed
03-06 07:28:15.691  1457  2211 W C02943/power_host/ThermalHdi: Read node failed, title = bright_in
03-06 07:28:15.691  1457  2211 W C02943/power_host/ThermalHdi: Read node failed, title = bright_out
03-06 07:28:15.842 11725 11725 I A0FF00/com.huawei.hmos.hiviewx/[HiViewX]: GetFileListTask, getFileListTask dir: failed
03-06 07:28:16.131 11725 11725 I A0FF00/com.huawei.hmos.hiviewx/[HiViewX]: GetFileListTask, getFileListTask dir: failed
03-06 07:28:16.146 11725 11725 I C05302/com.huawei.hmos.hiviewx/histogramStatisticsRecorder: RegisterHistogram: errno = 0, error = No error information
03-06 07:28:16.190  1176  1773 W C02160/hiaiserver/RUNTIME: PrimaryContextRetain:286 Context incRef, count = 0x2
03-06 07:28:16.190  1176  1773 W C02160/hiaiserver/RUNTIME: PrimaryContextRelease:317 Context tryDecRef, count = 0x1, reset:0
03-06 07:28:16.196 11725 11725 W C02D08/com.huawei.hmos.hiviewx/NAPI_HISYSEVENT_ADAPTER: failed to parse js function line number.
03-06 07:28:16.212  1382  1382 I C02220/msdp/SocketSessionManager: in DumpSession, i:0, session:fd = 60, opened, pid = 3809, tokenType = 0
03-06 07:28:17.257  1176  1773 W C02160/hiaiserver/RUNTIME: PrimaryContextRetain:286 Context incRef, count = 0x2
03-06 07:28:17.257  1176  1773 W C02160/hiaiserver/RUNTIME: PrimaryContextRelease:317 Context tryDecRef, count = 0x1, reset:0
03-06 07:28:18.258  1176  1773 W C02160/hiaiserver/RUNTIME: PrimaryContextRetain:286 Context incRef, count = 0x2
03-06 07:28:18.258  1176  1773 W C02160/hiaiserver/RUNTIME: PrimaryContextRelease:317 Context tryDecRef, count = 0x1, reset:0
03-06 07:28:19.260  1176  1773 W C02160/hiaiserver/RUNTIME: PrimaryContextRetain:286 Context incRef, count = 0x2
03-06 07:28:19.261  1176  1773 W C02160/hiaiserver/RUNTIME: PrimaryContextRelease:317 Context tryDecRef, count = 0x1, reset:0
03-06 07:28:20.267  1176  1773 W C02160/hiaiserver/RUNTIME: PrimaryContextRetain:286 Context incRef, count = 0x2
03-06 07:28:20.268  1176  1773 W C02160/hiaiserver/RUNTIME: PrimaryContextRelease:317 Context tryDecRef, count = 0x1, reset:0
03-06 07:28:20.723  1457  2211 W C02943/power_host/ThermalHdi: Read node failed, title = bright_in
03-06 07:28:20.723  1457  2211 W C02943/power_host/ThermalHdi: Read node failed, title = bright_out
03-06 07:28:20.788  1321  6357 W C01336/foundation/AMS: [crowd_test_interceptor.cpp88]GetAppInfo failed
03-06 07:28:20.788 12159 12167 E C01651/media_analysis_service/data_share_manager_impl: RegisterClientDeathObserver: RegisterClientDeathObserver failed, bundleName is media_analysis_service
03-06 07:28:20.788 12159 12167 E C01651/media_analysis_service/data_share_manager_impl: GetDataShareServiceProxy: RegisterClientDeathObserver failed
03-06 07:28:20.794  1321  6357 W C01337/foundation/EcologicalRule: [ERI248]failed,uid: 7102
03-06 07:28:20.907 12159 12187 E C02B75/media_analysis_service/MediaCV: [IsExistCCMFile] Get CCM operation condition json from etc/multimedia/media_analysis_service_runing_config.json failed.
03-06 07:28:20.908 12159 12187 E C02B75/media_analysis_service/MediaCV: [IsExistCCMFile] Get CCM path file failed
03-06 07:28:20.908 12159 12187 E C02B75/media_analysis_service/MediaCV: [IsExistCCMFile] Get CCM operation condition json from etc/multimedia/media_analysis_service_runing_config.json failed.
03-06 07:28:20.909 12159 12187 E C02B75/media_analysis_service/MediaCV: [IsExistCCMFile] Get CCM path file failed
03-06 07:28:20.910 12159 12187 E C02B75/media_analysis_service/MediaCV: [IsExistCCMFile] Get CCM operation condition json from etc/multimedia/media_analysis_service_runing_config.json failed.
03-06 07:28:20.911 12159 12187 E C02B75/media_analysis_service/MediaCV: [IsExistCCMFile] Get CCM path file failed
03-06 07:28:20.912 12159 12187 E C02B75/media_analysis_service/MediaCV: [IsExistCCMFile] Get CCM operation condition json from etc/multimedia/media_analysis_service_runing_config.json failed.
03-06 07:28:20.913 12159 12187 E C02B75/media_analysis_service/MediaCV: [IsExistCCMFile] Get CCM path file failed
03-06 07:28:20.913 12159 12187 E C02B75/media_analysis_service/MediaCV: [IsExistCCMFile] Get CCM operation condition json from etc/multimedia/media_analysis_service_runing_config.json failed.
03-06 07:28:20.914 12159 12187 E C02B75/media_analysis_service/MediaCV: [IsExistCCMFile] Get CCM path file failed
03-06 07:28:20.915 12159 12187 E C02B75/media_analysis_service/MediaCV: [IsExistCCMFile] Get CCM operation condition json from etc/multimedia/media_analysis_service_runing_config.json failed.
03-06 07:28:20.916 12159 12187 E C02B75/media_analysis_service/MediaCV: [IsExistCCMFile] Get CCM path file failed
03-06 07:28:20.916 12159 12187 E C02B75/media_analysis_service/MediaCV: [IsExistCCMFile] Get CCM operation condition json from etc/multimedia/media_analysis_service_runing_config.json failed.
03-06 07:28:20.919 12159 12187 E C02B75/media_analysis_service/MediaCV: [IsExistCCMFile] Get CCM path file failed
03-06 07:28:20.919 12159 12187 E C02B75/media_analysis_service/MediaCV: [IsExistCCMFile] Get CCM operation condition json from etc/multimedia/media_analysis_service_runing_config.json failed.
03-06 07:28:20.920 12159 12187 E C02B75/media_analysis_service/MediaCV: [IsExistCCMFile] Get CCM path file failed
03-06 07:28:20.920 12159 12187 E C02B75/media_analysis_service/MediaCV: [IsExistCCMFile] Get CCM operation condition json from etc/multimedia/media_analysis_service_runing_config.json failed.
03-06 07:28:20.921 12159 12187 E C02B75/media_analysis_service/MediaCV: [IsExistCCMFile] Get CCM path file failed
03-06 07:28:20.921 12159 12187 E C02B75/media_analysis_service/MediaCV: [IsExistCCMFile] Get CCM operation condition json from etc/multimedia/media_analysis_service_runing_config.json failed.
03-06 07:28:20.922 12159 12187 E C02B75/media_analysis_service/MediaCV: [IsExistCCMFile] Get CCM path file failed
03-06 07:28:20.922 12159 12187 W C02B75/media_analysis_service/MediaCV: [GetAnalysisConfigs] GetAnalysisConfig failed
03-06 07:28:21.270  1176  1773 W C02160/hiaiserver/RUNTIME: PrimaryContextRetain:286 Context incRef, count = 0x2
03-06 07:28:21.270  1176  1773 W C02160/hiaiserver/RUNTIME: PrimaryContextRelease:317 Context tryDecRef, count = 0x1, reset:0
03-06 07:28:22.276  1176  1773 W C02160/hiaiserver/RUNTIME: PrimaryContextRetain:286 Context incRef, count = 0x2
03-06 07:28:22.276  1176  1773 W C02160/hiaiserver/RUNTIME: PrimaryContextRelease:317 Context tryDecRef, count = 0x1, reset:0
03-06 07:28:22.669   733 11801 W C02D15/hiview/XPower: [task_138]#record top temp [wifiSignalLevel] failed, wifiSignalLevel is [-1]
03-06 07:28:23.282  1176  1773 W C02160/hiaiserver/RUNTIME: PrimaryContextRetain:286 Context incRef, count = 0x2
03-06 07:28:23.283  1176  1773 W C02160/hiaiserver/RUNTIME: PrimaryContextRelease:317 Context tryDecRef, count = 0x1, reset:0
03-06 07:28:24.326  1176  1773 W C02160/hiaiserver/RUNTIME: PrimaryContextRetain:286 Context incRef, count = 0x2
03-06 07:28:24.326  1176  1773 W C02160/hiaiserver/RUNTIME: PrimaryContextRelease:317 Context tryDecRef, count = 0x1, reset:0
03-06 07:28:25.385  1176  1773 W C02160/hiaiserver/RUNTIME: PrimaryContextRetain:286 Context incRef, count = 0x2
03-06 07:28:25.385  1176  1773 W C02160/hiaiserver/RUNTIME: PrimaryContextRelease:317 Context tryDecRef, count = 0x1, reset:0
03-06 07:28:25.785  1457  2211 W C02943/power_host/ThermalHdi: Read node failed, title = bright_in
03-06 07:28:25.785  1457  2211 W C02943/power_host/ThermalHdi: Read node failed, title = bright_out
03-06 07:28:26.385  1176  1773 W C02160/hiaiserver/RUNTIME: PrimaryContextRetain:286 Context incRef, count = 0x2
03-06 07:28:26.386  1176  1773 W C02160/hiaiserver/RUNTIME: PrimaryContextRelease:317 Context tryDecRef, count = 0x1, reset:0
03-06 07:28:27.387  1176  1773 W C02160/hiaiserver/RUNTIME: PrimaryContextRetain:286 Context incRef, count = 0x2
03-06 07:28:27.388  1176  1773 W C02160/hiaiserver/RUNTIME: PrimaryContextRelease:317 Context tryDecRef, count = 0x1, reset:0
03-06 07:28:28.389  1176  1773 W C02160/hiaiserver/RUNTIME: PrimaryContextRetain:286 Context incRef, count = 0x2
03-06 07:28:28.389  1176  1773 W C02160/hiaiserver/RUNTIME: PrimaryContextRelease:317 Context tryDecRef, count = 0x1, reset:0
03-06 07:28:29.390  1176  1773 W C02160/hiaiserver/RUNTIME: PrimaryContextRetain:286 Context incRef, count = 0x2
03-06 07:28:29.390  1176  1773 W C02160/hiaiserver/RUNTIME: PrimaryContextRelease:317 Context tryDecRef, count = 0x1, reset:0
03-06 07:28:30.392  1176  1773 W C02160/hiaiserver/RUNTIME: PrimaryContextRetain:286 Context incRef, count = 0x2
03-06 07:28:30.392  1176  1773 W C02160/hiaiserver/RUNTIME: PrimaryContextRelease:317 Context tryDecRef, count = 0x1, reset:0
03-06 07:28:30.851  1457  2211 W C02943/power_host/ThermalHdi: Read node failed, title = bright_in
03-06 07:28:30.851  1457  2211 W C02943/power_host/ThermalHdi: Read node failed, title = bright_out
03-06 07:28:31.393  1176  1773 W C02160/hiaiserver/RUNTIME: PrimaryContextRetain:286 Context incRef, count = 0x2
03-06 07:28:31.393  1176  1773 W C02160/hiaiserver/RUNTIME: PrimaryContextRelease:317 Context tryDecRef, count = 0x1, reset:0
03-06 07:28:32.394  1176  1773 W C02160/hiaiserver/RUNTIME: PrimaryContextRetain:286 Context incRef, count = 0x2
03-06 07:28:32.394  1176  1773 W C02160/hiaiserver/RUNTIME: PrimaryContextRelease:317 Context tryDecRef, count = 0x1, reset:0
03-06 07:28:32.665   733 11606 W C02D15/hiview/XPower: [task_138]#record top temp [wifiSignalLevel] failed, wifiSignalLevel is [-1]
03-06 07:28:33.415  1176  1773 W C02160/hiaiserver/RUNTIME: PrimaryContextRetain:286 Context incRef, count = 0x2
03-06 07:28:33.416  1176  1773 W C02160/hiaiserver/RUNTIME: PrimaryContextRelease:317 Context tryDecRef, count = 0x1, reset:0
03-06 07:28:33.656   733 11258 W C02D15/hiview/XPower: [task_138]#record top temp [wifiSignalLevel] failed, wifiSignalLevel is [-1]
03-06 07:28:34.419  1176  1773 W C02160/hiaiserver/RUNTIME: PrimaryContextRetain:286 Context incRef, count = 0x2
03-06 07:28:34.419  1176  1773 W C02160/hiaiserver/RUNTIME: PrimaryContextRelease:317 Context tryDecRef, count = 0x1, reset:0
03-06 07:28:35.428  1176  1773 W C02160/hiaiserver/RUNTIME: PrimaryContextRetain:286 Context incRef, count = 0x2
03-06 07:28:35.428  1176  1773 W C02160/hiaiserver/RUNTIME: PrimaryContextRelease:317 Context tryDecRef, count = 0x1, reset:0
03-06 07:28:35.943  1457  2211 W C02943/power_host/ThermalHdi: Read node failed, title = bright_in
03-06 07:28:35.943  1457  2211 W C02943/power_host/ThermalHdi: Read node failed, title = bright_out
03-06 07:28:36.439  1176  1773 W C02160/hiaiserver/RUNTIME: PrimaryContextRetain:286 Context incRef, count = 0x2
03-06 07:28:36.440  1176  1773 W C02160/hiaiserver/RUNTIME: PrimaryContextRelease:317 Context tryDecRef, count = 0x1, reset:0
03-06 07:28:37.443  1176  1773 W C02160/hiaiserver/RUNTIME: PrimaryContextRetain:286 Context incRef, count = 0x2
03-06 07:28:37.443  1176  1773 W C02160/hiaiserver/RUNTIME: PrimaryContextRelease:317 Context tryDecRef, count = 0x1, reset:0
03-06 07:28:38.444  1176  1773 W C02160/hiaiserver/RUNTIME: PrimaryContextRetain:286 Context incRef, count = 0x2
03-06 07:28:38.445  1176  1773 W C02160/hiaiserver/RUNTIME: PrimaryContextRelease:317 Context tryDecRef, count = 0x1, reset:0
03-06 07:28:38.966  2509  2702 I C02D13/hdcd/HDC_LOG: [async_cmd.cpp:251] ExecuteCommand cmd:hilog -x | grep -E 'model_run_tool_internal|data_proc_tool_internal|hiaiserver|Dump|dump|Run model failed|Model Process|ERROR|failed|status:1|FileDescriptor|errno|RUNTIME|AI_NPUCL|AI_FMK|PROFILING_TOOL|split_internvit|dmabuf|leak' fd:49 pid:12248
03-06 07:28:38.992  2509  2702 I C02D13/hdcd/HDC_LOG: [async_cmd.cpp:251] ExecuteCommand cmd:find /data/log /data/storage/el2/log /data/log/faultlog /data/log/faultlog/temp -maxdepth 3 -type f 2>/dev/null | grep -E 34117|11651|model_run|hiaiserver|leak|fault|cppcrash|jscrash|appfreeze|sysfreeze|dump | head -200 fd:54 pid:12250
03-06 07:28:39.086 12259 12259 I C02150/hiaiserver/AI_INFRA: rpc_handler_manager.cpp RegisterHandler(48)::"register handler name:StatsFileService, moduleID:20 success"
03-06 07:28:39.087 12259 12259 I C02150/hiaiserver/AI_INFRA: om.cpp HandlePendingEvents(249)::"events: 0, listeners: 1, 0"
03-06 07:28:39.103 12259 12259 I C02170/hiaiserver/AI_DDK_MSG: ai_tensor.cpp RegisterTensor(132)::"Tensor register success! type is :AISimpleTensor. "
03-06 07:28:39.103 12259 12259 I C02170/hiaiserver/AI_DDK_MSG: ai_tensor.cpp RegisterTensor(132)::"Tensor register success! type is :AINeuralNetworkBuffer. "
03-06 07:28:39.103 12259 12259 I C02170/hiaiserver/AI_DDK_MSG: ai_tensor.cpp RegisterTensor(132)::"Tensor register success! type is :AIImageBuffer. "
03-06 07:28:39.104 12259 12259 I C02150/hiaiserver/AI_INFRA: anonymous_allocator_service.cpp AnonymousAllocatorService(28)::"AnonymousAllocatorService constrct moduleID:1"
03-06 07:28:39.104 12259 12259 I C02150/hiaiserver/AI_INFRA: rpc_handler_manager.cpp RegisterHandler(48)::"register handler name:AnonymousAllocator, moduleID:1 success"
03-06 07:28:39.104 12259 12259 I C02150/hiaiserver/AI_INFRA: ion_allocator_service.cpp IonAllocatorService(34)::"IonAllocatorService constrct moduleID:2"
03-06 07:28:39.104 12259 12259 I C02150/hiaiserver/AI_INFRA: rpc_handler_manager.cpp RegisterHandler(48)::"register handler name:IonAllocator, moduleID:2 success"
03-06 07:28:39.104 12259 12259 I C02150/hiaiserver/AI_INFRA: ai_om_service.cpp AiOmService(20)::"AiOmService constructor"
03-06 07:28:39.104 12259 12259 I C02150/hiaiserver/AI_INFRA: ai_maintaince_service.cpp AiMaintainceService(193)::"AiMaintainceService constrct moduleID:201"
03-06 07:28:39.104 12259 12259 I C02150/hiaiserver/AI_INFRA: rpc_handler_manager.cpp RegisterHandler(48)::"register handler name:AiMaintaince, moduleID:201 success"
03-06 07:28:39.104 12259 12259 I C02154/hiaiserver/AI_FMK: hcl_model_loader_service.cpp HCLModelLoaderService(120)::"HCLModelLoaderService constrct moduleID:8"
03-06 07:28:39.104 12259 12259 I C02150/hiaiserver/AI_INFRA: rpc_handler_manager.cpp RegisterHandler(48)::"register handler name:ModelWeight, moduleID:8 success"
03-06 07:28:39.107 12259 12259 I C02154/hiaiserver/AI_FMK: ai_service_hdi.cpp AIServiceHDI(125)::"constrct moduleID:105"
03-06 07:28:39.107 12259 12259 I C02150/hiaiserver/AI_INFRA: rpc_handler_manager.cpp RegisterHandler(48)::"register handler name:CVEngineServer, moduleID:105 success"
03-06 07:28:39.107 12259 12259 I C02170/hiaiserver/AI_DDK_MSG: ai_tensor.cpp RegisterTensor(132)::"Tensor register success! type is :AINeuralNetworkIonBuffer. "
03-06 07:28:39.107 12259 12259 I C02154/hiaiserver/AI_FMK: ai_neuralnetwork_ion_buffer.h RegisterFunc(110)::"Tensor Serializer register success! type is :AINeuralNetworkIonBuffer."
03-06 07:28:39.107 12259 12259 I C02154/hiaiserver/AI_FMK: aiserver_main.cpp main(64)::"service process firing up"
03-06 07:28:39.107 12259 12259 I C02154/hiaiserver/AI_FMK: ai_crypto_service.cpp CreateCryptoEngine(32)::"create ai cryptoengine Enter."
03-06 07:28:39.108 12259 12269 W C057C1/hiaiserver/IPCWorkThread: ThreadHandler: proto:0 policy:1 name:OS_IPC_0_12269 invoker:417381760
03-06 07:28:39.108 12259 12259 W C03F07/MUSL-LDSO: Error loading header libteec_vendor.so: failed to map header
03-06 07:28:39.108 12259 12259 W C03F07/MUSL-LDSO: dlopen_impl load library header failed for libteec_vendor.so caller namespace : default
03-06 07:28:39.108 12259 12259 I C02154/hiaiserver/AI_FMK: teec_adapter.cpp OpenSymbol(46)::"Need to dlopen libteec_vendor."
03-06 07:28:39.108 12259 12270 W C057C1/hiaiserver/IPCWorkThread: ThreadHandler: proto:0 policy:0 name:OS_IPC_1_12270 invoker:2500477568
03-06 07:28:39.117 12259 12259 E C05B00/hiaiserver/libteec_vendor: open session failed(14), code=0xffff0001, origin=4
03-06 07:28:39.117 12259 12259 I C05B00/hiaiserver/libteec_vendor: upload hisysevent succ: type <private> code <private> origin <private>
03-06 07:28:39.117 12259 12259 E C02154/hiaiserver/AI_FMK: teec_adapter.cpp OpenSession(163)::"Open session failed: result:-65535 orgin: 4."
03-06 07:28:39.117 12259 12259 I C02154/hiaiserver/AI_FMK: teec_adapter.cpp Deinit(137)::"CloseSymbol succ."
03-06 07:28:39.117 12259 12259 E C02154/hiaiserver/AI_FMK: aicp_model_crypto.cpp Init(74)::"Open session failed, ret is : -65535."
03-06 07:28:39.117 12259 12259 E C02154/hiaiserver/AI_FMK: ai_crypto_service.cpp CreateCryptoEngine(58)::"ai agent service init failed."
03-06 07:28:39.117 12259 12259 I C02154/hiaiserver/AI_FMK: hiai_rpc_service.cpp Init(75)::"init rpc service"
03-06 07:28:39.118 12259 12259 E C057C2/hiaiserver/IPCObjectProxy: PrintErrorDetailedInfo: failed, handle:0 error:1 desc:*.accessToken proxy:2500266112 time:459100035625
03-06 07:28:39.118 12259 12259 E C01810/hiaiserver/SA_CLIENT: AddSystemAbility SA invalid error:1!
03-06 07:28:39.118 12259 12259 E C02154/hiaiserver/AI_FMK: rpc_request_service.cpp StartRpcRequestServiceBySaid(38)::"register ability fail!"
03-06 07:28:39.118 12259 12259 E C02154/hiaiserver/AI_FMK: hiai_service_manager.cpp Init(29)::"failed to register hiaiserver_rpc service"
03-06 07:28:39.118 12259 12259 I C02154/hiaiserver/AI_FMK: hiai_rpc_service.cpp Deinit(104)::"deinit rpc service"
03-06 07:28:39.118 12259 12259 W C02154/hiaiserver/AI_FMK: rpc_request_service.cpp StopRpcRequestServiceBySaid(59)::"rpc request service not run!"
03-06 07:28:39.118 12259 12259 E C02154/hiaiserver/AI_FMK: aiserver_main.cpp main(73)::"service init failed."
03-06 07:28:39.118 12259 12259 I C02170/hiaiserver/AI_DDK_MSG: ai_tensor.cpp UnRegisterTensor(150)::"unregister tensor[AINeuralNetworkIonBuffer] function success! "
03-06 07:28:39.118 12259 12259 I C02170/hiaiserver/AI_DDK_MSG: ai_tensor.cpp UnRegisterTensor(155)::"unregister tensor[AINeuralNetworkIonBuffer] description success! "
03-06 07:28:39.118 12259 12259 I C02154/hiaiserver/AI_FMK: ai_nn_node.cpp UnRegisterNNNode(97)::"unregister nnnode[AIEngineFaceStoryV2] function success! "
03-06 07:28:39.118 12259 12259 I C02154/hiaiserver/AI_FMK: ai_nn_node.cpp UnRegisterNNNode(102)::"unregister nnnode[AIEngineFaceStoryV2] description success! "
03-06 07:28:39.118 12259 12259 I C02154/hiaiserver/AI_FMK: ai_nn_node.cpp UnRegisterNNNode(97)::"unregister nnnode[AIEngineIntentDetectionLayoutAnalysis] function success! "
03-06 07:28:39.118 12259 12259 I C02154/hiaiserver/AI_FMK: ai_nn_node.cpp UnRegisterNNNode(102)::"unregister nnnode[AIEngineIntentDetectionLayoutAnalysis] description success! "
03-06 07:28:39.118 12259 12259 I C02154/hiaiserver/AI_FMK: ai_nn_node.cpp UnRegisterNNNode(97)::"unregister nnnode[AIEngineIntentDetectionVideo] function success! "
03-06 07:28:39.118 12259 12259 I C02154/hiaiserver/AI_FMK: ai_nn_node.cpp UnRegisterNNNode(102)::"unregister nnnode[AIEngineIntentDetectionVideo] description success! "
03-06 07:28:39.118 12259 12259 I C02154/hiaiserver/AI_FMK: ai_nn_node.cpp UnRegisterNNNode(97)::"unregister nnnode[AIEngineIntentDetectionOcrRecog] function success! "
03-06 07:28:39.118 12259 12259 I C02154/hiaiserver/AI_FMK: ai_nn_node.cpp UnRegisterNNNode(102)::"unregister nnnode[AIEngineIntentDetectionOcrRecog] description success! "
03-06 07:28:39.118 12259 12259 I C02154/hiaiserver/AI_FMK: ai_nn_node.cpp UnRegisterNNNode(97)::"unregister nnnode[AIEngineIntentDetectionOcrDet] function success! "
03-06 07:28:39.118 12259 12259 I C02154/hiaiserver/AI_FMK: ai_nn_node.cpp UnRegisterNNNode(102)::"unregister nnnode[AIEngineIntentDetectionOcrDet] description success! "
03-06 07:28:39.118 12259 12259 I C02154/hiaiserver/AI_FMK: ai_nn_node.cpp UnRegisterNNNode(97)::"unregister nnnode[AIEngineIntentDetectionImg] function success! "
03-06 07:28:39.118 12259 12259 I C02154/hiaiserver/AI_FMK: ai_nn_node.cpp UnRegisterNNNode(102)::"unregister nnnode[AIEngineIntentDetectionImg] description success! "
03-06 07:28:39.118 12259 12259 I C02154/hiaiserver/AI_FMK: ai_nn_node.cpp UnRegisterNNNode(97)::"unregister nnnode[AIEngineSceneRecognitionV2] function success! "
03-06 07:28:39.118 12259 12259 I C02154/hiaiserver/AI_FMK: ai_nn_node.cpp UnRegisterNNNode(102)::"unregister nnnode[AIEngineSceneRecognitionV2] description success! "
03-06 07:28:39.118 12259 12259 I C02154/hiaiserver/AI_FMK: ai_nn_node.cpp UnRegisterNNNode(97)::"unregister nnnode[AiActionDetectionService] function success! "
03-06 07:28:39.118 12259 12259 I C02154/hiaiserver/AI_FMK: ai_nn_node.cpp UnRegisterNNNode(102)::"unregister nnnode[AiActionDetectionService] description success! "
03-06 07:28:39.118 12259 12259 I C02154/hiaiserver/AI_FMK: ai_nn_node.cpp UnRegisterNNNode(97)::"unregister nnnode[AiPoseEstimationService] function success! "
03-06 07:28:39.118 12259 12259 I C02154/hiaiserver/AI_FMK: ai_nn_node.cpp UnRegisterNNNode(102)::"unregister nnnode[AiPoseEstimationService] description success! "
03-06 07:28:39.118 12259 12259 I C02154/hiaiserver/AI_FMK: ai_nn_node.cpp UnRegisterNNNode(97)::"unregister nnnode[AIEngineFoodRecognitionV1] function success! "
03-06 07:28:39.118 12259 12259 I C02154/hiaiserver/AI_FMK: ai_nn_node.cpp UnRegisterNNNode(102)::"unregister nnnode[AIEngineFoodRecognitionV1] description success! "
03-06 07:28:39.118 12259 12259 I C02154/hiaiserver/AI_FMK: ai_nn_node.cpp UnRegisterNNNode(97)::"unregister nnnode[AiObjectDetectionService] function success! "
03-06 07:28:39.118 12259 12259 I C02154/hiaiserver/AI_FMK: ai_nn_node.cpp UnRegisterNNNode(102)::"unregister nnnode[AiObjectDetectionService] description success! "
03-06 07:28:39.118 12259 12259 I C02150/hiaiserver/ProcessorFactory: processor_factory.cpp ~ProcessorFactory(23)::"[CV]::" "unregister [action]."
03-06 07:28:39.118 12259 12259 I C02150/hiaiserver/ProcessorFactory: processor_factory.cpp ~ProcessorFactory(23)::"[CV]::" "unregister [aipp]."
03-06 07:28:39.118 12259 12259 I C02150/hiaiserver/ProcessorFactory: processor_factory.cpp ~ProcessorFactory(23)::"[CV]::" "unregister [soft]."
03-06 07:28:39.118 12259 12259 I C02150/hiaiserver/ProcessorFactory: processor_factory.cpp ~ProcessorFactory(26)::"[CV]::" "unregister [ActionDetectionPostProcessor]."
03-06 07:28:39.118 12259 12259 I C02150/hiaiserver/ProcessorFactory: processor_factory.cpp ~ProcessorFactory(26)::"[CV]::" "unregister [FoodRecognitionPostProcessor]."
03-06 07:28:39.118 12259 12259 I C02150/hiaiserver/ProcessorFactory: processor_factory.cpp ~ProcessorFactory(26)::"[CV]::" "unregister [IntentDetectionImgPostProcessor]."
03-06 07:28:39.118 12259 12259 I C02150/hiaiserver/ProcessorFactory: processor_factory.cpp ~ProcessorFactory(26)::"[CV]::" "unregister [IntentDetectionLayoutAnalysisPostProcessor]."
03-06 07:28:39.118 12259 12259 I C02150/hiaiserver/ProcessorFactory: processor_factory.cpp ~ProcessorFactory(26)::"[CV]::" "unregister [IntentDetectionOcrDetPostProcessor]."
03-06 07:28:39.118 12259 12259 I C02150/hiaiserver/ProcessorFactory: processor_factory.cpp ~ProcessorFactory(26)::"[CV]::" "unregister [IntentDetectionOcrRecogPostProcessor]."
03-06 07:28:39.118 12259 12259 I C02150/hiaiserver/ProcessorFactory: processor_factory.cpp ~ProcessorFactory(26)::"[CV]::" "unregister [IntentDetectionShotOcrRecogPostProcessor]."
03-06 07:28:39.118 12259 12259 I C02150/hiaiserver/ProcessorFactory: processor_factory.cpp ~ProcessorFactory(26)::"[CV]::" "unregister [IntentDetectionVideoPostProcessor]."
03-06 07:28:39.118 12259 12259 I C02150/hiaiserver/ProcessorFactory: processor_factory.cpp ~ProcessorFactory(26)::"[CV]::" "unregister [ObjectDetectionPostProcessor]."
03-06 07:28:39.118 12259 12259 I C02150/hiaiserver/ProcessorFactory: processor_factory.cpp ~ProcessorFactory(26)::"[CV]::" "unregister [PoseEstimationPostProcessor]."
03-06 07:28:39.118 12259 12259 I C02150/hiaiserver/ProcessorFactory: processor_factory.cpp ~ProcessorFactory(26)::"[CV]::" "unregister [SceneRecognitionPostProcessor]."
03-06 07:28:39.118 12259 12259 I C02150/hiaiserver/ProcessorFactory: processor_factory.cpp ~ProcessorFactory(30)::"[CV]::" "Destroy."
03-06 07:28:39.119 12259 12259 I C02154/hiaiserver/AI_FMK: hcl_model_executor_repo.cpp ~HclModelExecutorRepo(19)::"release HclModelExecutorRepo"
03-06 07:28:39.121 12259 12259 I C02150/hiaiserver/AI_INFRA: ai_om_service.cpp ~AiOmService(25)::"AiOmService destructor"
03-06 07:28:39.121 12259 12259 I C02170/hiaiserver/AI_DDK_MSG: ai_tensor.cpp UnRegisterTensor(150)::"unregister tensor[AIImageBuffer] function success! "
03-06 07:28:39.121 12259 12259 I C02170/hiaiserver/AI_DDK_MSG: ai_tensor.cpp UnRegisterTensor(155)::"unregister tensor[AIImageBuffer] description success! "
03-06 07:28:39.121 12259 12259 I C02170/hiaiserver/AI_DDK_MSG: ai_tensor.cpp UnRegisterTensor(150)::"unregister tensor[AINeuralNetworkBuffer] function success! "
03-06 07:28:39.121 12259 12259 I C02170/hiaiserver/AI_DDK_MSG: ai_tensor.cpp UnRegisterTensor(155)::"unregister tensor[AINeuralNetworkBuffer] description success! "
03-06 07:28:39.121 12259 12259 I C02170/hiaiserver/AI_DDK_MSG: ai_tensor.cpp UnRegisterTensor(150)::"unregister tensor[AISimpleTensor] function success! "
03-06 07:28:39.121 12259 12259 I C02170/hiaiserver/AI_DDK_MSG: ai_tensor.cpp UnRegisterTensor(155)::"unregister tensor[AISimpleTensor] description success! "
03-06 07:28:39.123 12259 12259 I C02154/hiaiserver/AI_FMK: ai_crypto_service.cpp DeleteCryptoEngine(69)::"delete ai cryptoengine enter."
03-06 07:28:39.123 12259 12259 E C02154/hiaiserver/AI_FMK: ai_crypto_service.cpp DeleteCryptoEngine(71)::"delete ai cryptoengine ERROR: handle_ is Null"
03-06 07:28:39.123 12259 12259 I C02150/hiaiserver/AI_INFRA: om.cpp ~OM(133)::"OM destructor"
03-06 07:28:39.123 12259 12259 I C02D11/DfxSignalHandler: DFX_SignalHandler :: signo(11), pid(12259), processName(hiaiserver), threadName(hiaiserver).
03-06 07:28:39.128 12272 12272 I C02D11/DfxSignalHandler: start wait processdump read registers
03-06 07:28:39.128 12273 12272 I C02D11/DfxSignalHandler: start processdump, fork spend time 5ms
03-06 07:28:39.128 12273 12272 I C02D11/DfxSignalHandler: execl processdump.
03-06 07:28:39.132   733  2002 E C01650/hiview/SilentProxy: IsSupportSilentFromService:GetRdbService failed, err is 27394049.
03-06 07:28:39.139   733  2002 E C01650/hiview/SilentProxy: IsSupportSilentFromService:GetRdbService failed, err is 27394049.
03-06 07:28:39.157   733  6069 E C01650/hiview/SilentProxy: IsSupportSilentFromService:GetRdbService failed, err is 27394049.
03-06 07:28:39.170   733  6069 I C02D10/hiview/DirectoryFileSearch: RecuTraverseFolder: open directory failed. /data/service/el1/public/teelog/
03-06 07:28:39.170   733  6069 I C02D10/hiview/DirectoryFileSearch: RecuTraverseFolder: open directory failed. /data/service/el1/public/teelog/
03-06 07:28:39.170   733  6069 I C02D10/hiview/DirectoryFileSearch: RecuTraverseFolder: open directory failed. /data/service/el1/public/teelog/
03-06 07:28:39.172 12273 12273 I C02D11/processdump/DfxFaultLogger: Start main function of processdump
03-06 07:28:39.172 12273 12273 I C02D11/processdump/DfxProcessDump: Processdump SigVal(0), TargetPid(12259:12259), TargetTid(12259), threadname(hiaiserver).
03-06 07:28:39.173 12273 12273 I C02D11/processdump/DfxProcessDump: Init key thread successfully.
03-06 07:28:39.173 12272 12272 I C02D11/DfxSignalHandler: processdump have get all registers .
03-06 07:28:39.173 12272 12272 I C02D11/DfxSignalHandler: exit the processdump parent process.
03-06 07:28:39.174 12273 12273 I C02D11/processdump/DfxProcessDump: Finish create all thread.
03-06 07:28:39.174 12273 12273 I C02D11/processdump/DfxFaultLogger: start wait fork event happen
03-06 07:28:39.181 12273 12273 I C02D11/processdump/DfxFaultLogger: wait for fork status 66943
03-06 07:28:39.182 12273 12273 I C02D11/processdump/DfxFaultLogger: next child pid 12276
03-06 07:28:39.182 12273 12273 I C02D11/processdump/DfxFaultLogger: start wait fork event happen
03-06 07:28:39.184 12273 12273 I C02D11/processdump/DfxFaultLogger: wait for fork status 66943
03-06 07:28:39.184 12273 12273 I C02D11/processdump/DfxFaultLogger: next child pid 12278
03-06 07:28:39.184 12273 12273 I C02D11/processdump/DfxProcessDump: processdump get vm pid is 12278
03-06 07:28:39.184 12273 12273 I C02D11/processdump/DfxFaultLogger: unwind key thread dump start
03-06 07:28:39.184 12273 12273 I C02D11/processdump/DfxFaultLogger: GetKeyThreadStack, unwind tid(12259) start.
03-06 07:28:39.186 12273 12273 I C02D11/processdump/DfxFaultLogger: GetKeyThreadStack, unwind tid(12259) finish ret(1).
03-06 07:28:39.186 12273 12273 I C02D11/processdump/DfxFaultLogger: unwind other thread dump start
03-06 07:28:39.189 12273 12273 I C02D11/processdump/DfxFaultLogger: crash obj not int.
03-06 07:28:39.189 12273 12273 W C02D11/processdump/DfxFaultLogger: stackId has not been initialized!
03-06 07:28:39.189 12273 12273 I C02D11/processdump/DfxFaultLogger: crash obj not int.
03-06 07:28:39.211 12273 12273 I C02D11/processdump/DfxFaultLogger: get open files info finish
03-06 07:28:39.211 12273 12273 I C02D11/processdump/DfxProcessDump: unwind success thread count(3)
03-06 07:28:39.212 12273 12273 W C02D11/processdump/DfxFaultLogger: Native process no need report kill reason to AbilityManagerService
03-06 07:28:39.219 12273 12273 I C02D11/processdump/DfxProcessDump: Finish GetJsonFormatInfo len 3838
03-06 07:28:39.219 12273 12273 I C02D11/processdump/DfxProcessDump: dump result: 0 ( no error )
03-06 07:28:39.219 12273 12273 I C02D11/processdump/DfxFaultLogger: Build info:DEL 6.0.0.271(HISlog)cust preload version format error
03-06 07:28:39.219 12273 12273 I C02D11/processdump/DfxFaultLogger: Timestamp:1970-03-06 07:28:39.123
03-06 07:28:39.219 12273 12273 I C02D11/processdump/DfxFaultLogger: Pid:12259
03-06 07:28:39.219 12273 12273 I C02D11/processdump/DfxFaultLogger: Uid:0
03-06 07:28:39.219 12273 12273 I C02D11/processdump/DfxFaultLogger: Process name:hiaiserver
03-06 07:28:39.219 12273 12273 I C02D11/processdump/DfxFaultLogger: Process life time:1s
03-06 07:28:39.219 12273 12273 I C02D11/processdump/DfxFaultLogger: Process Memory(kB): 9424(Rss)
03-06 07:28:39.219 12273 12273 I C02D11/processdump/DfxFaultLogger: Reason:Signal:SIGSEGV(SEGV_MAPERR)@0x0000005a18254020
03-06 07:28:39.219 12273 12273 I C02D11/processdump/DfxFaultLogger: Fault thread info:
03-06 07:28:39.219 12273 12273 I C02D11/processdump/DfxFaultLogger: Tid:12259, Name:hiaiserver
03-06 07:28:39.219 12273 12273 I C02D11/processdump/DfxFaultLogger: #00 pc 000000000000328c /vendor/lib64/libai_infra_rpc_server.so(8886e006e31ef74f0e4b00d7ddf11243)
03-06 07:28:39.219 12273 12273 I C02D11/processdump/DfxFaultLogger: #01 pc 0000000000003270 /vendor/lib64/libai_infra_rpc_server.so(8886e006e31ef74f0e4b00d7ddf11243)
03-06 07:28:39.219 12273 12273 I C02D11/processdump/DfxFaultLogger: #02 pc 0000000000002d1c /vendor/lib64/libai_infra_rpc_server.so(hiai::rpc::RpcHandlerManager::~RpcHandlerManager()+28)(8886e006e31ef74f0e4b00d7ddf11243)
03-06 07:28:39.219 12273 12273 I C02D11/processdump/DfxFaultLogger: #03 pc 000000000016e554 /system/lib/ld-musl-aarch64.so.1(__funcs_on_exit+108)(5e6bfc6a39cb316622a3e5bfe1b794ed)
03-06 07:28:39.219 12273 12273 I C02D11/processdump/DfxFaultLogger: #04 pc 000000000016f0c8 /system/lib/ld-musl-aarch64.so.1(exit+20)(5e6bfc6a39cb316622a3e5bfe1b794ed)
03-06 07:28:39.219 12273 12273 I C02D11/processdump/DfxFaultLogger: #05 pc 00000000000b2cd4 /system/lib/ld-musl-aarch64.so.1(libc_start_main_stage2+84)(5e6bfc6a39cb316622a3e5bfe1b794ed)
03-06 07:28:39.219 12273 12273 I C02D11/processdump/DfxFaultLogger: Registers:
03-06 07:28:39.219 12273 12273 I C02D11/processdump/DfxFaultLogger: x0:000000599500ae90 x1:0000000000000000 x2:0000007f572249a8 x3:65727665722e736f
03-06 07:28:39.219 12273 12273 I C02D11/processdump/DfxFaultLogger: x4:65727665722e736f x5:6f732e7265767265 x6:6f732e7265767265 x7:000000599505ada9
03-06 07:28:39.219 12273 12273 I C02D11/processdump/DfxFaultLogger: x8:0000005a18254018 x9:0000000000000000 x10:0000000000000000 x11:0000000000000000
03-06 07:28:39.219 12273 12273 I C02D11/processdump/DfxFaultLogger: x12:0000000080000001 x13:0000005995004c28 x14:000000599505a7e0 x15:0000000000000000
03-06 07:28:39.219 12273 12273 I C02D11/processdump/DfxFaultLogger: x16:0000005995dc5db8 x17:0000005996484e74 x18:0000000000000000 x19:000000599505cc70
03-06 07:28:39.219 12273 12273 I C02D11/processdump/DfxFaultLogger: x20:0000005995dc6f18 x21:0000005994cfb000 x22:0000005994cfb000 x23:000000007fffffff
03-06 07:28:39.219 12273 12273 I C02D11/processdump/DfxFaultLogger: x24:0000000080000001 x25:0000005994d0a000 x26:0000005994d0a000 x27:0000005995dc2d00
03-06 07:28:39.219 12273 12273 I C02D11/processdump/DfxFaultLogger: x28:0000005994a1f220 x29:0000007f572249d0
03-06 07:28:39.219 12273 12273 I C02D11/processdump/DfxFaultLogger: lr:0000005995dc327c sp:0000007f572249d0 pc:0000005995dc328c
03-06 07:28:39.219 12273 12273 I C02D11/processdump/DfxFaultLogger: pstate:0000000000001000 esr:0000000092000006
03-06 07:28:39.220 12273 12273 I C02D11/processdump/DfxProcessDump: Finish dump stacktrace for hiaiserver(12259:12259).
03-06 07:28:39.221   733 12195 E C02DA0/hiview/NotifyLeakDetector: GetNotifyState: ParseNotifyType failed
03-06 07:28:39.221 12273 12282 W C057C1/processdump/IPCWorkThread: ThreadHandler: proto:0 policy:1 name:OS_IPC_0_12282 invoker:3466758912
03-06 07:28:39.221 12273 12283 W C057C1/processdump/IPCWorkThread: ThreadHandler: proto:0 policy:0 name:OS_IPC_1_12283 invoker:1246494080
03-06 07:28:39.222 12273 12273 I C02D11/processdump/DfxFaultLogger: Finish report fault to FaultLogger hiaiserver(12259,0)
03-06 07:28:39.222   733 12103 I C02D11/hiview/FaultlogBundleUtil: module name:hiaiserver
03-06 07:28:39.222   733 12103 I C02D11/hiview/Faultlogger_Base: AddFaultLog: Start saving Faultlog of Process:12259, Name:hiaiserver, Reason:Signal:SIGSEGV(SEGV_MAPERR)@0x0000005a18254020 
03-06 07:28:39.223   733 12195 E C02DA0/hiview/NotifyLeakDetector: GetNotifyState: ParseNotifyType failed
03-06 07:28:39.223 12259 12284 W C057C1/hiaiserver/IPCWorkThread: ThreadHandler: proto:0 policy:0 name:OS_IPC_2_12284 invoker:417380480
03-06 07:28:39.223 12259 12259 I C02D11/DfxSignalHandler: crash processdump unwind finish, unwind success Flag 610839791, blockFlag 0
03-06 07:28:39.224 12259 12284 E C057C6/hiaiserver/BinderInvoker: TransactWithDriver: fail, result:-9 time:459206082813
03-06 07:28:39.224 12259 12270 E C057C6/hiaiserver/BinderInvoker: TransactWithDriver: fail, result:-9 time:459206093125
03-06 07:28:39.225   733 12103 E C02D10/hiview/ExtractRule: GetJsonArray: failed to get json array number startSeg.
03-06 07:28:39.225   733 12103 E C02D10/hiview/ExtractRule: GetJsonArray: failed to get json array number segStack.
03-06 07:28:39.258   733 12103 I C02D11/hiview/FaultLogManager: SaveFaultLogToFile: create log cppcrash-hiaiserver-0-19700306072839123.log
03-06 07:28:39.258   733 12103 I C02D11/hiview/Faultlogger_Base: ModuleName:hiaiserver
