03-06 07:28:06.479  1176  1176 W C02151/hiaiserver/AI_NPUCL: npu_dump_manager.cc DumpGraphExecutorBinary(1100)::" kernel stubName [te_staticquant_gen_3dbf221f72773c9c4e9b7bcd4af45cb936db50ec6e69acf41ab482d7c52c4f05_1__kernel0], kernelbin addr is [0x5b44229600]"
03-06 07:28:06.479  1176  1176 W C02151/hiaiserver/AI_NPUCL: npucl_dump_binary.h DumpBinaryFile(19)::"dump /data/vendor/hiai/dump/execute/te_staticquant_gen_3dbf221f72773c9c4e9b7bcd4af45cb936db50ec6e69acf41ab482d7c52c4f05_1__kernel0 begin, addr 0x5b44229600, size 8960"
03-06 07:28:06.479  1176  1176 W C02151/hiaiserver/AI_NPUCL: npu_dump_manager.cc DumpGraphExecutorBinary(1100)::" kernel stubName [te_quantbatchmatmulv3_eff_d5a97e43ef7bf2019a3eadddf4b2d7ef53b51383f64b4c352cd6a052f73a0b4a_1__kernel0], kernelbin addr is [0x5b4422b900]"
03-06 07:28:06.479  1176  1176 W C02151/hiaiserver/AI_NPUCL: npucl_dump_binary.h DumpBinaryFile(19)::"dump /data/vendor/hiai/dump/execute/te_quantbatchmatmulv3_eff_d5a97e43ef7bf2019a3eadddf4b2d7ef53b51383f64b4c352cd6a052f73a0b4a_1__kernel0 begin, addr 0x5b4422b900, size 10752"
03-06 07:28:06.479  1176  1176 W C02151/hiaiserver/AI_NPUCL: npu_dump_manager.cc DumpGraphExecutorBinary(1100)::" kernel stubName [te_staticquant_gen_f2913bf2276be27d80167dfed15635e143042a73aaef063b6a178d666ca1fe08_1__kernel0], kernelbin addr is [0x5b4422e300]"
03-06 07:28:06.479  1176  1176 W C02151/hiaiserver/AI_NPUCL: npucl_dump_binary.h DumpBinaryFile(19)::"dump /data/vendor/hiai/dump/execute/te_staticquant_gen_f2913bf2276be27d80167dfed15635e143042a73aaef063b6a178d666ca1fe08_1__kernel0 begin, addr 0x5b4422e300, size 8960"
03-06 07:28:06.479  1176  1176 W C02151/hiaiserver/AI_NPUCL: npu_dump_manager.cc DumpGraphExecutorBinary(1100)::" kernel stubName [te_quantbatchmatmulv3_eff_9782daee9361d28fb4685738af4a2228afc9e2b96b5bac655625a4cb2dd35440_1__kernel0], kernelbin addr is [0x5b44230600]"
03-06 07:28:06.479  1176  1176 W C02151/hiaiserver/AI_NPUCL: npucl_dump_binary.h DumpBinaryFile(19)::"dump /data/vendor/hiai/dump/execute/te_quantbatchmatmulv3_eff_9782daee9361d28fb4685738af4a2228afc9e2b96b5bac655625a4cb2dd35440_1__kernel0 begin, addr 0x5b44230600, size 8192"
03-06 07:28:06.481 11651 11651 E A0FFFF/model_run_tool_internal/AI_FMK: graph_op_execution.cpp Execute(191)::"graph executor execute return error:0x560c0808, op name:SubGraph_0, type:GraphOp"
03-06 07:28:06.481 11651 11651 E A0FFFF/model_run_tool_internal/AI_INFRA: task_pipeline_executor.cpp operator()(759)::"ret == SUCCESS" "false, return ret."
03-06 07:28:06.481 11651 11651 I C02160/model_run_tool_internal/TRACEENGINE: WriteTlv:308 write fail because file is closed
03-06 07:28:06.481 11651 11651 E A0FFFF/model_run_tool_internal/HIAI_DDK_MSG: AiModelManagerClientImpl.cpp Process(408)::"run split_internvit_v6_exclude_conv_int8_8 failed"
03-06 07:28:06.481 11651 11651 I C02160/model_run_tool_internal/TRACEENGINE: WriteTlv:308 write fail because file is closed
03-06 07:28:06.481 11651 11651 W C02160/model_run_tool_internal/RUNTIME: rtClientStopModel:63 start stopping model, modelId = 0
03-06 07:28:06.481 11651 11651 W C02160/model_run_tool_internal/RUNTIME: ModelCmdExec:242 DirectEngine execute modelId = 0 taskId = 32679
03-06 07:28:06.481 11651 11651 W C02160/model_run_tool_internal/RUNTIME: ModelStop:150 Normal Model, no need to stop
03-06 07:28:06.481 11651 11651 W C02160/model_run_tool_internal/RUNTIME: rtClientStopModel:67 Stop modelId = 0 success.
03-06 07:28:06.482  1176  1176 W C02151/hiaiserver/AI_NPUCL: npu_graph_executor_service_unload.cc UnLoadModel(48)::"unload model pid: 11651, client id: 65536, server id: 0 begin"
03-06 07:28:06.482  1176  1775 E C02160/hiaiserver/TSCH: 08:00:00.000 1 191:hwts_proc_config: config_item is null or host_type is not TSCPU
03-06 07:28:06.482  1176  1775 E C02160/hiaiserver/TSCH: 08:00:00.000 2 191:hwts_proc_config: config_item is null or host_type is not TSCPU
03-06 07:28:06.482  1176  1775 E C02160/hiaiserver/TSCH: 08:00:00.000 3 191:hwts_proc_config: config_item is null or host_type is not TSCPU
03-06 07:28:06.482  1176  1775 E C02160/hiaiserver/TSCH: 08:00:00.000 4 191:hwts_proc_config: config_item is null or host_type is not TSCPU
03-06 07:28:06.482  1176  1775 W C02160/hiaiserver/TSCH: 08:00:00.001 5 95:low_power_process: low_power_process!
03-06 07:28:06.482  1176  1775 W C02160/hiaiserver/TSCH: 08:00:00.001 6 78:ipc_msg_single_proc: received ack msg or illegal msg, tail:2, head:1
03-06 07:28:06.577  1176  1777 E C02160/hiaiserver/RUNTIME: SetResult:728 model maintaince failed, error = 0x56060004
03-06 07:28:06.577  1176  1777 E C02160/hiaiserver/RUNTIME: DoCompleteError:769 ModelMaintainceTask taskId = 36444, taskType = 12, Complete Error = 1443233796
03-06 07:28:06.577  1176  1777 W C02160/hiaiserver/RUNTIME: FreeSinkTasks:260 free sink task, stream id = 384
03-06 07:28:06.577  1176  1777 E C02160/hiaiserver/RUNTIME: DoCompleteSuccess:759 model maintaince error, error code = 0x56060004
03-06 07:28:06.577  1176  1176 W C02160/hiaiserver/RUNTIME: FreeSinkTasks:260 free sink task, stream id = 384
03-06 07:28:06.577  1176  1176 W C02160/hiaiserver/RUNTIME: rtModelDestroy:59 model destroy, model id = 0
03-06 07:28:06.586  1176  1775 E C02160/hiaiserver/TSCH: 07:28:06.573 7 364:mmgr_unbind_stream: model = 0 not create 0
03-06 07:28:06.586  1176  1775 E C02160/hiaiserver/TSCH: 07:28:06.573 8 258:tsch_schedule_task:  engine_handle_task error schd task:36444, type:12, stream_id:0 
03-06 07:28:06.586  1176  1775 W C02160/hiaiserver/TSCH: 07:28:06.574 9 395:mmgr_destroy_model: model is not create, can not destory
03-06 07:28:06.678  1176  1176 W C02160/hiaiserver/RUNTIME: PrimaryContextRelease:317 Context tryDecRef, count = 0x2, reset:0
03-06 07:28:06.679  1176  1176 W C02151/hiaiserver/AI_NPUCL: npu_graph_executor_service_unload.cc UnLoadModel(57)::"unload model succ"
03-06 07:28:06.679 11651 11651 I A0FFFF/model_run_tool_internal/AI_NPUCL: npu_graph_executor_client.cc Cleanup(515)::"NPUGraphExecutorClient has been finalized"
03-06 07:28:06.680  1176  1176 I C02150/hiaiserver/LOGLIMIT: 1485 line(s) dropped in a second! from time: 1970-03-06 07:27:36.696 to time: 1970-03-06 07:27:37.696
03-06 07:28:06.680  1176  1176 I C02150/hiaiserver/AI_INFRA: ion_allocator_service.cpp UnSerialize(290)::"UnSerialize, inputSize:4"
03-06 07:28:06.680  1176  1176 W C02150/hiaiserver/AI_INFRA: buffer_heap_alloc.cpp MemoryUnmap(212)::"unmap originSize:40980480, alignSize: 41943040"
03-06 07:28:06.680  1176  1176 I C02150/hiaiserver/AI_INFRA: ion_allocator_service.cpp UnSerialize(290)::"UnSerialize, inputSize:4"
03-06 07:28:06.681  1176  1176 I C02150/hiaiserver/AI_INFRA: ion_allocator_service.cpp UnSerialize(290)::"UnSerialize, inputSize:4"
03-06 07:28:06.686 11651 11651 I C02160/model_run_tool_internal/TRACEENGINE: WriteTlv:308 write fail because file is closed
03-06 07:28:06.687  1176  1176 W C02151/hiaiserver/AI_NPUCL: npu_device_handler_service.cc Execute(266)::"server get pid: 11651 perf: 0 ddr: 0 coreNum: 0, limitType: 0 is reste: 1 effectPid: 0"
03-06 07:28:06.687  1176  1176 W C02160/hiaiserver/RUNTIME: PrimaryContextRetain:286 Context incRef, count = 0x3
03-06 07:28:06.688  1176  1176 W C02160/hiaiserver/RUNTIME: rtGetPlatformConfig:28 quantFreqLimitType :0
03-06 07:28:06.688  1176  1176 W C02160/hiaiserver/RUNTIME: rtDeviceSetLimit:206 Set limit, device = 0, type = 3, value = 3
03-06 07:28:06.688  1176  1176 W C02160/hiaiserver/RUNTIME: DevSetLimit:288 Device set limit, type = 3, value = 3
03-06 07:28:06.688  1176  1176 W C02151/hiaiserver/AI_NPUCL: npu_device_event_handler.cc PerfModeChange(153)::"SetNPUPerf:0, SetDDRPerf:0, SetNpuCoreNum: 0!"
03-06 07:28:06.688  1176  1176 W C02160/hiaiserver/RUNTIME: PrimaryContextRelease:317 Context tryDecRef, count = 0x2, reset:0
03-06 07:28:06.688 11651 11651 I A0FFFF/model_run_tool_internal/AI_NPUCL: npu_device_handler_client.cc RpcVotepByProcess(84)::"Vote suc"
03-06 07:28:06.688 11651 11651 I A0FFFF/model_run_tool_internal/AI_NPUCL: npu_perf_mode_aggregator.cc ResetVote(79)::"Voter not exist! voter ID: 1"
03-06 07:28:06.807 11651 11952 W C01650/model_run_tool_internal/RdbManager: RdbManager:no instance, using default RdbManager
03-06 07:28:06.847 11651 11952 W A0FFFF/model_run_tool_internal/AI_INFRA: hnn_app_event_report.cpp HIAIAddProcessor(145)::"processer" "null, return FAIL."
03-06 07:28:06.847 11651 11651 I A0FFFF/model_run_tool_internal/PROFILING_TOOL: model_run_tool.cpp ModelProcessLegacy(570)::"[ModelManagerV1]Inference: unload model end."
03-06 07:28:06.847 11651 11651 I A0FFFF/model_run_tool_internal/interface_test:: hiai|framework|HIAI_NDTensorBuffer_Destroy|115
03-06 07:28:06.847  1176  1176 I C02150/hiaiserver/AI_INFRA: ion_allocator_service.cpp UnSerialize(290)::"UnSerialize, inputSize:4"
03-06 07:28:06.848  1176  1176 I C02150/hiaiserver/AI_INFRA: ion_allocator_service.cpp UnSerialize(290)::"UnSerialize, inputSize:4"
03-06 07:28:06.848  1176  1176 I C02150/hiaiserver/AI_INFRA: ai_om_service.cpp GetServerFileList(65)::"AiOmService::GetServerFileList"
03-06 07:28:06.955 11651 11651 I A0FFFF/model_run_tool_internal/PROFILING_TOOL: hiai_maint_wrapper.cpp PurgeProfData(129)::"Delete file origin_format_100_0__vision_model_encoder_layers_3_attn_Gather_float16_1025_1024_2099232_0.dump\n"
03-06 07:28:06.956 11651 11651 I A0FFFF/model_run_tool_internal/PROFILING_TOOL: hiai_maint_wrapper.cpp PurgeProfData(129)::"Delete file origin_format_101_0__vision_model_encoder_layers_3_attn_Slice_float16_1025_64_131232_0.dump\n"
03-06 07:28:06.957 11651 11651 I A0FFFF/model_run_tool_internal/PROFILING_TOOL: hiai_maint_wrapper.cpp PurgeProfData(129)::"Delete file origin_format_102_0__vision_model_encoder_layers_3_attn_Mul_float16_1025_64_131232_0.dump\n"
03-06 07:28:06.957 11651 11651 I A0FFFF/model_run_tool_internal/PROFILING_TOOL: hiai_maint_wrapper.cpp PurgeProfData(129)::"Delete file origin_format_104_0__vision_model_encoder_layers_3_attn_Softmax_float16_1025_1025_2101312_0.dump\n"
03-06 07:28:06.958 11651 11651 I A0FFFF/model_run_tool_internal/PROFILING_TOOL: hiai_maint_wrapper.cpp PurgeProfData(129)::"Delete file origin_format_106_0__vision_model_encoder_layers_3_attn_Concat_float16_1025_1024_2099232_0.dump\n"
03-06 07:28:06.959 11651 11651 I A0FFFF/model_run_tool_internal/PROFILING_TOOL: hiai_maint_wrapper.cpp PurgeProfData(129)::"Delete file origin_format_107_0__vision_model_encoder_layers_3_attn_Unsqueeze_float16_1_1025_1024_2099232_0.dump\n"
03-06 07:28:06.959 11651 11651 I A0FFFF/model_run_tool_internal/PROFILING_TOOL: hiai_maint_wrapper.cpp PurgeProfData(129)::"Delete file origin_format_109_0__vision_model_encoder_layers_3_attn_proj_Add_float16_1_1025_1024_2099232_0.dump\n"
03-06 07:28:06.960 11651 11651 I A0FFFF/model_run_tool_internal/PROFILING_TOOL: hiai_maint_wrapper.cpp PurgeProfData(129)::"Delete file origin_format_110_0__vision_model_encoder_layers_3_Mul_float16_1_1025_1024_2099232_0.dump\n"
03-06 07:28:06.961 11651 11651 I A0FFFF/model_run_tool_internal/PROFILING_TOOL: hiai_maint_wrapper.cpp PurgeProfData(129)::"Delete file origin_format_111_0__vision_model_encoder_layers_3_Add_float16_1_1025_1024_2099232_0.dump\n"
03-06 07:28:06.962 11651 11651 I A0FFFF/model_run_tool_internal/PROFILING_TOOL: hiai_maint_wrapper.cpp PurgeProfData(129)::"Delete file origin_format_112_0__vision_model_encoder_layers_3_norm2_LayerNormalization_float16_1_1025_1024_2099232_0.dump\n"
03-06 07:28:06.963 11651 11651 I A0FFFF/model_run_tool_internal/PROFILING_TOOL: hiai_maint_wrapper.cpp PurgeProfData(129)::"Delete file origin_format_115_0__vision_model_encoder_layers_3_mlp_fc1_Add_float16_1_1025_4096_8396832_0.dump\n"
03-06 07:28:06.966 11651 11651 I A0FFFF/model_run_tool_internal/PROFILING_TOOL: hiai_maint_wrapper.cpp PurgeProfData(129)::"Delete file origin_format_117_0__vision_model_encoder_layers_3_mlp_act_Erf_float16_1_1025_4096_8396832_0.dump\n"
03-06 07:28:06.969 11651 11651 I A0FFFF/model_run_tool_internal/PROFILING_TOOL: hiai_maint_wrapper.cpp PurgeProfData(129)::"Delete file origin_format_122_0__vision_model_encoder_layers_3_mlp_fc2_Add_float16_1_1025_1024_2099232_0.dump\n"
03-06 07:28:06.970 11651 11651 I A0FFFF/model_run_tool_internal/PROFILING_TOOL: hiai_maint_wrapper.cpp PurgeProfData(129)::"Delete file origin_format_123_0__vision_model_encoder_layers_3_Mul_1_float16_1_1025_1024_2099232_0.dump\n"
03-06 07:28:06.971 11651 11651 I A0FFFF/model_run_tool_internal/PROFILING_TOOL: hiai_maint_wrapper.cpp PurgeProfData(129)::"Delete file origin_format_124_0__vision_model_encoder_layers_3_Add_1_float16_1_1025_1024_2099232_0.dump\n"
03-06 07:28:06.971 11651 11651 I A0FFFF/model_run_tool_internal/PROFILING_TOOL: hiai_maint_wrapper.cpp PurgeProfData(129)::"Delete file origin_format_125_0__vision_model_encoder_layers_4_norm1_LayerNormalization_float16_1_1025_1024_2099232_0.dump\n"
03-06 07:28:06.972 11651 11651 I A0FFFF/model_run_tool_internal/PROFILING_TOOL: hiai_maint_wrapper.cpp PurgeProfData(129)::"Delete file origin_format_128_0__vision_model_encoder_layers_4_attn_q_proj_Add_float16_1_1025_1024_2099232_0.dump\n"
03-06 07:28:06.973 11651 11651 I A0FFFF/model_run_tool_internal/PROFILING_TOOL: hiai_maint_wrapper.cpp PurgeProfData(129)::"Delete file origin_format_129_0__vision_model_encoder_layers_4_attn_Gather_float16_1025_1024_2099232_0.dump\n"
03-06 07:28:06.974 11651 11651 I A0FFFF/model_run_tool_internal/PROFILING_TOOL: hiai_maint_wrapper.cpp PurgeProfData(129)::"Delete file origin_format_12_0__vision_model_encoder_layers_0_attn_q_proj_Add_float16_1_1025_1024_2099232_0.dump\n"
03-06 07:28:06.975 11651 11651 I A0FFFF/model_run_tool_internal/PROFILING_TOOL: hiai_maint_wrapper.cpp PurgeProfData(129)::"Delete file origin_format_130_0__vision_model_encoder_layers_4_attn_Slice_float16_1025_64_131232_0.dump\n"
03-06 07:28:06.975 11651 11651 I A0FFFF/model_run_tool_internal/PROFILING_TOOL: hiai_maint_wrapper.cpp PurgeProfData(129)::"Delete file origin_format_131_0__vision_model_encoder_layers_4_attn_Mul_float16_1025_64_131232_0.dump\n"
03-06 07:28:06.975 11651 11651 I A0FFFF/model_run_tool_internal/PROFILING_TOOL: hiai_maint_wrapper.cpp PurgeProfData(129)::"Delete file origin_format_133_0__vision_model_encoder_layers_4_attn_Softmax_float16_1025_1025_2101312_0.dump\n"
03-06 07:28:06.976 11651 11651 I A0FFFF/model_run_tool_internal/PROFILING_TOOL: hiai_maint_wrapper.cpp PurgeProfData(129)::"Delete file origin_format_135_0__vision_model_encoder_layers_4_attn_Concat_float16_1025_1024_2099232_0.dump\n"
03-06 07:28:06.977 11651 11651 I A0FFFF/model_run_tool_internal/PROFILING_TOOL: hiai_maint_wrapper.cpp PurgeProfData(129)::"Delete file origin_format_136_0__vision_model_encoder_layers_4_attn_Unsqueeze_float16_1_1025_1024_2099232_0.dump\n"
03-06 07:28:06.978 11651 11651 I A0FFFF/model_run_tool_internal/PROFILING_TOOL: hiai_maint_wrapper.cpp PurgeProfData(129)::"Delete file origin_format_138_0__vision_model_encoder_layers_4_attn_proj_Add_float16_1_1025_1024_2099232_0.dump\n"
03-06 07:28:06.979 11651 11651 I A0FFFF/model_run_tool_internal/PROFILING_TOOL: hiai_maint_wrapper.cpp PurgeProfData(129)::"Delete file origin_format_139_0__vision_model_encoder_layers_4_Mul_float16_1_1025_1024_2099232_0.dump\n"
03-06 07:28:06.980 11651 11651 I A0FFFF/model_run_tool_internal/PROFILING_TOOL: hiai_maint_wrapper.cpp PurgeProfData(129)::"Delete file origin_format_13_0__vision_model_encoder_layers_0_attn_Gather_float16_1025_1024_2099232_0.dump\n"
03-06 07:28:06.980 11651 11651 I A0FFFF/model_run_tool_internal/PROFILING_TOOL: hiai_maint_wrapper.cpp PurgeProfData(129)::"Delete file origin_format_140_0__vision_model_encoder_layers_4_Add_float16_1_1025_1024_2099232_0.dump\n"
03-06 07:28:06.981 11651 11651 I A0FFFF/model_run_tool_internal/PROFILING_TOOL: hiai_maint_wrapper.cpp PurgeProfData(129)::"Delete file origin_format_141_0__vision_model_encoder_layers_4_norm2_LayerNormalization_float16_1_1025_1024_2099232_0.dump\n"
03-06 07:28:06.982 11651 11651 I A0FFFF/model_run_tool_internal/PROFILING_TOOL: hiai_maint_wrapper.cpp PurgeProfData(129)::"Delete file origin_format_144_0__vision_model_encoder_layers_4_mlp_fc1_Add_float16_1_1025_4096_8396832_0.dump\n"
03-06 07:28:06.985 11651 11651 I A0FFFF/model_run_tool_internal/PROFILING_TOOL: hiai_maint_wrapper.cpp PurgeProfData(129)::"Delete file origin_format_146_0__vision_model_encoder_layers_4_mlp_act_Erf_float16_1_1025_4096_8396832_0.dump\n"
03-06 07:28:06.988 11651 11651 I A0FFFF/model_run_tool_internal/PROFILING_TOOL: hiai_maint_wrapper.cpp PurgeProfData(129)::"Delete file origin_format_14_0__vision_model_encoder_layers_0_attn_Slice_float16_1025_64_131232_0.dump\n"
03-06 07:28:06.988 11651 11651 I A0FFFF/model_run_tool_internal/PROFILING_TOOL: hiai_maint_wrapper.cpp PurgeProfData(129)::"Delete file origin_format_151_0__vision_model_encoder_layers_4_mlp_fc2_Add_float16_1_1025_1024_2099232_0.dump\n"
03-06 07:28:06.989 11651 11651 I A0FFFF/model_run_tool_internal/PROFILING_TOOL: hiai_maint_wrapper.cpp PurgeProfData(129)::"Delete file origin_format_152_0__vision_model_encoder_layers_4_Mul_1_float16_1_1025_1024_2099232_0.dump\n"
03-06 07:28:06.990 11651 11651 I A0FFFF/model_run_tool_internal/PROFILING_TOOL: hiai_maint_wrapper.cpp PurgeProfData(129)::"Delete file origin_format_153_0__vision_model_encoder_layers_4_Add_1_float16_1_1025_1024_2099232_0.dump\n"
03-06 07:28:06.991 11651 11651 I A0FFFF/model_run_tool_internal/PROFILING_TOOL: hiai_maint_wrapper.cpp PurgeProfData(129)::"Delete file origin_format_154_0__vision_model_encoder_layers_5_norm1_LayerNormalization_float16_1_1025_1024_2099232_0.dump\n"
03-06 07:28:06.992 11651 11651 I A0FFFF/model_run_tool_internal/PROFILING_TOOL: hiai_maint_wrapper.cpp PurgeProfData(129)::"Delete file origin_format_157_0__vision_model_encoder_layers_5_attn_q_proj_Add_float16_1_1025_1024_2099232_0.dump\n"
03-06 07:28:06.994 11651 11651 I A0FFFF/model_run_tool_internal/PROFILING_TOOL: hiai_maint_wrapper.cpp PurgeProfData(129)::"Delete file origin_format_158_0__vision_model_encoder_layers_5_attn_Gather_float16_1025_1024_2099232_0.dump\n"
03-06 07:28:06.995 11651 11651 I A0FFFF/model_run_tool_internal/PROFILING_TOOL: hiai_maint_wrapper.cpp PurgeProfData(129)::"Delete file origin_format_159_0__vision_model_encoder_layers_5_attn_Slice_float16_1025_64_131232_0.dump\n"
03-06 07:28:06.995 11651 11651 I A0FFFF/model_run_tool_internal/PROFILING_TOOL: hiai_maint_wrapper.cpp PurgeProfData(129)::"Delete file origin_format_15_0__vision_model_encoder_layers_0_attn_Mul_float16_1025_64_131232_0.dump\n"
03-06 07:28:06.996 11651 11651 I A0FFFF/model_run_tool_internal/PROFILING_TOOL: hiai_maint_wrapper.cpp PurgeProfData(129)::"Delete file origin_format_160_0__vision_model_encoder_layers_5_attn_Mul_float16_1025_64_131232_0.dump\n"
03-06 07:28:06.997 11651 11651 I A0FFFF/model_run_tool_internal/PROFILING_TOOL: hiai_maint_wrapper.cpp PurgeProfData(129)::"Delete file origin_format_162_0__vision_model_encoder_layers_5_attn_Softmax_float16_1025_1025_2101312_0.dump\n"
03-06 07:28:06.998 11651 11651 I A0FFFF/model_run_tool_internal/PROFILING_TOOL: hiai_maint_wrapper.cpp PurgeProfData(129)::"Delete file origin_format_164_0__vision_model_encoder_layers_5_attn_Concat_float16_1025_1024_2099232_0.dump\n"
03-06 07:28:06.999 11651 11651 I A0FFFF/model_run_tool_internal/PROFILING_TOOL: hiai_maint_wrapper.cpp PurgeProfData(129)::"Delete file origin_format_165_0__vision_model_encoder_layers_5_attn_Unsqueeze_float16_1_1025_1024_2099232_0.dump\n"
03-06 07:28:07.000 11651 11651 I A0FFFF/model_run_tool_internal/PROFILING_TOOL: hiai_maint_wrapper.cpp PurgeProfData(129)::"Delete file origin_format_167_0__vision_model_encoder_layers_5_attn_proj_Add_float16_1_1025_1024_2099232_0.dump\n"
03-06 07:28:07.001 11651 11651 I A0FFFF/model_run_tool_internal/PROFILING_TOOL: hiai_maint_wrapper.cpp PurgeProfData(129)::"Delete file origin_format_168_0__vision_model_encoder_layers_5_Mul_float16_1_1025_1024_2099232_0.dump\n"
03-06 07:28:07.002 11651 11651 I A0FFFF/model_run_tool_internal/PROFILING_TOOL: hiai_maint_wrapper.cpp PurgeProfData(129)::"Delete file origin_format_169_0__vision_model_encoder_layers_5_Add_float16_1_1025_1024_2099232_0.dump\n"
03-06 07:28:07.003 11651 11651 I A0FFFF/model_run_tool_internal/PROFILING_TOOL: hiai_maint_wrapper.cpp PurgeProfData(129)::"Delete file origin_format_170_0__vision_model_encoder_layers_5_norm2_LayerNormalization_float16_1_1025_1024_2099232_0.dump\n"
03-06 07:28:07.004 11651 11651 I A0FFFF/model_run_tool_internal/PROFILING_TOOL: hiai_maint_wrapper.cpp PurgeProfData(129)::"Delete file origin_format_173_0__vision_model_encoder_layers_5_mlp_fc1_Add_float16_1_1025_4096_8396832_0.dump\n"
03-06 07:28:07.008  1176  1773 W C02160/hiaiserver/RUNTIME: PrimaryContextRetain:286 Context incRef, count = 0x3
03-06 07:28:07.008  1176  1773 W C02160/hiaiserver/RUNTIME: PrimaryContextRelease:317 Context tryDecRef, count = 0x2, reset:0
03-06 07:28:07.010 11651 11651 I A0FFFF/model_run_tool_internal/PROFILING_TOOL: hiai_maint_wrapper.cpp PurgeProfData(129)::"Delete file origin_format_175_0__vision_model_encoder_layers_5_mlp_act_Erf_float16_1_1025_4096_8396832_0.dump\n"
03-06 07:28:07.014 11651 11651 I A0FFFF/model_run_tool_internal/PROFILING_TOOL: hiai_maint_wrapper.cpp PurgeProfData(129)::"Delete file origin_format_17_0__vision_model_encoder_layers_0_attn_Softmax_float16_1025_1025_2101312_0.dump\n"
03-06 07:28:07.016 11651 11651 I A0FFFF/model_run_tool_internal/PROFILING_TOOL: hiai_maint_wrapper.cpp PurgeProfData(129)::"Delete file origin_format_180_0__vision_model_encoder_layers_5_mlp_fc2_Add_float16_1_1025_1024_2099232_0.dump\n"
03-06 07:28:07.017 11651 11651 I A0FFFF/model_run_tool_internal/PROFILING_TOOL: hiai_maint_wrapper.cpp PurgeProfData(129)::"Delete file origin_format_181_0__vision_model_encoder_layers_5_Mul_1_float16_1_1025_1024_2099232_0.dump\n"
03-06 07:28:07.017 11651 11651 I A0FFFF/model_run_tool_internal/PROFILING_TOOL: hiai_maint_wrapper.cpp PurgeProfData(129)::"Delete file origin_format_182_0__vision_model_encoder_layers_5_Add_1_float16_1_1025_1024_2099232_0.dump\n"
03-06 07:28:07.018 11651 11651 I A0FFFF/model_run_tool_internal/PROFILING_TOOL: hiai_maint_wrapper.cpp PurgeProfData(129)::"Delete file origin_format_183_0__vision_model_encoder_layers_6_norm1_LayerNormalization_float16_1_1025_1024_2099232_0.dump\n"
03-06 07:28:07.019 11651 11651 I A0FFFF/model_run_tool_internal/PROFILING_TOOL: hiai_maint_wrapper.cpp PurgeProfData(129)::"Delete file origin_format_186_0__vision_model_encoder_layers_6_attn_q_proj_Add_float16_1_1025_1024_2099232_0.dump\n"
03-06 07:28:07.020 11651 11651 I A0FFFF/model_run_tool_internal/PROFILING_TOOL: hiai_maint_wrapper.cpp PurgeProfData(129)::"Delete file origin_format_187_0__vision_model_encoder_layers_6_attn_Gather_float16_1025_1024_2099232_0.dump\n"
03-06 07:28:07.021 11651 11651 I A0FFFF/model_run_tool_internal/PROFILING_TOOL: hiai_maint_wrapper.cpp PurgeProfData(129)::"Delete file origin_format_188_0__vision_model_encoder_layers_6_attn_Slice_float16_1025_64_131232_0.dump\n"
03-06 07:28:07.022 11651 11651 I A0FFFF/model_run_tool_internal/PROFILING_TOOL: hiai_maint_wrapper.cpp PurgeProfData(129)::"Delete file origin_format_189_0__vision_model_encoder_layers_6_attn_Mul_float16_1025_64_131232_0.dump\n"
03-06 07:28:07.022 11651 11651 I A0FFFF/model_run_tool_internal/PROFILING_TOOL: hiai_maint_wrapper.cpp PurgeProfData(129)::"Delete file origin_format_191_0__vision_model_encoder_layers_6_attn_Softmax_float16_1025_1025_2101312_0.dump\n"
03-06 07:28:07.023 11651 11651 I A0FFFF/model_run_tool_internal/PROFILING_TOOL: hiai_maint_wrapper.cpp PurgeProfData(129)::"Delete file origin_format_193_0__vision_model_encoder_layers_6_attn_Concat_float16_1025_1024_2099232_0.dump\n"
03-06 07:28:07.024 11651 11651 I A0FFFF/model_run_tool_internal/PROFILING_TOOL: hiai_maint_wrapper.cpp PurgeProfData(129)::"Delete file origin_format_194_0__vision_model_encoder_layers_6_attn_Unsqueeze_float16_1_1025_1024_2099232_0.dump\n"
03-06 07:28:07.025 11651 11651 I A0FFFF/model_run_tool_internal/PROFILING_TOOL: hiai_maint_wrapper.cpp PurgeProfData(129)::"Delete file origin_format_196_0__vision_model_encoder_layers_6_attn_proj_Add_float16_1_1025_1024_2099232_0.dump\n"
03-06 07:28:07.026 11651 11651 I A0FFFF/model_run_tool_internal/PROFILING_TOOL: hiai_maint_wrapper.cpp PurgeProfData(129)::"Delete file origin_format_197_0__vision_model_encoder_layers_6_Mul_float16_1_1025_1024_2099232_0.dump\n"
03-06 07:28:07.027 11651 11651 I A0FFFF/model_run_tool_internal/PROFILING_TOOL: hiai_maint_wrapper.cpp PurgeProfData(129)::"Delete file origin_format_198_0__vision_model_encoder_layers_6_Add_float16_1_1025_1024_2099232_0.dump\n"
03-06 07:28:07.028 11651 11651 I A0FFFF/model_run_tool_internal/PROFILING_TOOL: hiai_maint_wrapper.cpp PurgeProfData(129)::"Delete file origin_format_199_0__vision_model_encoder_layers_6_norm2_LayerNormalization_float16_1_1025_1024_2099232_0.dump\n"
03-06 07:28:07.029 11651 11651 I A0FFFF/model_run_tool_internal/PROFILING_TOOL: hiai_maint_wrapper.cpp PurgeProfData(129)::"Delete file origin_format_19_0__vision_model_encoder_layers_0_attn_Concat_float16_1025_1024_2099232_0.dump\n"
03-06 07:28:07.030 11651 11651 I A0FFFF/model_run_tool_internal/PROFILING_TOOL: hiai_maint_wrapper.cpp PurgeProfData(129)::"Delete file origin_format_1_0__vision_model_embeddings_patch_embedding_Conv_float16_1_1024_32_32_2097184_0.dump\n"
03-06 07:28:07.031 11651 11651 I A0FFFF/model_run_tool_internal/PROFILING_TOOL: hiai_maint_wrapper.cpp PurgeProfData(129)::"Delete file origin_format_202_0__vision_model_encoder_layers_6_mlp_fc1_Add_float16_1_1025_4096_8396832_0.dump\n"
03-06 07:28:07.034 11651 11651 I A0FFFF/model_run_tool_internal/PROFILING_TOOL: hiai_maint_wrapper.cpp PurgeProfData(129)::"Delete file origin_format_204_0__vision_model_encoder_layers_6_mlp_act_Erf_float16_1_1025_4096_8396832_0.dump\n"
03-06 07:28:07.037 11651 11651 I A0FFFF/model_run_tool_internal/PROFILING_TOOL: hiai_maint_wrapper.cpp PurgeProfData(129)::"Delete file origin_format_20765_0_transdata_for_nd_1_float16_1_1024_32_32_2097184_0.dump\n"
03-06 07:28:07.038 11651 11651 I A0FFFF/model_run_tool_internal/PROFILING_TOOL: hiai_maint_wrapper.cpp PurgeProfData(129)::"Delete file origin_format_20766_0_transdata_for_nd_0_float16_1_3_448_448_6422560_0.dump\n"
03-06 07:28:07.041 11651 11651 I A0FFFF/model_run_tool_internal/PROFILING_TOOL: hiai_maint_wrapper.cpp PurgeProfData(129)::"Delete file origin_format_20769_0__vision_model_encoder_layers_0_attn_v_proj_MatMul_input_0_0_QuantizeV2_int8_1_1025_1024_1049632_0.dump\n"
03-06 07:28:07.041 11651 11651 I A0FFFF/model_run_tool_internal/PROFILING_TOOL: hiai_maint_wrapper.cpp PurgeProfData(129)::"Delete file origin_format_20797_0__vision_model_encoder_layers_0_attn_q_proj_MatMul_fixpipe_float16_1_1025_1024_2099232_0.dump\n"
03-06 07:28:07.042 11651 11651 I A0FFFF/model_run_tool_internal/PROFILING_TOOL: hiai_maint_wrapper.cpp PurgeProfData(129)::"Delete file origin_format_20806_0__vision_model_encoder_layers_0_attn_k_proj_MatMul_fixpipe_float16_1_1025_1024_2099232_0.dump\n"
03-06 07:28:07.043 11651 11651 I A0FFFF/model_run_tool_internal/PROFILING_TOOL: hiai_maint_wrapper.cpp PurgeProfData(129)::"Delete file origin_format_20815_0__vision_model_encoder_layers_0_attn_v_proj_MatMul_fixpipe_float16_1_1025_1024_2099232_0.dump\n"
03-06 07:28:07.044 11651 11651 I A0FFFF/model_run_tool_internal/PROFILING_TOOL: hiai_maint_wrapper.cpp PurgeProfData(129)::"Delete file origin_format_209_0__vision_model_encoder_layers_6_mlp_fc2_Add_float16_1_1025_1024_2099232_0.dump\n"
03-06 07:28:07.045 11651 11651 I A0FFFF/model_run_tool_internal/PROFILING_TOOL: hiai_maint_wrapper.cpp PurgeProfData(129)::"Delete file origin_format_20_0__vision_model_encoder_layers_0_attn_Unsqueeze_float16_1_1025_1024_2099232_0.dump\n"
03-06 07:28:07.046 11651 11651 I A0FFFF/model_run_tool_internal/PROFILING_TOOL: hiai_maint_wrapper.cpp PurgeProfData(129)::"Delete file origin_format_21070_0__vision_model_encoder_layers_0_attn_MatMul_8_float16_1025_1025_2101312_0.dump\n"
03-06 07:28:07.047 11651 11651 I A0FFFF/model_run_tool_internal/PROFILING_TOOL: hiai_maint_wrapper.cpp PurgeProfData(129)::"Delete file origin_format_21071_0__vision_model_encoder_layers_0_attn_MatMul_6_float16_1025_1025_2101312_0.dump\n"
03-06 07:28:07.048 11651 11651 I A0FFFF/model_run_tool_internal/PROFILING_TOOL: hiai_maint_wrapper.cpp PurgeProfData(129)::"Delete file origin_format_21072_0__vision_model_encoder_layers_0_attn_MatMul_4_float16_1025_1025_2101312_0.dump\n"
03-06 07:28:07.049 11651 11651 I A0FFFF/model_run_tool_internal/PROFILING_TOOL: hiai_maint_wrapper.cpp PurgeProfData(129)::"Delete file origin_format_21073_0__vision_model_encoder_layers_0_attn_MatMul_30_float16_1025_1025_2101312_0.dump\n"
03-06 07:28:07.050 11651 11651 I A0FFFF/model_run_tool_internal/PROFILING_TOOL: hiai_maint_wrapper.cpp PurgeProfData(129)::"Delete file origin_format_21074_0__vision_model_encoder_layers_0_attn_MatMul_28_float16_1025_1025_2101312_0.dump\n"
03-06 07:28:07.051 11651 11651 I A0FFFF/model_run_tool_internal/PROFILING_TOOL: hiai_maint_wrapper.cpp PurgeProfData(129)::"Delete file origin_format_21075_0__vision_model_encoder_layers_0_attn_MatMul_26_float16_1025_1025_2101312_0.dump\n"
03-06 07:28:07.051 11651 11651 I A0FFFF/model_run_tool_internal/PROFILING_TOOL: hiai_maint_wrapper.cpp PurgeProfData(129)::"Delete file origin_format_21076_0__vision_model_encoder_layers_0_attn_MatMul_24_float16_1025_1025_2101312_0.dump\n"
03-06 07:28:07.052 11651 11651 I A0FFFF/model_run_tool_internal/PROFILING_TOOL: hiai_maint_wrapper.cpp PurgeProfData(129)::"Delete file origin_format_21077_0__vision_model_encoder_layers_0_attn_MatMul_22_float16_1025_1025_2101312_0.dump\n"
03-06 07:28:07.053 11651 11651 I A0FFFF/model_run_tool_internal/PROFILING_TOOL: hiai_maint_wrapper.cpp PurgeProfData(129)::"Delete file origin_format_21078_0__vision_model_encoder_layers_0_attn_MatMul_20_float16_1025_1025_2101312_0.dump\n"
03-06 07:28:07.054 11651 11651 I A0FFFF/model_run_tool_internal/PROFILING_TOOL: hiai_maint_wrapper.cpp PurgeProfData(129)::"Delete file origin_format_21079_0__vision_model_encoder_layers_0_attn_MatMul_2_float16_1025_1025_2101312_0.dump\n"
03-06 07:28:07.055 11651 11651 I A0FFFF/model_run_tool_internal/PROFILING_TOOL: hiai_maint_wrapper.cpp PurgeProfData(129)::"Delete file origin_format_21080_0__vision_model_encoder_layers_0_attn_MatMul_18_float16_1025_1025_2101312_0.dump\n"
03-06 07:28:07.056 11651 11651 I A0FFFF/model_run_tool_internal/PROFILING_TOOL: hiai_maint_wrapper.cpp PurgeProfData(129)::"Delete file origin_format_21081_0__vision_model_encoder_layers_0_attn_MatMul_16_float16_1025_1025_2101312_0.dump\n"
03-06 07:28:07.057 11651 11651 I A0FFFF/model_run_tool_internal/PROFILING_TOOL: hiai_maint_wrapper.cpp PurgeProfData(129)::"Delete file origin_format_21082_0__vision_model_encoder_layers_0_attn_MatMul_14_float16_1025_1025_2101312_0.dump\n"
03-06 07:28:07.058 11651 11651 I A0FFFF/model_run_tool_internal/PROFILING_TOOL: hiai_maint_wrapper.cpp PurgeProfData(129)::"Delete file origin_format_21083_0__vision_model_encoder_layers_0_attn_MatMul_12_float16_1025_1025_2101312_0.dump\n"
03-06 07:28:07.059 11651 11651 I A0FFFF/model_run_tool_internal/PROFILING_TOOL: hiai_maint_wrapper.cpp PurgeProfData(129)::"Delete file origin_format_21084_0__vision_model_encoder_layers_0_attn_MatMul_10_float16_1025_1025_2101312_0.dump\n"
03-06 07:28:07.060 11651 11651 I A0FFFF/model_run_tool_internal/PROFILING_TOOL: hiai_maint_wrapper.cpp PurgeProfData(129)::"Delete file origin_format_21085_0__vision_model_encoder_layers_0_attn_MatMul_float16_1025_1025_2101312_0.dump\n"
03-06 07:28:07.061 11651 11651 I A0FFFF/model_run_tool_internal/PROFILING_TOOL: hiai_maint_wrapper.cpp PurgeProfData(129)::"Delete file origin_format_210_0__vision_model_encoder_layers_6_Mul_1_float16_1_1025_1024_2099232_0.dump\n"
03-06 07:28:07.062 11651 11651 I A0FFFF/model_run_tool_internal/PROFILING_TOOL: hiai_maint_wrapper.cpp PurgeProfData(129)::"Delete file origin_format_21166_0__vision_model_encoder_layers_0_attn_MatMul_9_float16_1025_64_131232_0.dump\n"
03-06 07:28:07.062 11651 11651 I A0FFFF/model_run_tool_internal/PROFILING_TOOL: hiai_maint_wrapper.cpp PurgeProfData(129)::"Delete file origin_format_21167_0__vision_model_encoder_layers_0_attn_MatMul_7_float16_1025_64_131232_0.dump\n"
03-06 07:28:07.062 11651 11651 I A0FFFF/model_run_tool_internal/PROFILING_TOOL: hiai_maint_wrapper.cpp PurgeProfData(129)::"Delete file origin_format_21168_0__vision_model_encoder_layers_0_attn_MatMul_5_float16_1025_64_131232_0.dump\n"
03-06 07:28:07.063 11651 11651 I A0FFFF/model_run_tool_internal/PROFILING_TOOL: hiai_maint_wrapper.cpp PurgeProfData(129)::"Delete file origin_format_21169_0__vision_model_encoder_layers_0_attn_MatMul_31_float16_1025_64_131232_0.dump\n"
03-06 07:28:07.063 11651 11651 I A0FFFF/model_run_tool_internal/PROFILING_TOOL: hiai_maint_wrapper.cpp PurgeProfData(129)::"Delete file origin_format_21170_0__vision_model_encoder_layers_0_attn_MatMul_3_float16_1025_64_131232_0.dump\n"
03-06 07:28:07.063 11651 11651 I A0FFFF/model_run_tool_internal/PROFILING_TOOL: hiai_maint_wrapper.cpp PurgeProfData(129)::"Delete file origin_format_21171_0__vision_model_encoder_layers_0_attn_MatMul_29_float16_1025_64_131232_0.dump\n"
03-06 07:28:07.063 11651 11651 I A0FFFF/model_run_tool_internal/PROFILING_TOOL: hiai_maint_wrapper.cpp PurgeProfData(129)::"Delete file origin_format_21172_0__vision_model_encoder_layers_0_attn_MatMul_27_float16_1025_64_131232_0.dump\n"
03-06 07:28:07.064 11651 11651 I A0FFFF/model_run_tool_internal/PROFILING_TOOL: hiai_maint_wrapper.cpp PurgeProfData(129)::"Delete file origin_format_21173_0__vision_model_encoder_layers_0_attn_MatMul_25_float16_1025_64_131232_0.dump\n"
03-06 07:28:07.064 11651 11651 I A0FFFF/model_run_tool_internal/PROFILING_TOOL: hiai_maint_wrapper.cpp PurgeProfData(129)::"Delete file origin_format_21174_0__vision_model_encoder_layers_0_attn_MatMul_23_float16_1025_64_131232_0.dump\n"
03-06 07:28:07.064 11651 11651 I A0FFFF/model_run_tool_internal/PROFILING_TOOL: hiai_maint_wrapper.cpp PurgeProfData(129)::"Delete file origin_format_21175_0__vision_model_encoder_layers_0_attn_MatMul_21_float16_1025_64_131232_0.dump\n"
03-06 07:28:07.064 11651 11651 I A0FFFF/model_run_tool_internal/PROFILING_TOOL: hiai_maint_wrapper.cpp PurgeProfData(129)::"Delete file origin_format_21176_0__vision_model_encoder_layers_0_attn_MatMul_19_float16_1025_64_131232_0.dump\n"
03-06 07:28:07.065 11651 11651 I A0FFFF/model_run_tool_internal/PROFILING_TOOL: hiai_maint_wrapper.cpp PurgeProfData(129)::"Delete file origin_format_21177_0__vision_model_encoder_layers_0_attn_MatMul_17_float16_1025_64_131232_0.dump\n"
03-06 07:28:07.065 11651 11651 I A0FFFF/model_run_tool_internal/PROFILING_TOOL: hiai_maint_wrapper.cpp PurgeProfData(129)::"Delete file origin_format_21178_0__vision_model_encoder_layers_0_attn_MatMul_15_float16_1025_64_131232_0.dump\n"
03-06 07:28:07.065 11651 11651 I A0FFFF/model_run_tool_internal/PROFILING_TOOL: hiai_maint_wrapper.cpp PurgeProfData(129)::"Delete file origin_format_21179_0__vision_model_encoder_layers_0_attn_MatMul_13_float16_1025_64_131232_0.dump\n"
03-06 07:28:07.065 11651 11651 I A0FFFF/model_run_tool_internal/PROFILING_TOOL: hiai_maint_wrapper.cpp PurgeProfData(129)::"Delete file origin_format_21180_0__vision_model_encoder_layers_0_attn_MatMul_11_float16_1025_64_131232_0.dump\n"
03-06 07:28:07.065 11651 11651 I A0FFFF/model_run_tool_internal/PROFILING_TOOL: hiai_maint_wrapper.cpp PurgeProfData(129)::"Delete file origin_format_21181_0__vision_model_encoder_layers_0_attn_MatMul_1_float16_1025_64_131232_0.dump\n"
03-06 07:28:07.066 11651 11651 I A0FFFF/model_run_tool_internal/PROFILING_TOOL: hiai_maint_wrapper.cpp PurgeProfData(129)::"Delete file origin_format_211_0__vision_model_encoder_layers_6_Add_1_float16_1_1025_1024_2099232_0.dump\n"
03-06 07:28:07.067 11651 11651 I A0FFFF/model_run_tool_internal/PROFILING_TOOL: hiai_maint_wrapper.cpp PurgeProfData(129)::"Delete file origin_format_21247_0__vision_model_encoder_layers_0_attn_proj_MatMul_input_0_0_QuantizeV2_int8_1_1025_1024_1049632_0.dump\n"
03-06 07:28:07.067 11651 11651 I A0FFFF/model_run_tool_internal/PROFILING_TOOL: hiai_maint_wrapper.cpp PurgeProfData(129)::"Delete file origin_format_21257_0__vision_model_encoder_layers_0_attn_proj_MatMul_fixpipe_float16_1_1025_1024_2099232_0.dump\n"
03-06 07:28:07.068 11651 11651 I A0FFFF/model_run_tool_internal/PROFILING_TOOL: hiai_maint_wrapper.cpp PurgeProfData(129)::"Delete file origin_format_21271_0__vision_model_encoder_layers_0_mlp_fc1_MatMul_input_0_0_QuantizeV2_int8_1_1025_1024_1049632_0.dump\n"
03-06 07:28:07.069 11651 11651 I A0FFFF/model_run_tool_internal/PROFILING_TOOL: hiai_maint_wrapper.cpp PurgeProfData(129)::"Delete file origin_format_21281_0__vision_model_encoder_layers_0_mlp_fc1_MatMul_fixpipe_float16_1_1025_4096_8396832_0.dump\n"
03-06 07:28:07.071 11651 11651 I A0FFFF/model_run_tool_internal/PROFILING_TOOL: hiai_maint_wrapper.cpp PurgeProfData(129)::"Delete file origin_format_21293_0__vision_model_encoder_layers_0_mlp_fc2_MatMul_input_0_0_QuantizeV2_int8_1_1025_4096_4198432_0.dump\n"
03-06 07:28:07.073 11651 11651 I A0FFFF/model_run_tool_internal/PROFILING_TOOL: hiai_maint_wrapper.cpp PurgeProfData(129)::"Delete file origin_format_212_0__vision_model_encoder_layers_7_norm1_LayerNormalization_float16_1_1025_1024_2099232_0.dump\n"
03-06 07:28:07.074 11651 11651 I A0FFFF/model_run_tool_internal/PROFILING_TOOL: hiai_maint_wrapper.cpp PurgeProfData(129)::"Delete file origin_format_21303_0__vision_model_encoder_layers_0_mlp_fc2_MatMul_fixpipe_float16_1_1025_1024_2099232_0.dump\n"
03-06 07:28:07.075 11651 11651 I A0FFFF/model_run_tool_internal/PROFILING_TOOL: hiai_maint_wrapper.cpp PurgeProfData(129)::"Delete file origin_format_21317_0__vision_model_encoder_layers_1_attn_v_proj_MatMul_input_0_0_QuantizeV2_int8_1_1025_1024_1049632_0.dump\n"
03-06 07:28:07.075 11651 11651 I A0FFFF/model_run_tool_internal/PROFILING_TOOL: hiai_maint_wrapper.cpp PurgeProfData(129)::"Delete file origin_format_21345_0__vision_model_encoder_layers_1_attn_q_proj_MatMul_fixpipe_float16_1_1025_1024_2099232_0.dump\n"
03-06 07:28:07.076 11651 11651 I A0FFFF/model_run_tool_internal/PROFILING_TOOL: hiai_maint_wrapper.cpp PurgeProfData(129)::"Delete file origin_format_21354_0__vision_model_encoder_layers_1_attn_k_proj_MatMul_fixpipe_float16_1_1025_1024_2099232_0.dump\n"
03-06 07:28:07.077 11651 11651 I A0FFFF/model_run_tool_internal/PROFILING_TOOL: hiai_maint_wrapper.cpp PurgeProfData(129)::"Delete file origin_format_21363_0__vision_model_encoder_layers_1_attn_v_proj_MatMul_fixpipe_float16_1_1025_1024_2099232_0.dump\n"
03-06 07:28:07.078 11651 11651 I A0FFFF/model_run_tool_internal/PROFILING_TOOL: hiai_maint_wrapper.cpp PurgeProfData(129)::"Delete file origin_format_215_0__vision_model_encoder_layers_7_attn_q_proj_Add_float16_1_1025_1024_2099232_0.dump\n"
03-06 07:28:07.079 11651 11651 I A0FFFF/model_run_tool_internal/PROFILING_TOOL: hiai_maint_wrapper.cpp PurgeProfData(129)::"Delete file origin_format_21618_0__vision_model_encoder_layers_1_attn_MatMul_8_float16_1025_1025_2101312_0.dump\n"
03-06 07:28:07.080 11651 11651 I A0FFFF/model_run_tool_internal/PROFILING_TOOL: hiai_maint_wrapper.cpp PurgeProfData(129)::"Delete file origin_format_21619_0__vision_model_encoder_layers_1_attn_MatMul_6_float16_1025_1025_2101312_0.dump\n"
03-06 07:28:07.081 11651 11651 I A0FFFF/model_run_tool_internal/PROFILING_TOOL: hiai_maint_wrapper.cpp PurgeProfData(129)::"Delete file origin_format_21620_0__vision_model_encoder_layers_1_attn_MatMul_4_float16_1025_1025_2101312_0.dump\n"
03-06 07:28:07.081 11651 11651 I A0FFFF/model_run_tool_internal/PROFILING_TOOL: hiai_maint_wrapper.cpp PurgeProfData(129)::"Delete file origin_format_21621_0__vision_model_encoder_layers_1_attn_MatMul_30_float16_1025_1025_2101312_0.dump\n"
03-06 07:28:07.082 11651 11651 I A0FFFF/model_run_tool_internal/PROFILING_TOOL: hiai_maint_wrapper.cpp PurgeProfData(129)::"Delete file origin_format_21622_0__vision_model_encoder_layers_1_attn_MatMul_28_float16_1025_1025_2101312_0.dump\n"
03-06 07:28:07.083 11651 11651 I A0FFFF/model_run_tool_internal/PROFILING_TOOL: hiai_maint_wrapper.cpp PurgeProfData(129)::"Delete file origin_format_21623_0__vision_model_encoder_layers_1_attn_MatMul_26_float16_1025_1025_2101312_0.dump\n"
03-06 07:28:07.084 11651 11651 I A0FFFF/model_run_tool_internal/PROFILING_TOOL: hiai_maint_wrapper.cpp PurgeProfData(129)::"Delete file origin_format_21624_0__vision_model_encoder_layers_1_attn_MatMul_24_float16_1025_1025_2101312_0.dump\n"
03-06 07:28:07.085 11651 11651 I A0FFFF/model_run_tool_internal/PROFILING_TOOL: hiai_maint_wrapper.cpp PurgeProfData(129)::"Delete file origin_format_21625_0__vision_model_encoder_layers_1_attn_MatMul_22_float16_1025_1025_2101312_0.dump\n"
03-06 07:28:07.086 11651 11651 I A0FFFF/model_run_tool_internal/PROFILING_TOOL: hiai_maint_wrapper.cpp PurgeProfData(129)::"Delete file origin_format_21626_0__vision_model_encoder_layers_1_attn_MatMul_20_float16_1025_1025_2101312_0.dump\n"
03-06 07:28:07.087 11651 11651 I A0FFFF/model_run_tool_internal/PROFILING_TOOL: hiai_maint_wrapper.cpp PurgeProfData(129)::"Delete file origin_format_21627_0__vision_model_encoder_layers_1_attn_MatMul_2_float16_1025_1025_2101312_0.dump\n"
03-06 07:28:07.088 11651 11651 I A0FFFF/model_run_tool_internal/PROFILING_TOOL: hiai_maint_wrapper.cpp PurgeProfData(129)::"Delete file origin_format_21628_0__vision_model_encoder_layers_1_attn_MatMul_18_float16_1025_1025_2101312_0.dump\n"
03-06 07:28:07.088 11651 11651 I A0FFFF/model_run_tool_internal/PROFILING_TOOL: hiai_maint_wrapper.cpp PurgeProfData(129)::"Delete file origin_format_21629_0__vision_model_encoder_layers_1_attn_MatMul_16_float16_1025_1025_2101312_0.dump\n"
03-06 07:28:07.089 11651 11651 I A0FFFF/model_run_tool_internal/PROFILING_TOOL: hiai_maint_wrapper.cpp PurgeProfData(129)::"Delete file origin_format_21630_0__vision_model_encoder_layers_1_attn_MatMul_14_float16_1025_1025_2101312_0.dump\n"
03-06 07:28:07.091 11651 11651 I A0FFFF/model_run_tool_internal/PROFILING_TOOL: hiai_maint_wrapper.cpp PurgeProfData(129)::"Delete file origin_format_21631_0__vision_model_encoder_layers_1_attn_MatMul_12_float16_1025_1025_2101312_0.dump\n"
03-06 07:28:07.092 11651 11651 I A0FFFF/model_run_tool_internal/PROFILING_TOOL: hiai_maint_wrapper.cpp PurgeProfData(129)::"Delete file origin_format_21632_0__vision_model_encoder_layers_1_attn_MatMul_10_float16_1025_1025_2101312_0.dump\n"
03-06 07:28:07.093 11651 11651 I A0FFFF/model_run_tool_internal/PROFILING_TOOL: hiai_maint_wrapper.cpp PurgeProfData(129)::"Delete file origin_format_21633_0__vision_model_encoder_layers_1_attn_MatMul_float16_1025_1025_2101312_0.dump\n"
03-06 07:28:07.098 11651 11651 I A0FFFF/model_run_tool_internal/PROFILING_TOOL: hiai_maint_wrapper.cpp PurgeProfData(129)::"Delete file origin_format_216_0__vision_model_encoder_layers_7_attn_Gather_float16_1025_1024_2099232_0.dump\n"
03-06 07:28:07.099 11651 11651 I A0FFFF/model_run_tool_internal/PROFILING_TOOL: hiai_maint_wrapper.cpp PurgeProfData(129)::"Delete file origin_format_21714_0__vision_model_encoder_layers_1_attn_MatMul_9_float16_1025_64_131232_0.dump\n"
03-06 07:28:07.099 11651 11651 I A0FFFF/model_run_tool_internal/PROFILING_TOOL: hiai_maint_wrapper.cpp PurgeProfData(129)::"Delete file origin_format_21715_0__vision_model_encoder_layers_1_attn_MatMul_7_float16_1025_64_131232_0.dump\n"
03-06 07:28:07.099 11651 11651 I A0FFFF/model_run_tool_internal/PROFILING_TOOL: hiai_maint_wrapper.cpp PurgeProfData(129)::"Delete file origin_format_21716_0__vision_model_encoder_layers_1_attn_MatMul_5_float16_1025_64_131232_0.dump\n"
03-06 07:28:07.100 11651 11651 I A0FFFF/model_run_tool_internal/PROFILING_TOOL: hiai_maint_wrapper.cpp PurgeProfData(129)::"Delete file origin_format_21717_0__vision_model_encoder_layers_1_attn_MatMul_31_float16_1025_64_131232_0.dump\n"
03-06 07:28:07.100 11651 11651 I A0FFFF/model_run_tool_internal/PROFILING_TOOL: hiai_maint_wrapper.cpp PurgeProfData(129)::"Delete file origin_format_21718_0__vision_model_encoder_layers_1_attn_MatMul_3_float16_1025_64_131232_0.dump\n"
03-06 07:28:07.100 11651 11651 I A0FFFF/model_run_tool_internal/PROFILING_TOOL: hiai_maint_wrapper.cpp PurgeProfData(129)::"Delete file origin_format_21719_0__vision_model_encoder_layers_1_attn_MatMul_29_float16_1025_64_131232_0.dump\n"
03-06 07:28:07.100 11651 11651 I A0FFFF/model_run_tool_internal/PROFILING_TOOL: hiai_maint_wrapper.cpp PurgeProfData(129)::"Delete file origin_format_21720_0__vision_model_encoder_layers_1_attn_MatMul_27_float16_1025_64_131232_0.dump\n"
03-06 07:28:07.101 11651 11651 I A0FFFF/model_run_tool_internal/PROFILING_TOOL: hiai_maint_wrapper.cpp PurgeProfData(129)::"Delete file origin_format_21721_0__vision_model_encoder_layers_1_attn_MatMul_25_float16_1025_64_131232_0.dump\n"
03-06 07:28:07.101 11651 11651 I A0FFFF/model_run_tool_internal/PROFILING_TOOL: hiai_maint_wrapper.cpp PurgeProfData(129)::"Delete file origin_format_21722_0__vision_model_encoder_layers_1_attn_MatMul_23_float16_1025_64_131232_0.dump\n"
03-06 07:28:07.101 11651 11651 I A0FFFF/model_run_tool_internal/PROFILING_TOOL: hiai_maint_wrapper.cpp PurgeProfData(129)::"Delete file origin_format_21723_0__vision_model_encoder_layers_1_attn_MatMul_21_float16_1025_64_131232_0.dump\n"
03-06 07:28:07.101 11651 11651 I A0FFFF/model_run_tool_internal/PROFILING_TOOL: hiai_maint_wrapper.cpp PurgeProfData(129)::"Delete file origin_format_21724_0__vision_model_encoder_layers_1_attn_MatMul_19_float16_1025_64_131232_0.dump\n"
03-06 07:28:07.102 11651 11651 I A0FFFF/model_run_tool_internal/PROFILING_TOOL: hiai_maint_wrapper.cpp PurgeProfData(129)::"Delete file origin_format_21725_0__vision_model_encoder_layers_1_attn_MatMul_17_float16_1025_64_131232_0.dump\n"
03-06 07:28:07.102 11651 11651 I A0FFFF/model_run_tool_internal/PROFILING_TOOL: hiai_maint_wrapper.cpp PurgeProfData(129)::"Delete file origin_format_21726_0__vision_model_encoder_layers_1_attn_MatMul_15_float16_1025_64_131232_0.dump\n"
03-06 07:28:07.102 11651 11651 I A0FFFF/model_run_tool_internal/PROFILING_TOOL: hiai_maint_wrapper.cpp PurgeProfData(129)::"Delete file origin_format_21727_0__vision_model_encoder_layers_1_attn_MatMul_13_float16_1025_64_131232_0.dump\n"
03-06 07:28:07.103 11651 11651 I A0FFFF/model_run_tool_internal/PROFILING_TOOL: hiai_maint_wrapper.cpp PurgeProfData(129)::"Delete file origin_format_21728_0__vision_model_encoder_layers_1_attn_MatMul_11_float16_1025_64_131232_0.dump\n"
03-06 07:28:07.103 11651 11651 I A0FFFF/model_run_tool_internal/PROFILING_TOOL: hiai_maint_wrapper.cpp PurgeProfData(129)::"Delete file origin_format_21729_0__vision_model_encoder_layers_1_attn_MatMul_1_float16_1025_64_131232_0.dump\n"
03-06 07:28:07.103 11651 11651 I A0FFFF/model_run_tool_internal/PROFILING_TOOL: hiai_maint_wrapper.cpp PurgeProfData(129)::"Delete file origin_format_21795_0__vision_model_encoder_layers_1_attn_proj_MatMul_input_0_0_QuantizeV2_int8_1_1025_1024_1049632_0.dump\n"
03-06 07:28:07.104 11651 11651 I A0FFFF/model_run_tool_internal/PROFILING_TOOL: hiai_maint_wrapper.cpp PurgeProfData(129)::"Delete file origin_format_21805_0__vision_model_encoder_layers_1_attn_proj_MatMul_fixpipe_float16_1_1025_1024_2099232_0.dump\n"
03-06 07:28:07.105 11651 11651 I A0FFFF/model_run_tool_internal/PROFILING_TOOL: hiai_maint_wrapper.cpp PurgeProfData(129)::"Delete file origin_format_21819_0__vision_model_encoder_layers_1_mlp_fc1_MatMul_input_0_0_QuantizeV2_int8_1_1025_1024_1049632_0.dump\n"
03-06 07:28:07.105 11651 11651 I A0FFFF/model_run_tool_internal/PROFILING_TOOL: hiai_maint_wrapper.cpp PurgeProfData(129)::"Delete file origin_format_21829_0__vision_model_encoder_layers_1_mlp_fc1_MatMul_fixpipe_float16_1_1025_4096_8396832_0.dump\n"
03-06 07:28:07.109 11651 11651 I A0FFFF/model_run_tool_internal/PROFILING_TOOL: hiai_maint_wrapper.cpp PurgeProfData(129)::"Delete file origin_format_21841_0__vision_model_encoder_layers_1_mlp_fc2_MatMul_input_0_0_QuantizeV2_int8_1_1025_4096_4198432_0.dump\n"
03-06 07:28:07.111 11651 11651 I A0FFFF/model_run_tool_internal/PROFILING_TOOL: hiai_maint_wrapper.cpp PurgeProfData(129)::"Delete file origin_format_21851_0__vision_model_encoder_layers_1_mlp_fc2_MatMul_fixpipe_float16_1_1025_1024_2099232_0.dump\n"
03-06 07:28:07.113 11651 11651 I A0FFFF/model_run_tool_internal/PROFILING_TOOL: hiai_maint_wrapper.cpp PurgeProfData(129)::"Delete file origin_format_21865_0__vision_model_encoder_layers_2_attn_v_proj_MatMul_input_0_0_QuantizeV2_int8_1_1025_1024_1049632_0.dump\n"
03-06 07:28:07.113 11651 11651 I A0FFFF/model_run_tool_internal/PROFILING_TOOL: hiai_maint_wrapper.cpp PurgeProfData(129)::"Delete file origin_format_21893_0__vision_model_encoder_layers_2_attn_q_proj_MatMul_fixpipe_float16_1_1025_1024_2099232_0.dump\n"
03-06 07:28:07.114 11651 11651 I A0FFFF/model_run_tool_internal/PROFILING_TOOL: hiai_maint_wrapper.cpp PurgeProfData(129)::"Delete file origin_format_21902_0__vision_model_encoder_layers_2_attn_k_proj_MatMul_fixpipe_float16_1_1025_1024_2099232_0.dump\n"
03-06 07:28:07.115 11651 11651 I A0FFFF/model_run_tool_internal/PROFILING_TOOL: hiai_maint_wrapper.cpp PurgeProfData(129)::"Delete file origin_format_21911_0__vision_model_encoder_layers_2_attn_v_proj_MatMul_fixpipe_float16_1_1025_1024_2099232_0.dump\n"
03-06 07:28:07.116 11651 11651 I A0FFFF/model_run_tool_internal/PROFILING_TOOL: hiai_maint_wrapper.cpp PurgeProfData(129)::"Delete file origin_format_22166_0__vision_model_encoder_layers_2_attn_MatMul_8_float16_1025_1025_2101312_0.dump\n"
03-06 07:28:07.117 11651 11651 I A0FFFF/model_run_tool_internal/PROFILING_TOOL: hiai_maint_wrapper.cpp PurgeProfData(129)::"Delete file origin_format_22167_0__vision_model_encoder_layers_2_attn_MatMul_6_float16_1025_1025_2101312_0.dump\n"
03-06 07:28:07.118 11651 11651 I A0FFFF/model_run_tool_internal/PROFILING_TOOL: hiai_maint_wrapper.cpp PurgeProfData(129)::"Delete file origin_format_22168_0__vision_model_encoder_layers_2_attn_MatMul_4_float16_1025_1025_2101312_0.dump\n"
